ACCOUNT T1_ALL 5 39241.20276022432 101
ACCOUNT T1_ALL 11 35534.791733292484 101
ACCOUNT T1_ALL 20 29975.175192896073 101
ACCOUNT T1_A_day_ge 5 30602.33792547122 62
ACCOUNT T1_A_day_ge 11 28013.22799043596 62
ACCOUNT T1_A_day_ge 20 24129.563087884075 62
ACCOUNT T1_A_day_lt 5 22630.198062180134 76
ACCOUNT T1_A_day_lt 11 20197.1903271958 76
ACCOUNT T1_A_day_lt 20 16547.678724720055 76
ACCOUNT T1_A_day_avail 5 39241.20276022432 101
ACCOUNT T1_A_day_avail 11 35534.791733292484 101
ACCOUNT T1_A_day_avail 20 29975.175192896073 101
ACCOUNT T1_B_day_ge 5 26528.79812314725 79
ACCOUNT T1_B_day_ge 11 23808.63552772312 79
ACCOUNT T1_B_day_ge 20 19728.39163458807 79
ACCOUNT T1_B_day_lt 5 36935.27416987429 86
ACCOUNT T1_B_day_lt 11 33558.321354522515 86
ACCOUNT T1_B_day_lt 20 28492.892131496075 86
ACCOUNT T1_B_day_avail 5 39241.20276022432 101
ACCOUNT T1_B_day_avail 11 35534.791733292484 101
ACCOUNT T1_B_day_avail 20 29975.175192896073 101
ACCOUNT T1_AB_day_ge 5 18034.933288394153 40
ACCOUNT T1_AB_day_ge 11 16432.071784866654 40
ACCOUNT T1_AB_day_ge 20 14027.779529576015 40
ACCOUNT T1_AB_day_lt 5 20324.269471830135 61
ACCOUNT T1_AB_day_lt 11 18220.71994842586 61
ACCOUNT T1_AB_day_lt 20 15065.395663320029 61
ACCOUNT T1_AB_day_avail 5 39241.20276022432 101
ACCOUNT T1_AB_day_avail 11 35534.791733292484 101
ACCOUNT T1_AB_day_avail 20 29975.175192896073 101
ACCOUNT T1_A_position_ge 5 28826.27488112921 59
ACCOUNT T1_A_position_ge 11 26341.160142483597 59
ACCOUNT T1_A_position_ge 20 22613.48803451599 59
ACCOUNT T1_A_position_lt 5 24514.261106522143 79
ACCOUNT T1_A_position_lt 11 21977.258175148192 79
ACCOUNT T1_A_position_lt 20 18171.753778088052 79
ACCOUNT T1_A_position_avail 5 39241.20276022432 101
ACCOUNT T1_A_position_avail 11 35534.791733292484 101
ACCOUNT T1_A_position_avail 20 29975.175192896073 101
ACCOUNT T1_B_position_ge 5 25273.162083597213 72
ACCOUNT T1_B_position_ge 11 22711.54404071314 72
ACCOUNT T1_B_position_ge 20 18869.11697638803 72
ACCOUNT T1_B_position_lt 5 38190.9102094243 93
ACCOUNT T1_B_position_lt 11 34655.412841532496 93
ACCOUNT T1_B_position_lt 20 29352.166789696086 93
ACCOUNT T1_B_position_avail 5 39241.20276022432 101
ACCOUNT T1_B_position_avail 11 35534.791733292484 101
ACCOUNT T1_B_position_avail 20 29975.175192896073 101
ACCOUNT T1_AB_position_ge 5 15045.234204502136 30
ACCOUNT T1_AB_position_ge 11 13704.912449904281 30
ACCOUNT T1_AB_position_ge 20 11694.429818008008 30
ACCOUNT T1_AB_position_lt 5 23463.968555722124 71
ACCOUNT T1_AB_position_lt 11 21097.879283388203 71
ACCOUNT T1_AB_position_lt 20 17548.745374888065 71
ACCOUNT T1_AB_position_avail 5 39241.20276022432 101
ACCOUNT T1_AB_position_avail 11 35534.791733292484 101
ACCOUNT T1_AB_position_avail 20 29975.175192896073 101
ACCOUNT T1_A_tail_ge 5 23728.149448882206 67
ACCOUNT T1_A_tail_ge 11 21347.473059540236 67
ACCOUNT T1_A_tail_ge 20 17776.458475528052 67
ACCOUNT T1_A_tail_lt 5 29662.386538769206 71
ACCOUNT T1_A_tail_lt 11 27020.945258091553 71
ACCOUNT T1_A_tail_lt 20 23058.783337076078 71
ACCOUNT T1_A_tail_avail 5 39241.20276022432 101
ACCOUNT T1_A_tail_avail 11 35534.791733292484 101
ACCOUNT T1_A_tail_avail 20 29975.175192896073 101
ACCOUNT T1_B_tail_ge 5 31628.871207951277 80
ACCOUNT T1_B_tail_ge 11 28694.679949491925 80
ACCOUNT T1_B_tail_ge 20 24293.393061804032 80
ACCOUNT T1_B_tail_lt 5 31835.201085070235 85
ACCOUNT T1_B_tail_lt 11 28672.27693275374 85
ACCOUNT T1_B_tail_lt 20 23927.890704280027 85
ACCOUNT T1_B_tail_avail 5 39241.20276022432 101
ACCOUNT T1_B_tail_avail 11 35534.791733292484 101
ACCOUNT T1_B_tail_avail 20 29975.175192896073 101
ACCOUNT T1_AB_tail_ge 5 16127.817896609165 46
ACCOUNT T1_AB_tail_ge 11 14519.361275739677 46
ACCOUNT T1_AB_tail_ge 20 12106.67634443604 46
ACCOUNT T1_AB_tail_lt 5 22256.384863615152 55
ACCOUNT T1_AB_tail_lt 11 20158.430457552808 55
ACCOUNT T1_AB_tail_lt 20 17011.498848460033 55
ACCOUNT T1_AB_tail_avail 5 39241.20276022432 101
ACCOUNT T1_AB_tail_avail 11 35534.791733292484 101
ACCOUNT T1_AB_tail_avail 20 29975.175192896073 101
ACCOUNT T05_ALL 5 39141.13855912734 101
ACCOUNT T05_ALL 11 35434.66752367912 101
ACCOUNT T05_ALL 20 29874.96097050808 101
ACCOUNT T05_A_day_ge 5 30502.273724374216 62
ACCOUNT T05_A_day_ge 11 27913.103780822625 62
ACCOUNT T05_A_day_ge 20 24029.348865496053 62
ACCOUNT T05_A_day_lt 5 22530.13386108316 76
ACCOUNT T05_A_day_lt 11 20097.066117582406 76
ACCOUNT T05_A_day_lt 20 16447.464502332034 76
ACCOUNT T05_A_day_avail 5 39141.13855912734 101
ACCOUNT T05_A_day_avail 11 35434.66752367912 101
ACCOUNT T05_A_day_avail 20 29874.96097050808 101
ACCOUNT T05_B_day_ge 5 26628.849123647262 79
ACCOUNT T05_B_day_ge 11 23908.746528823103 79
ACCOUNT T05_B_day_ge 20 19828.59263658806 79
ACCOUNT T05_B_day_lt 5 36735.158968277305 86
ACCOUNT T05_B_day_lt 11 33358.08614380914 86
ACCOUNT T05_B_day_lt 20 28292.476907108066 86
ACCOUNT T05_B_day_avail 5 39141.13855912734 101
ACCOUNT T05_B_day_avail 11 35434.66752367912 101
ACCOUNT T05_B_day_avail 20 29874.96097050808 101
ACCOUNT T05_AB_day_ge 5 18134.984288894164 40
ACCOUNT T05_AB_day_ge 11 16532.182785966637 40
ACCOUNT T05_AB_day_ge 20 14127.980531576031 40
ACCOUNT T05_AB_day_lt 5 20124.15427023315 61
ACCOUNT T05_AB_day_lt 11 18020.484737712453 61
ACCOUNT T05_AB_day_lt 20 14864.98043893202 61
ACCOUNT T05_AB_day_avail 5 39141.13855912734 101
ACCOUNT T05_AB_day_avail 11 35434.66752367912 101
ACCOUNT T05_AB_day_avail 20 29874.96097050808 101
ACCOUNT T05_A_position_ge 5 28726.210680032236 59
ACCOUNT T05_A_position_ge 11 26241.035932870203 59
ACCOUNT T05_A_position_ge 20 22513.273812127998 59
ACCOUNT T05_A_position_lt 5 24414.196905425168 79
ACCOUNT T05_A_position_lt 11 21877.13396553477 79
ACCOUNT T05_A_position_lt 20 18071.53955570006 79
ACCOUNT T05_A_position_avail 5 39141.13855912734 101
ACCOUNT T05_A_position_avail 11 35434.66752367912 101
ACCOUNT T05_A_position_avail 20 29874.96097050808 101
ACCOUNT T05_B_position_ge 5 25273.162083597213 72
ACCOUNT T05_B_position_ge 11 22711.54404071314 72
ACCOUNT T05_B_position_ge 20 18869.11697638803 72
ACCOUNT T05_B_position_lt 5 38090.846008327324 93
ACCOUNT T05_B_position_lt 11 34555.28863191913 93
ACCOUNT T05_B_position_lt 20 29251.952567308093 93
ACCOUNT T05_B_position_avail 5 39141.13855912734 101
ACCOUNT T05_B_position_avail 11 35434.66752367912 101
ACCOUNT T05_B_position_avail 20 29874.96097050808 101
ACCOUNT T05_AB_position_ge 5 15045.234204502136 30
ACCOUNT T05_AB_position_ge 11 13704.912449904281 30
ACCOUNT T05_AB_position_ge 20 11694.429818008008 30
ACCOUNT T05_AB_position_lt 5 23363.90435462515 71
ACCOUNT T05_AB_position_lt 11 20997.75507377478 71
ACCOUNT T05_AB_position_lt 20 17448.531152500043 71
ACCOUNT T05_AB_position_avail 5 39141.13855912734 101
ACCOUNT T05_AB_position_avail 11 35434.66752367912 101
ACCOUNT T05_AB_position_avail 20 29874.96097050808 101
ACCOUNT T05_A_tail_ge 5 23628.08524778523 67
ACCOUNT T05_A_tail_ge 11 21247.348849926842 67
ACCOUNT T05_A_tail_ge 20 17676.24425314006 67
ACCOUNT T05_A_tail_lt 5 29562.3223376722 71
ACCOUNT T05_A_tail_lt 11 26920.82104847816 71
ACCOUNT T05_A_tail_lt 20 22958.569114688056 71
ACCOUNT T05_A_tail_avail 5 39141.13855912734 101
ACCOUNT T05_A_tail_avail 11 35434.66752367912 101
ACCOUNT T05_A_tail_avail 20 29874.96097050808 101
ACCOUNT T05_B_tail_ge 5 31468.789607151295 80
ACCOUNT T05_B_tail_ge 11 28534.502347731905 80
ACCOUNT T05_B_tail_ge 20 24133.071458604012 80
ACCOUNT T05_B_tail_lt 5 31895.21848477327 85
ACCOUNT T05_B_tail_lt 11 28732.330324900337 85
ACCOUNT T05_B_tail_lt 20 23987.998085092026 85
ACCOUNT T05_B_tail_avail 5 39141.13855912734 101
ACCOUNT T05_B_tail_avail 11 35434.66752367912 101
ACCOUNT T05_B_tail_avail 20 29874.96097050808 101
ACCOUNT T05_AB_tail_ge 5 15967.736295809184 46
ACCOUNT T05_AB_tail_ge 11 14359.183673979685 46
ACCOUNT T05_AB_tail_ge 20 11946.35474123605 46
ACCOUNT T05_AB_tail_lt 5 22316.40226331816 55
ACCOUNT T05_AB_tail_lt 11 20218.483849699405 55
ACCOUNT T05_AB_tail_lt 20 17071.60622927203 55
ACCOUNT T05_AB_tail_avail 5 39141.13855912734 101
ACCOUNT T05_AB_tail_avail 11 35434.66752367912 101
ACCOUNT T05_AB_tail_avail 20 29874.96097050808 101
