ACCOUNT S1_F1_open_b5_e0_d0_exdate_reference increment 11271.407257445666
ACCOUNT S1_F1_open_b10_e0_d0_exdate_reference increment 4265.030156890658
ACCOUNT S1_F1_post0935_b5_e0_d0_exdate_reference increment 8099.216504720724
ACCOUNT S1_F1_post0935_b10_e0_d0_exdate_reference increment 1091.254101440718
ACCOUNT S0_open_b5_e0_d0_exdate_reference increment -13935.088326579673
ACCOUNT S0_open_b10_e0_d0_exdate_reference increment -13961.36043247977
ACCOUNT S0_post0935_b5_e0_d0_exdate_reference increment -13781.696779809557
ACCOUNT S0_post0935_b10_e0_d0_exdate_reference increment -13865.906820559729
ACCOUNT S1_F1_open_b5_e0_d0_main increment 11271.407257445666
ACCOUNT S1_F1_open_b5_e0_d1_main increment 11271.407257445666
ACCOUNT S1_F1_open_b5_e0_d3_main increment 11271.407257445666
ACCOUNT S1_F1_open_b10_e0_d0_main increment 4265.030156890658
ACCOUNT S1_F1_open_b10_e0_d1_main increment 4265.030156890658
ACCOUNT S1_F1_open_b10_e0_d3_main increment 4265.030156890658
ACCOUNT S1_F1_post0935_b5_e0_d0_main increment 8099.216504720724
ACCOUNT S1_F1_post0935_b5_e0_d1_main increment 8099.216504720724
ACCOUNT S1_F1_post0935_b5_e0_d3_main increment 8099.216504720724
ACCOUNT S1_F1_post0935_b10_e0_d0_main increment 1091.254101440718
ACCOUNT S1_F1_post0935_b10_e0_d1_main increment 1091.254101440718
ACCOUNT S1_F1_post0935_b10_e0_d3_main increment 1091.254101440718
ACCOUNT S0_open_b5_e0_d0_main increment -13935.088326579673
ACCOUNT S0_open_b5_e0_d1_main increment -12420.086981554654
ACCOUNT S0_open_b5_e0_d3_main increment -13950.51194351467
ACCOUNT S0_open_b10_e0_d0_main increment -13961.36043247977
ACCOUNT S0_open_b10_e0_d1_main increment -13971.544335729763
ACCOUNT S0_open_b10_e0_d3_main increment -12535.389694949728
ACCOUNT S0_post0935_b5_e0_d0_main increment -13781.696779809557
ACCOUNT S0_post0935_b5_e0_d1_main increment -13809.186627299583
ACCOUNT S0_post0935_b5_e0_d3_main increment -13787.606532299586
ACCOUNT S0_post0935_b10_e0_d0_main increment -13865.906820559729
ACCOUNT S0_post0935_b10_e0_d1_main increment -12759.586080959736
ACCOUNT S0_post0935_b10_e0_d3_main increment -12733.559019239729
ACCOUNT S1_F1_open_b5_e1_d0_extra_cost increment 9870.131837334222
ACCOUNT S1_F1_open_b5_e2_d0_extra_cost increment 8468.85641722317
ACCOUNT S1_F1_open_b10_e1_d0_extra_cost increment -12463.685939725226
ACCOUNT S1_F1_open_b10_e2_d0_extra_cost increment -12708.686082512184
ACCOUNT S1_F1_post0935_b5_e1_d0_extra_cost increment 6697.624024064193
ACCOUNT S1_F1_post0935_b5_e2_d0_extra_cost increment 5296.0315434082295
ACCOUNT S1_F1_post0935_b10_e1_d0_extra_cost increment -12588.024386571225
ACCOUNT S1_F1_post0935_b10_e2_d0_extra_cost increment -12604.445798028144
ACCOUNT S1_F1_open_b5_e0_d0_locked_reference increment 11271.407257445666
ACCOUNT S1_F1_open_b10_e0_d0_locked_reference increment -11385.819805569728
ACCOUNT S1_F1_post0935_b5_e0_d0_locked_reference increment 8099.216504720724
ACCOUNT S1_F1_post0935_b10_e0_d0_locked_reference increment -11186.48530461979
/home/runner/work/daily_stock_analysis/daily_stock_analysis/scripts/research/foxconn_b16_accounts.py:318: FutureWarning: Setting an item of incompatible dtype is deprecated and will raise an error in a future version of pandas. Value '[4.42683375e+08 2.98605055e+08 4.13352507e+08 3.46007539e+08
 2.59411409e+08 3.97583215e+08 2.54893514e+08 3.04556023e+08
 1.90294851e+08 1.88499987e+08 2.01833121e+08 2.13295806e+08
 1.90339965e+08 1.36243691e+08 1.17889401e+08 2.15418430e+08
 3.30620786e+08 3.80905549e+08 2.91127520e+08 1.93921686e+08
 2.29469515e+08 2.82572367e+08 3.10373393e+08 2.56896702e+08
 2.46870032e+08 2.45153950e+08 1.76803336e+08 2.28089160e+08
 1.20114428e+08 1.27995906e+08 9.37961236e+07 2.71813183e+08
 1.95004986e+08 2.51195151e+08 3.35592918e+08 2.04142005e+08
 2.06114449e+08 1.16003935e+08 1.43315913e+08 3.58810777e+08
 3.11070556e+08 3.54419628e+08 2.94268519e+08 2.55808396e+08
 1.85541302e+08 1.25320492e+08 2.40496506e+08 1.66059581e+08
 1.12908449e+08 1.12388567e+08 2.52150422e+08 2.92616922e+08
 2.62413258e+08 2.37808749e+08 1.76682456e+08 2.32803170e+08
 2.42883842e+08 2.54825613e+08 1.86529280e+08 2.27778224e+08
 1.18077062e+08 1.98212246e+08 1.98847141e+08 2.28127854e+08
 1.82093654e+08 1.29697579e+08 1.12296732e+08 1.14106430e+08
 1.23032095e+08 1.03965996e+08 1.38929991e+08 1.93494981e+08
 1.82255574e+08 2.43514291e+08 2.04717798e+08 1.83240829e+08
 1.48620617e+08 2.37302874e+08 1.55175902e+08 1.70376628e+08
 1.89473209e+08 1.88698845e+08 1.66449973e+08 1.38371077e+08
 1.65085901e+08 1.90809996e+08 9.78089533e+07 1.38639557e+08
 2.18594436e+08 2.69043324e+08 1.53884444e+08 2.55639540e+08
 2.78881791e+08 1.61060867e+08 1.51327300e+08 1.83885430e+08
 1.40558307e+08 1.57670171e+08 1.19401414e+08 1.07490283e+08
 2.33656665e+08 1.61141439e+08 2.35931913e+08 2.28289313e+08
 1.60921087e+08 2.02134017e+08 1.56416743e+08 1.36980662e+08
 1.10010904e+08 1.12360091e+08 1.16217148e+08 1.05192601e+08
 1.49711745e+08 1.08767007e+08 1.59813115e+08 9.51781522e+07
 8.83794085e+07 8.52384008e+07 1.12148299e+08 1.07937045e+08
 1.26678513e+08 1.22536936e+08 8.63694538e+07 2.49006502e+08
 1.22470099e+08 1.48329285e+08 9.71456066e+07 8.59747976e+07
 1.23076508e+08 9.36738726e+07 1.05563587e+08 9.61331307e+07
 1.24817539e+08 1.11336317e+08 6.80330840e+07 1.77013742e+08
 1.00556697e+08 9.41473775e+07 2.78302050e+07 3.73192483e+08
 2.25887111e+08 1.65649149e+08 1.16988825e+08 1.41363007e+08
 1.77971266e+08 8.38422796e+07 9.66137843e+07 9.13587726e+07
 1.15209452e+08 1.66925200e+08 9.08337409e+07 1.38130013e+08
 1.05823226e+08 1.97966561e+08 1.44989957e+08 1.28712445e+08
 9.65454177e+07 1.07588374e+08 9.29758495e+07 7.58020185e+07
 7.82144158e+07 7.31865759e+07 1.01712490e+08 1.77207917e+08
 9.94002890e+07 7.35021963e+07 1.10936338e+08 9.03967763e+07
 8.58180808e+07 9.00300071e+07 6.62856445e+07 6.63473877e+07
 1.74671095e+08 1.84062605e+08 1.28205000e+08 8.96761698e+07
 8.35870066e+07 7.25297578e+07 1.09167922e+08 7.62141241e+07
 8.70758390e+07 7.71309267e+07 7.82764187e+07 6.31320195e+07
 4.94797680e+07 5.92375282e+07 1.21916684e+08 1.04913813e+08
 1.49779465e+08 9.67926843e+07 1.20690071e+08 7.41743695e+07
 6.81946153e+07 1.03708771e+08 8.09113149e+07 8.61860224e+07
 6.97404638e+07 6.96666040e+07 1.19615758e+08 8.95551076e+07
 2.59780640e+08 2.33018465e+08 2.51089991e+08 1.92726002e+08
 1.65713860e+08 1.93615716e+08 1.64453397e+08 1.42655455e+08
 8.84743786e+07 1.03502879e+08 2.10408175e+08 1.86442247e+08
 2.60454835e+08 2.73156532e+08 2.03340541e+08 2.18882800e+08
 2.32641045e+08 3.57228100e+08 2.90851321e+08 3.03389323e+08
 2.61782677e+08 2.06815185e+08 3.35059883e+08 2.56714972e+08
 2.13522631e+08 2.90296445e+08 3.13788320e+08 3.62415767e+08
 2.69401494e+08 3.16240093e+08 3.34293385e+08 3.93086054e+08
 3.65645654e+08 5.75686758e+08 6.44217428e+08 4.19238557e+08
 4.97031900e+08 4.43590887e+08 3.49716075e+08 3.15552031e+08
 3.04625885e+08 2.73748206e+08 2.88222315e+08 2.78029481e+08
 3.22500061e+08 1.98142162e+08 1.98836826e+08 1.80010822e+08
 2.06953942e+08 1.43194853e+08 1.60569374e+08 1.44680955e+08
 1.58596792e+08 2.97643070e+08 1.74671307e+08 1.45534055e+08
 2.39717223e+08 2.72198616e+08 2.20660384e+08 2.01610879e+08
 1.21749939e+08 2.61789966e+08 1.40326661e+08 4.12720287e+08
 3.00326011e+08 2.69728926e+08 2.00672315e+08 2.81869663e+08
 1.65195199e+08 1.67715721e+08 1.14032611e+08 1.18419869e+08
 1.34176382e+08 1.66729731e+08 2.82158316e+08 1.62321030e+08
 2.00692659e+08 1.30698176e+08 1.15460500e+08 2.12762959e+08
 2.39989788e+08 1.71529210e+08 1.15320648e+08 1.05616246e+08
 8.30917035e+07 1.62762464e+08 1.82066613e+08 9.60656065e+07
 8.57394521e+07 3.48581037e+08 3.45966468e+08 1.88415751e+08
 2.26318779e+08 2.78691520e+08 2.67289214e+08 2.39140087e+08
 2.40333252e+08 1.66428130e+08 1.22086513e+08 1.44064510e+08
 1.32693170e+08 1.54100746e+08 1.40149771e+08 1.23621620e+08
 1.34557150e+08 1.17608085e+08 1.05502782e+08 8.66063730e+07
 9.25103755e+07 1.03140202e+08 7.48124933e+07 1.86638223e+08
 1.19974107e+08 1.50236650e+08 1.51239096e+08 9.91128423e+07
 1.48387594e+08 1.59191569e+08 1.87555247e+08 1.35407123e+08
 1.22032515e+08 1.15723337e+08 1.03420549e+08 1.57485633e+08
 1.00614767e+08 1.14307431e+08 1.50105000e+08 1.75851028e+08
 1.69943841e+08 2.12919258e+08 2.73967078e+08 1.67265040e+08
 1.29793212e+08 1.53552691e+08 2.02037399e+08 1.08435787e+08
 1.18645704e+08 2.46811215e+08 1.47924242e+08 1.77671860e+08
 1.05890545e+08 1.05789032e+08 1.09640528e+08 9.62016553e+07
 9.59592430e+07 8.86231324e+07 8.55262652e+07 7.94267815e+07
 1.60617378e+08 2.25020896e+08 1.53692644e+08 9.62873590e+07
 1.50641624e+08 9.57369559e+07 1.07425548e+08 1.01310308e+08
 1.18827435e+08 8.10892894e+07 1.38054100e+08 1.86827994e+08
 9.52818668e+07 1.14351995e+08 1.05731536e+08 9.01515619e+07
 3.01661679e+08 2.87138534e+08 2.20914154e+08 1.64604436e+08
 3.26625886e+08 3.58677002e+08 3.11901713e+08 2.15914879e+08
 1.70661334e+08 1.65415063e+08 1.56887404e+08 1.58025231e+08
 1.34877345e+08 2.84138742e+08 2.92549864e+08 1.72286975e+08
 1.44863530e+08 1.07814111e+08 1.24805896e+08 1.27139534e+08
 1.61873329e+08 1.41914401e+08 2.18463776e+08 1.32245016e+08
 1.28174872e+08 1.79288793e+08 1.83124740e+08 1.81234184e+08
 3.87716996e+08 3.66172510e+08 2.70439928e+08 2.80141525e+08
 2.16551790e+08 1.77561404e+08 1.31352688e+08 1.25748733e+08
 1.34032442e+08 1.43811064e+08 1.41739613e+08 1.50246644e+08
 1.04910737e+08 1.01623243e+08 1.06254432e+08 1.35014843e+08
 1.43127866e+08 1.03111165e+08 1.12625136e+08 1.71658472e+08
 1.29546670e+08 1.08960180e+08 1.52003379e+08 1.09682160e+08
 1.06456918e+08 1.93236110e+08 1.15615426e+08 2.14875870e+08
 1.08051316e+08 2.13480778e+08 1.46225519e+08 1.61823146e+08
 2.45734117e+08 1.90135085e+08 2.28688309e+08 2.10147382e+08
 1.13814147e+08 1.57301250e+08 1.45934037e+08 1.21405536e+08
 9.67563406e+07 1.34774333e+08 1.35750736e+08 8.90550987e+07
 1.29153412e+08 7.56928446e+07 1.57740063e+08 9.74363282e+07
 1.84004724e+08 1.19786033e+08 9.91194411e+07 1.47153620e+08
 4.67463202e+08 4.73270622e+08 2.71387650e+08 2.98020946e+08
 3.50492310e+08 2.38684634e+08 3.38511097e+08 2.01967596e+08
 1.79368131e+08 1.48831780e+08 1.31870265e+08 1.80343664e+08
 2.45745061e+08 2.49916853e+08 2.31385266e+08 1.73737180e+08
 2.37085250e+08 2.77138197e+08 2.23968473e+08 1.96068014e+08
 2.26494230e+08 2.01125516e+08 1.23913665e+08 1.31891466e+08
 9.56682593e+07 1.63537199e+08 1.20577735e+08 8.32733355e+07
 9.21295943e+07 1.05475946e+08 1.04261143e+08 1.69396525e+08
 1.36266767e+08 1.06564487e+08 1.13720696e+08 7.45669735e+07
 8.35964204e+07 7.62218695e+07 8.59520575e+07 6.14492740e+07
 8.47782082e+07 6.69405438e+07 7.44639457e+07 6.72489067e+07
 5.60467089e+07 1.49147444e+08 3.88044540e+07 2.51246249e+08
 2.56154547e+08 2.97011679e+08 1.84185797e+08 1.67199564e+08
 1.02260628e+08 1.38908565e+08 9.10524163e+07 6.36716340e+07
 5.98240293e+07 5.40124240e+07 1.18698402e+08 6.27589310e+07
 8.25205364e+07 5.36796012e+07 4.27016316e+07 6.46512212e+07
 1.16490224e+08 1.16933147e+08 1.18259301e+08 6.78325951e+07
 1.24489267e+08 1.22377596e+08 1.76063127e+08 9.43668332e+07
 6.28382676e+07 6.47307683e+07 4.65054466e+07 3.85358524e+07
 6.36852961e+07 6.27905468e+07 4.46807509e+07 5.05664511e+07
 3.88258240e+07 2.07011285e+08 1.09465785e+08 5.81988549e+07
 1.30107016e+08 2.71608753e+08 9.92164680e+07 8.70278912e+07
 7.31466567e+07 1.00393397e+08 1.22630306e+08 1.22071129e+08
 1.44510875e+08 1.03206575e+08 1.37929264e+08 9.44628727e+07
 5.86010377e+07 9.17625688e+07 8.32301040e+07 1.34494169e+08
 1.38018378e+08 1.35909590e+08 8.87544298e+07 8.78178565e+07
 6.28096342e+07 3.99951430e+08 3.78618391e+08 1.92932676e+08
 3.38943662e+08 3.10502370e+08 2.18112088e+08 1.68380116e+08
 1.26863830e+08 3.23326156e+08 1.70379157e+08 1.83846982e+08
 1.50881639e+08 1.01209493e+08 1.66005098e+08 1.33489279e+08
 2.62012733e+08 1.25697613e+08 1.78131996e+08 2.09238683e+08
 2.41997667e+08 3.53667999e+08 2.56692322e+08 1.61670663e+08
 2.86170389e+08 1.72716261e+08 2.85002349e+08 2.10746433e+08
 2.25792180e+08 2.60734683e+08 2.83569124e+08 2.83141756e+08
 2.69885420e+08 3.07801300e+08 3.19461278e+08 2.96078638e+08
 2.71044443e+08 2.82277722e+08 3.58105419e+08 2.59315801e+08
 3.04622551e+08 4.04737334e+08 4.01336505e+08 3.15337479e+08
 3.18604499e+08 2.59641367e+08 3.90582587e+08 3.96736767e+08
 3.54804280e+08 3.06747547e+08 4.04912022e+08 3.18567417e+08
 3.69258103e+08 2.26011074e+08 2.10011486e+08 2.83033997e+08
 3.68628216e+08 2.77134719e+08 2.80715760e+08 3.12428278e+08
 2.29769798e+08 2.20741755e+08 2.24845510e+08 1.81391868e+08
 1.93449835e+08 2.59206073e+08 2.15612094e+08 1.99915224e+08
 2.27774545e+08 2.23664571e+08 1.35649014e+08 1.61318997e+08
 1.69652675e+08 2.95176686e+08 1.95614273e+08 1.29899644e+08
 2.09454306e+08 2.74808713e+08 2.37280913e+08 2.33056885e+08
 2.81842412e+08 2.88169437e+08 2.50769174e+08 1.53545831e+08
 1.95683337e+08 2.01804989e+08 1.85494162e+08 2.48370594e+08
 1.64894259e+08 1.60252771e+08 1.42348739e+08 1.81402879e+08
 1.36033664e+08 1.34196119e+08 1.70394871e+08 1.66345190e+08
 2.22638531e+08 3.88450613e+08 2.64670899e+08 3.29102615e+08
 3.22788333e+08 1.95131178e+08 2.11522779e+08 2.44679434e+08
 2.18313948e+08 1.83780638e+08 1.52754064e+08 2.82058184e+08
 3.43750647e+08 2.56847203e+08 2.24746083e+08 1.97161802e+08
 1.60764758e+08 1.51423857e+08 1.89835588e+08 2.06095749e+08
 1.15839027e+08 2.06487780e+08 2.53297693e+08 2.54911450e+08
 2.36602698e+08 2.25727796e+08 2.20536136e+08 1.74676515e+08
 1.83000142e+08 1.86428461e+08 1.99907977e+08 1.93869379e+08
 2.17586685e+08 1.83142555e+08 2.46965501e+08 2.25846979e+08
 1.82801016e+08 1.66867168e+08 3.07237637e+08 2.20415141e+08
 1.63228469e+08 2.02987504e+08 2.59571867e+08 2.37860103e+08
 1.37876392e+08 2.48443059e+08 2.01228443e+08 3.79728652e+08
 2.02637505e+08 1.82929907e+08 1.95987000e+08 2.21206802e+08
 1.68931206e+08 1.61193476e+08 1.63915408e+08 1.30224532e+08
 8.78403076e+07 9.76103248e+07 8.04545785e+07 1.25776155e+08
 1.98831168e+08 1.90389367e+08 1.99111988e+08 1.38542046e+08
 2.26066053e+08 1.25808028e+08 1.59398478e+08 1.01707855e+08
 1.98265684e+08 1.37340516e+08 1.42748594e+08 1.64977132e+08
 1.10190357e+08 1.18175267e+08 1.54366992e+08 1.37448828e+08
 1.23554162e+08 1.80708986e+08 1.60401294e+08 1.29592592e+08
 1.47970295e+08 1.25528163e+08 9.18034521e+07 7.75269940e+07
 2.79248589e+08 2.52053116e+08 1.83894810e+08 1.22311869e+08
 1.41086080e+08 2.94557693e+08 1.81804747e+08 2.23404581e+08
 1.58786400e+08 2.98292292e+08 2.30927724e+08 2.11212640e+08
 2.19746943e+08 2.49386458e+08 1.62868283e+08 3.69817287e+08
 3.24961966e+08 3.09656880e+08 2.75928982e+08 2.77453297e+08
 3.30295524e+08 3.42116782e+08 3.10382035e+08 2.46086059e+08
 1.89560048e+08 3.18711450e+08 2.49825310e+08 4.76607674e+08
 4.70041859e+08 4.00804451e+08 2.94662413e+08 2.24012938e+08
 2.46005033e+08 2.45296369e+08 2.27852254e+08 3.11210248e+08
 2.56142565e+08 3.38406815e+08 4.23178793e+08 4.20449350e+08
 3.52550372e+08 4.42132758e+08 4.52337879e+08 3.28285308e+08
 3.06128873e+08 2.30859893e+08 2.37016937e+08 1.71301832e+08
 1.73717741e+08 1.71408309e+08 1.90267526e+08 2.03813413e+08
 1.93551441e+08 4.97212754e+08 3.49773895e+08 2.82734795e+08
 2.51232937e+08 2.29532119e+08 3.06951076e+08 2.29901481e+08
 1.91611558e+08 1.90671196e+08 2.26501996e+08 1.52251777e+08
 1.44041428e+08 1.12201711e+08 2.11041213e+08 2.03209048e+08
 2.43638936e+08 1.47903733e+08 1.66407309e+08 1.07354555e+08
 1.14995478e+08 1.81237972e+08 1.72912599e+08 2.17243927e+08
 1.85663971e+08 1.87110470e+08 1.29944868e+08 9.54488785e+07
 1.45667372e+08 1.35271813e+08 1.78540103e+08 1.73374428e+08
 1.10921052e+08 1.96483577e+08 3.37221424e+08 2.88593970e+08
 1.88421375e+08 1.92368970e+08 1.58925840e+08 1.52279153e+08
 1.71860961e+08 1.25365866e+08 1.89018585e+08 1.53950621e+08
 1.62544547e+08 9.13987012e+07 9.29386984e+07 1.14678176e+08
 8.84513553e+07 8.58084142e+07 1.74375408e+08 1.84818428e+08
 1.27518728e+08 8.77398655e+07 7.25085925e+07 1.07548754e+08
 1.51573310e+08 2.03986634e+08 1.25896180e+08 8.90961610e+07
 6.64085881e+07 8.88010414e+07]' has dtype incompatible with int64, please explicitly cast to a compatible dtype first.
  dd.loc[future,['open','high','low','close','preclose','volume']]*=1.17
/home/runner/work/daily_stock_analysis/daily_stock_analysis/scripts/research/foxconn_b16_accounts.py:320: FutureWarning: Setting an item of incompatible dtype is deprecated and will raise an error in a future version of pandas. Value '[18892032.6 18057090.8  9422280.  ...  1657306.   2215920.   2272219.6]' has dtype incompatible with int64, please explicitly cast to a compatible dtype first.
  masklate=(mm.date>day)|((mm.date==day)&mm.clock.gt('09:41'));mm.loc[masklate,['high','low','close','volume']]*=1.4
/home/runner/work/daily_stock_analysis/daily_stock_analysis/scripts/research/foxconn_b16_accounts.py:318: FutureWarning: Setting an item of incompatible dtype is deprecated and will raise an error in a future version of pandas. Value '[4.42683375e+08 2.98605055e+08 4.13352507e+08 3.46007539e+08
 2.59411409e+08 3.97583215e+08 2.54893514e+08 3.04556023e+08
 1.90294851e+08 1.88499987e+08 2.01833121e+08 2.13295806e+08
 1.90339965e+08 1.36243691e+08 1.17889401e+08 2.15418430e+08
 3.30620786e+08 3.80905549e+08 2.91127520e+08 1.93921686e+08
 2.29469515e+08 2.82572367e+08 3.10373393e+08 2.56896702e+08
 2.46870032e+08 2.45153950e+08 1.76803336e+08 2.28089160e+08
 1.20114428e+08 1.27995906e+08 9.37961236e+07 2.71813183e+08
 1.95004986e+08 2.51195151e+08 3.35592918e+08 2.04142005e+08
 2.06114449e+08 1.16003935e+08 1.43315913e+08 3.58810777e+08
 3.11070556e+08 3.54419628e+08 2.94268519e+08 2.55808396e+08
 1.85541302e+08 1.25320492e+08 2.40496506e+08 1.66059581e+08
 1.12908449e+08 1.12388567e+08 2.52150422e+08 2.92616922e+08
 2.62413258e+08 2.37808749e+08 1.76682456e+08 2.32803170e+08
 2.42883842e+08 2.54825613e+08 1.86529280e+08 2.27778224e+08
 1.18077062e+08 1.98212246e+08 1.98847141e+08 2.28127854e+08
 1.82093654e+08 1.29697579e+08 1.12296732e+08 1.14106430e+08
 1.23032095e+08 1.03965996e+08 1.38929991e+08 1.93494981e+08
 1.82255574e+08 2.43514291e+08 2.04717798e+08 1.83240829e+08
 1.48620617e+08 2.37302874e+08 1.55175902e+08 1.70376628e+08
 1.89473209e+08 1.88698845e+08 1.66449973e+08 1.38371077e+08
 1.65085901e+08 1.90809996e+08 9.78089533e+07 1.38639557e+08
 2.18594436e+08 2.69043324e+08 1.53884444e+08 2.55639540e+08
 2.78881791e+08 1.61060867e+08 1.51327300e+08 1.83885430e+08
 1.40558307e+08 1.57670171e+08 1.19401414e+08 1.07490283e+08
 2.33656665e+08 1.61141439e+08 2.35931913e+08 2.28289313e+08
 1.60921087e+08 2.02134017e+08 1.56416743e+08 1.36980662e+08
 1.10010904e+08 1.12360091e+08 1.16217148e+08 1.05192601e+08
 1.49711745e+08 1.08767007e+08 1.59813115e+08 9.51781522e+07
 8.83794085e+07 8.52384008e+07 1.12148299e+08 1.07937045e+08
 1.26678513e+08 1.22536936e+08 8.63694538e+07 2.49006502e+08
 1.22470099e+08 1.48329285e+08 9.71456066e+07 8.59747976e+07
 1.23076508e+08 9.36738726e+07 1.05563587e+08 9.61331307e+07
 1.24817539e+08 1.11336317e+08 6.80330840e+07 1.77013742e+08
 1.00556697e+08 9.41473775e+07 2.78302050e+07 3.73192483e+08
 2.25887111e+08 1.65649149e+08 1.16988825e+08 1.41363007e+08
 1.77971266e+08 8.38422796e+07 9.66137843e+07 9.13587726e+07
 1.15209452e+08 1.66925200e+08 9.08337409e+07 1.38130013e+08
 1.05823226e+08 1.97966561e+08 1.44989957e+08 1.28712445e+08
 9.65454177e+07 1.07588374e+08 9.29758495e+07 7.58020185e+07
 7.82144158e+07 7.31865759e+07 1.01712490e+08 1.77207917e+08
 9.94002890e+07 7.35021963e+07 1.10936338e+08 9.03967763e+07
 8.58180808e+07 9.00300071e+07 6.62856445e+07 6.63473877e+07
 1.74671095e+08 1.84062605e+08 1.28205000e+08 8.96761698e+07
 8.35870066e+07 7.25297578e+07 1.09167922e+08 7.62141241e+07
 8.70758390e+07 7.71309267e+07 7.82764187e+07 6.31320195e+07
 4.94797680e+07 5.92375282e+07 1.21916684e+08 1.04913813e+08
 1.49779465e+08 9.67926843e+07 1.20690071e+08 7.41743695e+07
 6.81946153e+07 1.03708771e+08 8.09113149e+07 8.61860224e+07
 6.97404638e+07 6.96666040e+07 1.19615758e+08 8.95551076e+07
 2.59780640e+08 2.33018465e+08 2.51089991e+08 1.92726002e+08
 1.65713860e+08 1.93615716e+08 1.64453397e+08 1.42655455e+08
 8.84743786e+07 1.03502879e+08 2.10408175e+08 1.86442247e+08
 2.60454835e+08 2.73156532e+08 2.03340541e+08 2.18882800e+08
 2.32641045e+08 3.57228100e+08 2.90851321e+08 3.03389323e+08
 2.61782677e+08 2.06815185e+08 3.35059883e+08 2.56714972e+08
 2.13522631e+08 2.90296445e+08 3.13788320e+08 3.62415767e+08
 2.69401494e+08 3.16240093e+08 3.34293385e+08 3.93086054e+08
 3.65645654e+08 5.75686758e+08 6.44217428e+08 4.19238557e+08
 4.97031900e+08 4.43590887e+08 3.49716075e+08 3.15552031e+08
 3.04625885e+08 2.73748206e+08 2.88222315e+08 2.78029481e+08
 3.22500061e+08 1.98142162e+08 1.98836826e+08 1.80010822e+08
 2.06953942e+08 1.43194853e+08 1.60569374e+08 1.44680955e+08
 1.58596792e+08 2.97643070e+08 1.74671307e+08 1.45534055e+08
 2.39717223e+08 2.72198616e+08 2.20660384e+08 2.01610879e+08
 1.21749939e+08 2.61789966e+08 1.40326661e+08 4.12720287e+08
 3.00326011e+08 2.69728926e+08 2.00672315e+08 2.81869663e+08
 1.65195199e+08 1.67715721e+08 1.14032611e+08 1.18419869e+08
 1.34176382e+08 1.66729731e+08 2.82158316e+08 1.62321030e+08
 2.00692659e+08 1.30698176e+08 1.15460500e+08 2.12762959e+08
 2.39989788e+08 1.71529210e+08 1.15320648e+08 1.05616246e+08
 8.30917035e+07 1.62762464e+08 1.82066613e+08 9.60656065e+07
 8.57394521e+07 3.48581037e+08 3.45966468e+08 1.88415751e+08
 2.26318779e+08 2.78691520e+08 2.67289214e+08 2.39140087e+08
 2.40333252e+08 1.66428130e+08 1.22086513e+08 1.44064510e+08
 1.32693170e+08 1.54100746e+08 1.40149771e+08 1.23621620e+08
 1.34557150e+08 1.17608085e+08 1.05502782e+08 8.66063730e+07
 9.25103755e+07 1.03140202e+08 7.48124933e+07 1.86638223e+08
 1.19974107e+08 1.50236650e+08 1.51239096e+08 9.91128423e+07
 1.48387594e+08 1.59191569e+08 1.87555247e+08 1.35407123e+08
 1.22032515e+08 1.15723337e+08 1.03420549e+08 1.57485633e+08
 1.00614767e+08 1.14307431e+08 1.50105000e+08 1.75851028e+08
 1.69943841e+08 2.12919258e+08 2.73967078e+08 1.67265040e+08
 1.29793212e+08 1.53552691e+08 2.02037399e+08 1.08435787e+08
 1.18645704e+08 2.46811215e+08 1.47924242e+08 1.77671860e+08
 1.05890545e+08 1.05789032e+08 1.09640528e+08 9.62016553e+07
 9.59592430e+07 8.86231324e+07 8.55262652e+07 7.94267815e+07
 1.60617378e+08 2.25020896e+08 1.53692644e+08 9.62873590e+07
 1.50641624e+08 9.57369559e+07 1.07425548e+08 1.01310308e+08
 1.18827435e+08 8.10892894e+07 1.38054100e+08 1.86827994e+08
 9.52818668e+07 1.14351995e+08 1.05731536e+08 9.01515619e+07
 3.01661679e+08 2.87138534e+08 2.20914154e+08 1.64604436e+08
 3.26625886e+08 3.58677002e+08 3.11901713e+08 2.15914879e+08
 1.70661334e+08 1.65415063e+08 1.56887404e+08 1.58025231e+08
 1.34877345e+08 2.84138742e+08 2.92549864e+08 1.72286975e+08
 1.44863530e+08 1.07814111e+08 1.24805896e+08 1.27139534e+08
 1.61873329e+08 1.41914401e+08 2.18463776e+08 1.32245016e+08
 1.28174872e+08 1.79288793e+08 1.83124740e+08 1.81234184e+08
 3.87716996e+08 3.66172510e+08 2.70439928e+08 2.80141525e+08
 2.16551790e+08 1.77561404e+08 1.31352688e+08 1.25748733e+08
 1.34032442e+08 1.43811064e+08 1.41739613e+08 1.50246644e+08
 1.04910737e+08 1.01623243e+08 1.06254432e+08 1.35014843e+08
 1.43127866e+08 1.03111165e+08 1.12625136e+08 1.71658472e+08
 1.29546670e+08 1.08960180e+08 1.52003379e+08 1.09682160e+08
 1.06456918e+08 1.93236110e+08 1.15615426e+08 2.14875870e+08
 1.08051316e+08 2.13480778e+08 1.46225519e+08 1.61823146e+08
 2.45734117e+08 1.90135085e+08 2.28688309e+08 2.10147382e+08
 1.13814147e+08 1.57301250e+08 1.45934037e+08 1.21405536e+08
 9.67563406e+07 1.34774333e+08 1.35750736e+08 8.90550987e+07
 1.29153412e+08 7.56928446e+07 1.57740063e+08 9.74363282e+07
 1.84004724e+08 1.19786033e+08 9.91194411e+07 1.47153620e+08
 4.67463202e+08 4.73270622e+08 2.71387650e+08 2.98020946e+08
 3.50492310e+08 2.38684634e+08 3.38511097e+08 2.01967596e+08
 1.79368131e+08 1.48831780e+08 1.31870265e+08 1.80343664e+08
 2.45745061e+08 2.49916853e+08 2.31385266e+08 1.73737180e+08
 2.37085250e+08 2.77138197e+08 2.23968473e+08 1.96068014e+08
 2.26494230e+08 2.01125516e+08 1.23913665e+08 1.31891466e+08
 9.56682593e+07 1.63537199e+08 1.20577735e+08 8.32733355e+07
 9.21295943e+07 1.05475946e+08 1.04261143e+08 1.69396525e+08
 1.36266767e+08 1.06564487e+08 1.13720696e+08 7.45669735e+07
 8.35964204e+07 7.62218695e+07 8.59520575e+07 6.14492740e+07
 8.47782082e+07 6.69405438e+07 7.44639457e+07 6.72489067e+07
 5.60467089e+07 1.49147444e+08 3.88044540e+07 2.51246249e+08
 2.56154547e+08 2.97011679e+08 1.84185797e+08 1.67199564e+08
 1.02260628e+08 1.38908565e+08 9.10524163e+07 6.36716340e+07
 5.98240293e+07 5.40124240e+07 1.18698402e+08 6.27589310e+07
 8.25205364e+07 5.36796012e+07 4.27016316e+07 6.46512212e+07
 1.16490224e+08 1.16933147e+08 1.18259301e+08 6.78325951e+07
 1.24489267e+08 1.22377596e+08 1.76063127e+08 9.43668332e+07
 6.28382676e+07 6.47307683e+07 4.65054466e+07 3.85358524e+07
 6.36852961e+07 6.27905468e+07 4.46807509e+07 5.05664511e+07
 3.88258240e+07 2.07011285e+08 1.09465785e+08 5.81988549e+07
 1.30107016e+08 2.71608753e+08 9.92164680e+07 8.70278912e+07
 7.31466567e+07 1.00393397e+08 1.22630306e+08 1.22071129e+08
 1.44510875e+08 1.03206575e+08 1.37929264e+08 9.44628727e+07
 5.86010377e+07 9.17625688e+07 8.32301040e+07 1.34494169e+08
 1.38018378e+08 1.35909590e+08 8.87544298e+07 8.78178565e+07
 6.28096342e+07 3.99951430e+08 3.78618391e+08 1.92932676e+08
 3.38943662e+08 3.10502370e+08 2.18112088e+08 1.68380116e+08
 1.26863830e+08 3.23326156e+08 1.70379157e+08 1.83846982e+08
 1.50881639e+08 1.01209493e+08 1.66005098e+08 1.33489279e+08
 2.62012733e+08 1.25697613e+08 1.78131996e+08 2.09238683e+08
 2.41997667e+08 3.53667999e+08 2.56692322e+08 1.61670663e+08
 2.86170389e+08 1.72716261e+08 2.85002349e+08 2.10746433e+08
 2.25792180e+08 2.60734683e+08 2.83569124e+08 2.83141756e+08
 2.69885420e+08 3.07801300e+08 3.19461278e+08 2.96078638e+08
 2.71044443e+08 2.82277722e+08 3.58105419e+08 2.59315801e+08
 3.04622551e+08 4.04737334e+08 4.01336505e+08 3.15337479e+08
 3.18604499e+08 2.59641367e+08 3.90582587e+08 3.96736767e+08
 3.54804280e+08 3.06747547e+08 4.04912022e+08 3.18567417e+08
 3.69258103e+08 2.26011074e+08 2.10011486e+08 2.83033997e+08
 3.68628216e+08 2.77134719e+08 2.80715760e+08 3.12428278e+08
 2.29769798e+08 2.20741755e+08 2.24845510e+08 1.81391868e+08
 1.93449835e+08 2.59206073e+08 2.15612094e+08 1.99915224e+08
 2.27774545e+08 2.23664571e+08 1.35649014e+08 1.61318997e+08
 1.69652675e+08 2.95176686e+08 1.95614273e+08 1.29899644e+08
 2.09454306e+08 2.74808713e+08 2.37280913e+08 2.33056885e+08
 2.81842412e+08 2.88169437e+08 2.50769174e+08 1.53545831e+08
 1.95683337e+08 2.01804989e+08 1.85494162e+08 2.48370594e+08
 1.64894259e+08 1.60252771e+08 1.42348739e+08 1.81402879e+08
 1.36033664e+08 1.34196119e+08 1.70394871e+08 1.66345190e+08
 2.22638531e+08 3.88450613e+08 2.64670899e+08 3.29102615e+08
 3.22788333e+08 1.95131178e+08 2.11522779e+08 2.44679434e+08
 2.18313948e+08 1.83780638e+08 1.52754064e+08 2.82058184e+08
 3.43750647e+08 2.56847203e+08 2.24746083e+08 1.97161802e+08
 1.60764758e+08 1.51423857e+08 1.89835588e+08 2.06095749e+08
 1.15839027e+08 2.06487780e+08 2.53297693e+08 2.54911450e+08
 2.36602698e+08 2.25727796e+08 2.20536136e+08 1.74676515e+08
 1.83000142e+08 1.86428461e+08 1.99907977e+08 1.93869379e+08
 2.17586685e+08 1.83142555e+08 2.46965501e+08 2.25846979e+08
 1.82801016e+08 1.66867168e+08 3.07237637e+08 2.20415141e+08
 1.63228469e+08 2.02987504e+08 2.59571867e+08 2.37860103e+08
 1.37876392e+08 2.48443059e+08 2.01228443e+08 3.79728652e+08
 2.02637505e+08 1.82929907e+08 1.95987000e+08 2.21206802e+08
 1.68931206e+08 1.61193476e+08 1.63915408e+08 1.30224532e+08
 8.78403076e+07 9.76103248e+07 8.04545785e+07 1.25776155e+08
 1.98831168e+08 1.90389367e+08 1.99111988e+08 1.38542046e+08
 2.26066053e+08 1.25808028e+08 1.59398478e+08 1.01707855e+08
 1.98265684e+08 1.37340516e+08 1.42748594e+08 1.64977132e+08
 1.10190357e+08 1.18175267e+08 1.54366992e+08 1.37448828e+08
 1.23554162e+08 1.80708986e+08 1.60401294e+08 1.29592592e+08
 1.47970295e+08 1.25528163e+08 9.18034521e+07 7.75269940e+07
 2.79248589e+08 2.52053116e+08 1.83894810e+08 1.22311869e+08
 1.41086080e+08 2.94557693e+08 1.81804747e+08 2.23404581e+08
 1.58786400e+08 2.98292292e+08 2.30927724e+08 2.11212640e+08
 2.19746943e+08 2.49386458e+08 1.62868283e+08 3.69817287e+08
 3.24961966e+08 3.09656880e+08 2.75928982e+08 2.77453297e+08
 3.30295524e+08 3.42116782e+08 3.10382035e+08 2.46086059e+08
 1.89560048e+08 3.18711450e+08 2.49825310e+08 4.76607674e+08
 4.70041859e+08 4.00804451e+08 2.94662413e+08 2.24012938e+08
 2.46005033e+08 2.45296369e+08 2.27852254e+08 3.11210248e+08
 2.56142565e+08 3.38406815e+08 4.23178793e+08 4.20449350e+08
 3.52550372e+08 4.42132758e+08 4.52337879e+08 3.28285308e+08
 3.06128873e+08 2.30859893e+08 2.37016937e+08 1.71301832e+08
 1.73717741e+08 1.71408309e+08 1.90267526e+08 2.03813413e+08
 1.93551441e+08 4.97212754e+08 3.49773895e+08 2.82734795e+08
 2.51232937e+08 2.29532119e+08 3.06951076e+08 2.29901481e+08
 1.91611558e+08 1.90671196e+08 2.26501996e+08 1.52251777e+08
 1.44041428e+08 1.12201711e+08 2.11041213e+08 2.03209048e+08
 2.43638936e+08 1.47903733e+08 1.66407309e+08 1.07354555e+08
 1.14995478e+08 1.81237972e+08 1.72912599e+08 2.17243927e+08
 1.85663971e+08 1.87110470e+08 1.29944868e+08 9.54488785e+07
 1.45667372e+08 1.35271813e+08 1.78540103e+08 1.73374428e+08
 1.10921052e+08 1.96483577e+08 3.37221424e+08 2.88593970e+08
 1.88421375e+08 1.92368970e+08 1.58925840e+08 1.52279153e+08
 1.71860961e+08 1.25365866e+08 1.89018585e+08 1.53950621e+08
 1.62544547e+08 9.13987012e+07 9.29386984e+07 1.14678176e+08
 8.84513553e+07 8.58084142e+07 1.74375408e+08 1.84818428e+08
 1.27518728e+08 8.77398655e+07 7.25085925e+07 1.07548754e+08
 1.51573310e+08 2.03986634e+08 1.25896180e+08 8.90961610e+07
 6.64085881e+07 8.88010414e+07]' has dtype incompatible with int64, please explicitly cast to a compatible dtype first.
  dd.loc[future,['open','high','low','close','preclose','volume']]*=1.17
/home/runner/work/daily_stock_analysis/daily_stock_analysis/scripts/research/foxconn_b16_accounts.py:320: FutureWarning: Setting an item of incompatible dtype is deprecated and will raise an error in a future version of pandas. Value '[18892032.6 18057090.8  9422280.  ...  1657306.   2215920.   2272219.6]' has dtype incompatible with int64, please explicitly cast to a compatible dtype first.
  masklate=(mm.date>day)|((mm.date==day)&mm.clock.gt('09:41'));mm.loc[masklate,['high','low','close','volume']]*=1.4
/home/runner/work/daily_stock_analysis/daily_stock_analysis/scripts/research/foxconn_b16_accounts.py:318: FutureWarning: Setting an item of incompatible dtype is deprecated and will raise an error in a future version of pandas. Value '[2.28289313e+08 1.60921087e+08 2.02134017e+08 1.56416743e+08
 1.36980662e+08 1.10010904e+08 1.12360091e+08 1.16217148e+08
 1.05192601e+08 1.49711745e+08 1.08767007e+08 1.59813115e+08
 9.51781522e+07 8.83794085e+07 8.52384008e+07 1.12148299e+08
 1.07937045e+08 1.26678513e+08 1.22536936e+08 8.63694538e+07
 2.49006502e+08 1.22470099e+08 1.48329285e+08 9.71456066e+07
 8.59747976e+07 1.23076508e+08 9.36738726e+07 1.05563587e+08
 9.61331307e+07 1.24817539e+08 1.11336317e+08 6.80330840e+07
 1.77013742e+08 1.00556697e+08 9.41473775e+07 2.78302050e+07
 3.73192483e+08 2.25887111e+08 1.65649149e+08 1.16988825e+08
 1.41363007e+08 1.77971266e+08 8.38422796e+07 9.66137843e+07
 9.13587726e+07 1.15209452e+08 1.66925200e+08 9.08337409e+07
 1.38130013e+08 1.05823226e+08 1.97966561e+08 1.44989957e+08
 1.28712445e+08 9.65454177e+07 1.07588374e+08 9.29758495e+07
 7.58020185e+07 7.82144158e+07 7.31865759e+07 1.01712490e+08
 1.77207917e+08 9.94002890e+07 7.35021963e+07 1.10936338e+08
 9.03967763e+07 8.58180808e+07 9.00300071e+07 6.62856445e+07
 6.63473877e+07 1.74671095e+08 1.84062605e+08 1.28205000e+08
 8.96761698e+07 8.35870066e+07 7.25297578e+07 1.09167922e+08
 7.62141241e+07 8.70758390e+07 7.71309267e+07 7.82764187e+07
 6.31320195e+07 4.94797680e+07 5.92375282e+07 1.21916684e+08
 1.04913813e+08 1.49779465e+08 9.67926843e+07 1.20690071e+08
 7.41743695e+07 6.81946153e+07 1.03708771e+08 8.09113149e+07
 8.61860224e+07 6.97404638e+07 6.96666040e+07 1.19615758e+08
 8.95551076e+07 2.59780640e+08 2.33018465e+08 2.51089991e+08
 1.92726002e+08 1.65713860e+08 1.93615716e+08 1.64453397e+08
 1.42655455e+08 8.84743786e+07 1.03502879e+08 2.10408175e+08
 1.86442247e+08 2.60454835e+08 2.73156532e+08 2.03340541e+08
 2.18882800e+08 2.32641045e+08 3.57228100e+08 2.90851321e+08
 3.03389323e+08 2.61782677e+08 2.06815185e+08 3.35059883e+08
 2.56714972e+08 2.13522631e+08 2.90296445e+08 3.13788320e+08
 3.62415767e+08 2.69401494e+08 3.16240093e+08 3.34293385e+08
 3.93086054e+08 3.65645654e+08 5.75686758e+08 6.44217428e+08
 4.19238557e+08 4.97031900e+08 4.43590887e+08 3.49716075e+08
 3.15552031e+08 3.04625885e+08 2.73748206e+08 2.88222315e+08
 2.78029481e+08 3.22500061e+08 1.98142162e+08 1.98836826e+08
 1.80010822e+08 2.06953942e+08 1.43194853e+08 1.60569374e+08
 1.44680955e+08 1.58596792e+08 2.97643070e+08 1.74671307e+08
 1.45534055e+08 2.39717223e+08 2.72198616e+08 2.20660384e+08
 2.01610879e+08 1.21749939e+08 2.61789966e+08 1.40326661e+08
 4.12720287e+08 3.00326011e+08 2.69728926e+08 2.00672315e+08
 2.81869663e+08 1.65195199e+08 1.67715721e+08 1.14032611e+08
 1.18419869e+08 1.34176382e+08 1.66729731e+08 2.82158316e+08
 1.62321030e+08 2.00692659e+08 1.30698176e+08 1.15460500e+08
 2.12762959e+08 2.39989788e+08 1.71529210e+08 1.15320648e+08
 1.05616246e+08 8.30917035e+07 1.62762464e+08 1.82066613e+08
 9.60656065e+07 8.57394521e+07 3.48581037e+08 3.45966468e+08
 1.88415751e+08 2.26318779e+08 2.78691520e+08 2.67289214e+08
 2.39140087e+08 2.40333252e+08 1.66428130e+08 1.22086513e+08
 1.44064510e+08 1.32693170e+08 1.54100746e+08 1.40149771e+08
 1.23621620e+08 1.34557150e+08 1.17608085e+08 1.05502782e+08
 8.66063730e+07 9.25103755e+07 1.03140202e+08 7.48124933e+07
 1.86638223e+08 1.19974107e+08 1.50236650e+08 1.51239096e+08
 9.91128423e+07 1.48387594e+08 1.59191569e+08 1.87555247e+08
 1.35407123e+08 1.22032515e+08 1.15723337e+08 1.03420549e+08
 1.57485633e+08 1.00614767e+08 1.14307431e+08 1.50105000e+08
 1.75851028e+08 1.69943841e+08 2.12919258e+08 2.73967078e+08
 1.67265040e+08 1.29793212e+08 1.53552691e+08 2.02037399e+08
 1.08435787e+08 1.18645704e+08 2.46811215e+08 1.47924242e+08
 1.77671860e+08 1.05890545e+08 1.05789032e+08 1.09640528e+08
 9.62016553e+07 9.59592430e+07 8.86231324e+07 8.55262652e+07
 7.94267815e+07 1.60617378e+08 2.25020896e+08 1.53692644e+08
 9.62873590e+07 1.50641624e+08 9.57369559e+07 1.07425548e+08
 1.01310308e+08 1.18827435e+08 8.10892894e+07 1.38054100e+08
 1.86827994e+08 9.52818668e+07 1.14351995e+08 1.05731536e+08
 9.01515619e+07 3.01661679e+08 2.87138534e+08 2.20914154e+08
 1.64604436e+08 3.26625886e+08 3.58677002e+08 3.11901713e+08
 2.15914879e+08 1.70661334e+08 1.65415063e+08 1.56887404e+08
 1.58025231e+08 1.34877345e+08 2.84138742e+08 2.92549864e+08
 1.72286975e+08 1.44863530e+08 1.07814111e+08 1.24805896e+08
 1.27139534e+08 1.61873329e+08 1.41914401e+08 2.18463776e+08
 1.32245016e+08 1.28174872e+08 1.79288793e+08 1.83124740e+08
 1.81234184e+08 3.87716996e+08 3.66172510e+08 2.70439928e+08
 2.80141525e+08 2.16551790e+08 1.77561404e+08 1.31352688e+08
 1.25748733e+08 1.34032442e+08 1.43811064e+08 1.41739613e+08
 1.50246644e+08 1.04910737e+08 1.01623243e+08 1.06254432e+08
 1.35014843e+08 1.43127866e+08 1.03111165e+08 1.12625136e+08
 1.71658472e+08 1.29546670e+08 1.08960180e+08 1.52003379e+08
 1.09682160e+08 1.06456918e+08 1.93236110e+08 1.15615426e+08
 2.14875870e+08 1.08051316e+08 2.13480778e+08 1.46225519e+08
 1.61823146e+08 2.45734117e+08 1.90135085e+08 2.28688309e+08
 2.10147382e+08 1.13814147e+08 1.57301250e+08 1.45934037e+08
 1.21405536e+08 9.67563406e+07 1.34774333e+08 1.35750736e+08
 8.90550987e+07 1.29153412e+08 7.56928446e+07 1.57740063e+08
 9.74363282e+07 1.84004724e+08 1.19786033e+08 9.91194411e+07
 1.47153620e+08 4.67463202e+08 4.73270622e+08 2.71387650e+08
 2.98020946e+08 3.50492310e+08 2.38684634e+08 3.38511097e+08
 2.01967596e+08 1.79368131e+08 1.48831780e+08 1.31870265e+08
 1.80343664e+08 2.45745061e+08 2.49916853e+08 2.31385266e+08
 1.73737180e+08 2.37085250e+08 2.77138197e+08 2.23968473e+08
 1.96068014e+08 2.26494230e+08 2.01125516e+08 1.23913665e+08
 1.31891466e+08 9.56682593e+07 1.63537199e+08 1.20577735e+08
 8.32733355e+07 9.21295943e+07 1.05475946e+08 1.04261143e+08
 1.69396525e+08 1.36266767e+08 1.06564487e+08 1.13720696e+08
 7.45669735e+07 8.35964204e+07 7.62218695e+07 8.59520575e+07
 6.14492740e+07 8.47782082e+07 6.69405438e+07 7.44639457e+07
 6.72489067e+07 5.60467089e+07 1.49147444e+08 3.88044540e+07
 2.51246249e+08 2.56154547e+08 2.97011679e+08 1.84185797e+08
 1.67199564e+08 1.02260628e+08 1.38908565e+08 9.10524163e+07
 6.36716340e+07 5.98240293e+07 5.40124240e+07 1.18698402e+08
 6.27589310e+07 8.25205364e+07 5.36796012e+07 4.27016316e+07
 6.46512212e+07 1.16490224e+08 1.16933147e+08 1.18259301e+08
 6.78325951e+07 1.24489267e+08 1.22377596e+08 1.76063127e+08
 9.43668332e+07 6.28382676e+07 6.47307683e+07 4.65054466e+07
 3.85358524e+07 6.36852961e+07 6.27905468e+07 4.46807509e+07
 5.05664511e+07 3.88258240e+07 2.07011285e+08 1.09465785e+08
 5.81988549e+07 1.30107016e+08 2.71608753e+08 9.92164680e+07
 8.70278912e+07 7.31466567e+07 1.00393397e+08 1.22630306e+08
 1.22071129e+08 1.44510875e+08 1.03206575e+08 1.37929264e+08
 9.44628727e+07 5.86010377e+07 9.17625688e+07 8.32301040e+07
 1.34494169e+08 1.38018378e+08 1.35909590e+08 8.87544298e+07
 8.78178565e+07 6.28096342e+07 3.99951430e+08 3.78618391e+08
 1.92932676e+08 3.38943662e+08 3.10502370e+08 2.18112088e+08
 1.68380116e+08 1.26863830e+08 3.23326156e+08 1.70379157e+08
 1.83846982e+08 1.50881639e+08 1.01209493e+08 1.66005098e+08
 1.33489279e+08 2.62012733e+08 1.25697613e+08 1.78131996e+08
 2.09238683e+08 2.41997667e+08 3.53667999e+08 2.56692322e+08
 1.61670663e+08 2.86170389e+08 1.72716261e+08 2.85002349e+08
 2.10746433e+08 2.25792180e+08 2.60734683e+08 2.83569124e+08
 2.83141756e+08 2.69885420e+08 3.07801300e+08 3.19461278e+08
 2.96078638e+08 2.71044443e+08 2.82277722e+08 3.58105419e+08
 2.59315801e+08 3.04622551e+08 4.04737334e+08 4.01336505e+08
 3.15337479e+08 3.18604499e+08 2.59641367e+08 3.90582587e+08
 3.96736767e+08 3.54804280e+08 3.06747547e+08 4.04912022e+08
 3.18567417e+08 3.69258103e+08 2.26011074e+08 2.10011486e+08
 2.83033997e+08 3.68628216e+08 2.77134719e+08 2.80715760e+08
 3.12428278e+08 2.29769798e+08 2.20741755e+08 2.24845510e+08
 1.81391868e+08 1.93449835e+08 2.59206073e+08 2.15612094e+08
 1.99915224e+08 2.27774545e+08 2.23664571e+08 1.35649014e+08
 1.61318997e+08 1.69652675e+08 2.95176686e+08 1.95614273e+08
 1.29899644e+08 2.09454306e+08 2.74808713e+08 2.37280913e+08
 2.33056885e+08 2.81842412e+08 2.88169437e+08 2.50769174e+08
 1.53545831e+08 1.95683337e+08 2.01804989e+08 1.85494162e+08
 2.48370594e+08 1.64894259e+08 1.60252771e+08 1.42348739e+08
 1.81402879e+08 1.36033664e+08 1.34196119e+08 1.70394871e+08
 1.66345190e+08 2.22638531e+08 3.88450613e+08 2.64670899e+08
 3.29102615e+08 3.22788333e+08 1.95131178e+08 2.11522779e+08
 2.44679434e+08 2.18313948e+08 1.83780638e+08 1.52754064e+08
 2.82058184e+08 3.43750647e+08 2.56847203e+08 2.24746083e+08
 1.97161802e+08 1.60764758e+08 1.51423857e+08 1.89835588e+08
 2.06095749e+08 1.15839027e+08 2.06487780e+08 2.53297693e+08
 2.54911450e+08 2.36602698e+08 2.25727796e+08 2.20536136e+08
 1.74676515e+08 1.83000142e+08 1.86428461e+08 1.99907977e+08
 1.93869379e+08 2.17586685e+08 1.83142555e+08 2.46965501e+08
 2.25846979e+08 1.82801016e+08 1.66867168e+08 3.07237637e+08
 2.20415141e+08 1.63228469e+08 2.02987504e+08 2.59571867e+08
 2.37860103e+08 1.37876392e+08 2.48443059e+08 2.01228443e+08
 3.79728652e+08 2.02637505e+08 1.82929907e+08 1.95987000e+08
 2.21206802e+08 1.68931206e+08 1.61193476e+08 1.63915408e+08
 1.30224532e+08 8.78403076e+07 9.76103248e+07 8.04545785e+07
 1.25776155e+08 1.98831168e+08 1.90389367e+08 1.99111988e+08
 1.38542046e+08 2.26066053e+08 1.25808028e+08 1.59398478e+08
 1.01707855e+08 1.98265684e+08 1.37340516e+08 1.42748594e+08
 1.64977132e+08 1.10190357e+08 1.18175267e+08 1.54366992e+08
 1.37448828e+08 1.23554162e+08 1.80708986e+08 1.60401294e+08
 1.29592592e+08 1.47970295e+08 1.25528163e+08 9.18034521e+07
 7.75269940e+07 2.79248589e+08 2.52053116e+08 1.83894810e+08
 1.22311869e+08 1.41086080e+08 2.94557693e+08 1.81804747e+08
 2.23404581e+08 1.58786400e+08 2.98292292e+08 2.30927724e+08
 2.11212640e+08 2.19746943e+08 2.49386458e+08 1.62868283e+08
 3.69817287e+08 3.24961966e+08 3.09656880e+08 2.75928982e+08
 2.77453297e+08 3.30295524e+08 3.42116782e+08 3.10382035e+08
 2.46086059e+08 1.89560048e+08 3.18711450e+08 2.49825310e+08
 4.76607674e+08 4.70041859e+08 4.00804451e+08 2.94662413e+08
 2.24012938e+08 2.46005033e+08 2.45296369e+08 2.27852254e+08
 3.11210248e+08 2.56142565e+08 3.38406815e+08 4.23178793e+08
 4.20449350e+08 3.52550372e+08 4.42132758e+08 4.52337879e+08
 3.28285308e+08 3.06128873e+08 2.30859893e+08 2.37016937e+08
 1.71301832e+08 1.73717741e+08 1.71408309e+08 1.90267526e+08
 2.03813413e+08 1.93551441e+08 4.97212754e+08 3.49773895e+08
 2.82734795e+08 2.51232937e+08 2.29532119e+08 3.06951076e+08
 2.29901481e+08 1.91611558e+08 1.90671196e+08 2.26501996e+08
 1.52251777e+08 1.44041428e+08 1.12201711e+08 2.11041213e+08
 2.03209048e+08 2.43638936e+08 1.47903733e+08 1.66407309e+08
 1.07354555e+08 1.14995478e+08 1.81237972e+08 1.72912599e+08
 2.17243927e+08 1.85663971e+08 1.87110470e+08 1.29944868e+08
 9.54488785e+07 1.45667372e+08 1.35271813e+08 1.78540103e+08
 1.73374428e+08 1.10921052e+08 1.96483577e+08 3.37221424e+08
 2.88593970e+08 1.88421375e+08 1.92368970e+08 1.58925840e+08
 1.52279153e+08 1.71860961e+08 1.25365866e+08 1.89018585e+08
 1.53950621e+08 1.62544547e+08 9.13987012e+07 9.29386984e+07
 1.14678176e+08 8.84513553e+07 8.58084142e+07 1.74375408e+08
 1.84818428e+08 1.27518728e+08 8.77398655e+07 7.25085925e+07
 1.07548754e+08 1.51573310e+08 2.03986634e+08 1.25896180e+08
 8.90961610e+07 6.64085881e+07 8.88010414e+07]' has dtype incompatible with int64, please explicitly cast to a compatible dtype first.
  dd.loc[future,['open','high','low','close','preclose','volume']]*=1.17
/home/runner/work/daily_stock_analysis/daily_stock_analysis/scripts/research/foxconn_b16_accounts.py:320: FutureWarning: Setting an item of incompatible dtype is deprecated and will raise an error in a future version of pandas. Value '[11395160.  10617880.  10636220.  ...  1657306.   2215920.   2272219.6]' has dtype incompatible with int64, please explicitly cast to a compatible dtype first.
  masklate=(mm.date>day)|((mm.date==day)&mm.clock.gt('09:41'));mm.loc[masklate,['high','low','close','volume']]*=1.4
/home/runner/work/daily_stock_analysis/daily_stock_analysis/scripts/research/foxconn_b16_accounts.py:318: FutureWarning: Setting an item of incompatible dtype is deprecated and will raise an error in a future version of pandas. Value '[2.28289313e+08 1.60921087e+08 2.02134017e+08 1.56416743e+08
 1.36980662e+08 1.10010904e+08 1.12360091e+08 1.16217148e+08
 1.05192601e+08 1.49711745e+08 1.08767007e+08 1.59813115e+08
 9.51781522e+07 8.83794085e+07 8.52384008e+07 1.12148299e+08
 1.07937045e+08 1.26678513e+08 1.22536936e+08 8.63694538e+07
 2.49006502e+08 1.22470099e+08 1.48329285e+08 9.71456066e+07
 8.59747976e+07 1.23076508e+08 9.36738726e+07 1.05563587e+08
 9.61331307e+07 1.24817539e+08 1.11336317e+08 6.80330840e+07
 1.77013742e+08 1.00556697e+08 9.41473775e+07 2.78302050e+07
 3.73192483e+08 2.25887111e+08 1.65649149e+08 1.16988825e+08
 1.41363007e+08 1.77971266e+08 8.38422796e+07 9.66137843e+07
 9.13587726e+07 1.15209452e+08 1.66925200e+08 9.08337409e+07
 1.38130013e+08 1.05823226e+08 1.97966561e+08 1.44989957e+08
 1.28712445e+08 9.65454177e+07 1.07588374e+08 9.29758495e+07
 7.58020185e+07 7.82144158e+07 7.31865759e+07 1.01712490e+08
 1.77207917e+08 9.94002890e+07 7.35021963e+07 1.10936338e+08
 9.03967763e+07 8.58180808e+07 9.00300071e+07 6.62856445e+07
 6.63473877e+07 1.74671095e+08 1.84062605e+08 1.28205000e+08
 8.96761698e+07 8.35870066e+07 7.25297578e+07 1.09167922e+08
 7.62141241e+07 8.70758390e+07 7.71309267e+07 7.82764187e+07
 6.31320195e+07 4.94797680e+07 5.92375282e+07 1.21916684e+08
 1.04913813e+08 1.49779465e+08 9.67926843e+07 1.20690071e+08
 7.41743695e+07 6.81946153e+07 1.03708771e+08 8.09113149e+07
 8.61860224e+07 6.97404638e+07 6.96666040e+07 1.19615758e+08
 8.95551076e+07 2.59780640e+08 2.33018465e+08 2.51089991e+08
 1.92726002e+08 1.65713860e+08 1.93615716e+08 1.64453397e+08
 1.42655455e+08 8.84743786e+07 1.03502879e+08 2.10408175e+08
 1.86442247e+08 2.60454835e+08 2.73156532e+08 2.03340541e+08
 2.18882800e+08 2.32641045e+08 3.57228100e+08 2.90851321e+08
 3.03389323e+08 2.61782677e+08 2.06815185e+08 3.35059883e+08
 2.56714972e+08 2.13522631e+08 2.90296445e+08 3.13788320e+08
 3.62415767e+08 2.69401494e+08 3.16240093e+08 3.34293385e+08
 3.93086054e+08 3.65645654e+08 5.75686758e+08 6.44217428e+08
 4.19238557e+08 4.97031900e+08 4.43590887e+08 3.49716075e+08
 3.15552031e+08 3.04625885e+08 2.73748206e+08 2.88222315e+08
 2.78029481e+08 3.22500061e+08 1.98142162e+08 1.98836826e+08
 1.80010822e+08 2.06953942e+08 1.43194853e+08 1.60569374e+08
 1.44680955e+08 1.58596792e+08 2.97643070e+08 1.74671307e+08
 1.45534055e+08 2.39717223e+08 2.72198616e+08 2.20660384e+08
 2.01610879e+08 1.21749939e+08 2.61789966e+08 1.40326661e+08
 4.12720287e+08 3.00326011e+08 2.69728926e+08 2.00672315e+08
 2.81869663e+08 1.65195199e+08 1.67715721e+08 1.14032611e+08
 1.18419869e+08 1.34176382e+08 1.66729731e+08 2.82158316e+08
 1.62321030e+08 2.00692659e+08 1.30698176e+08 1.15460500e+08
 2.12762959e+08 2.39989788e+08 1.71529210e+08 1.15320648e+08
 1.05616246e+08 8.30917035e+07 1.62762464e+08 1.82066613e+08
 9.60656065e+07 8.57394521e+07 3.48581037e+08 3.45966468e+08
 1.88415751e+08 2.26318779e+08 2.78691520e+08 2.67289214e+08
 2.39140087e+08 2.40333252e+08 1.66428130e+08 1.22086513e+08
 1.44064510e+08 1.32693170e+08 1.54100746e+08 1.40149771e+08
 1.23621620e+08 1.34557150e+08 1.17608085e+08 1.05502782e+08
 8.66063730e+07 9.25103755e+07 1.03140202e+08 7.48124933e+07
 1.86638223e+08 1.19974107e+08 1.50236650e+08 1.51239096e+08
 9.91128423e+07 1.48387594e+08 1.59191569e+08 1.87555247e+08
 1.35407123e+08 1.22032515e+08 1.15723337e+08 1.03420549e+08
 1.57485633e+08 1.00614767e+08 1.14307431e+08 1.50105000e+08
 1.75851028e+08 1.69943841e+08 2.12919258e+08 2.73967078e+08
 1.67265040e+08 1.29793212e+08 1.53552691e+08 2.02037399e+08
 1.08435787e+08 1.18645704e+08 2.46811215e+08 1.47924242e+08
 1.77671860e+08 1.05890545e+08 1.05789032e+08 1.09640528e+08
 9.62016553e+07 9.59592430e+07 8.86231324e+07 8.55262652e+07
 7.94267815e+07 1.60617378e+08 2.25020896e+08 1.53692644e+08
 9.62873590e+07 1.50641624e+08 9.57369559e+07 1.07425548e+08
 1.01310308e+08 1.18827435e+08 8.10892894e+07 1.38054100e+08
 1.86827994e+08 9.52818668e+07 1.14351995e+08 1.05731536e+08
 9.01515619e+07 3.01661679e+08 2.87138534e+08 2.20914154e+08
 1.64604436e+08 3.26625886e+08 3.58677002e+08 3.11901713e+08
 2.15914879e+08 1.70661334e+08 1.65415063e+08 1.56887404e+08
 1.58025231e+08 1.34877345e+08 2.84138742e+08 2.92549864e+08
 1.72286975e+08 1.44863530e+08 1.07814111e+08 1.24805896e+08
 1.27139534e+08 1.61873329e+08 1.41914401e+08 2.18463776e+08
 1.32245016e+08 1.28174872e+08 1.79288793e+08 1.83124740e+08
 1.81234184e+08 3.87716996e+08 3.66172510e+08 2.70439928e+08
 2.80141525e+08 2.16551790e+08 1.77561404e+08 1.31352688e+08
 1.25748733e+08 1.34032442e+08 1.43811064e+08 1.41739613e+08
 1.50246644e+08 1.04910737e+08 1.01623243e+08 1.06254432e+08
 1.35014843e+08 1.43127866e+08 1.03111165e+08 1.12625136e+08
 1.71658472e+08 1.29546670e+08 1.08960180e+08 1.52003379e+08
 1.09682160e+08 1.06456918e+08 1.93236110e+08 1.15615426e+08
 2.14875870e+08 1.08051316e+08 2.13480778e+08 1.46225519e+08
 1.61823146e+08 2.45734117e+08 1.90135085e+08 2.28688309e+08
 2.10147382e+08 1.13814147e+08 1.57301250e+08 1.45934037e+08
 1.21405536e+08 9.67563406e+07 1.34774333e+08 1.35750736e+08
 8.90550987e+07 1.29153412e+08 7.56928446e+07 1.57740063e+08
 9.74363282e+07 1.84004724e+08 1.19786033e+08 9.91194411e+07
 1.47153620e+08 4.67463202e+08 4.73270622e+08 2.71387650e+08
 2.98020946e+08 3.50492310e+08 2.38684634e+08 3.38511097e+08
 2.01967596e+08 1.79368131e+08 1.48831780e+08 1.31870265e+08
 1.80343664e+08 2.45745061e+08 2.49916853e+08 2.31385266e+08
 1.73737180e+08 2.37085250e+08 2.77138197e+08 2.23968473e+08
 1.96068014e+08 2.26494230e+08 2.01125516e+08 1.23913665e+08
 1.31891466e+08 9.56682593e+07 1.63537199e+08 1.20577735e+08
 8.32733355e+07 9.21295943e+07 1.05475946e+08 1.04261143e+08
 1.69396525e+08 1.36266767e+08 1.06564487e+08 1.13720696e+08
 7.45669735e+07 8.35964204e+07 7.62218695e+07 8.59520575e+07
 6.14492740e+07 8.47782082e+07 6.69405438e+07 7.44639457e+07
 6.72489067e+07 5.60467089e+07 1.49147444e+08 3.88044540e+07
 2.51246249e+08 2.56154547e+08 2.97011679e+08 1.84185797e+08
 1.67199564e+08 1.02260628e+08 1.38908565e+08 9.10524163e+07
 6.36716340e+07 5.98240293e+07 5.40124240e+07 1.18698402e+08
 6.27589310e+07 8.25205364e+07 5.36796012e+07 4.27016316e+07
 6.46512212e+07 1.16490224e+08 1.16933147e+08 1.18259301e+08
 6.78325951e+07 1.24489267e+08 1.22377596e+08 1.76063127e+08
 9.43668332e+07 6.28382676e+07 6.47307683e+07 4.65054466e+07
 3.85358524e+07 6.36852961e+07 6.27905468e+07 4.46807509e+07
 5.05664511e+07 3.88258240e+07 2.07011285e+08 1.09465785e+08
 5.81988549e+07 1.30107016e+08 2.71608753e+08 9.92164680e+07
 8.70278912e+07 7.31466567e+07 1.00393397e+08 1.22630306e+08
 1.22071129e+08 1.44510875e+08 1.03206575e+08 1.37929264e+08
 9.44628727e+07 5.86010377e+07 9.17625688e+07 8.32301040e+07
 1.34494169e+08 1.38018378e+08 1.35909590e+08 8.87544298e+07
 8.78178565e+07 6.28096342e+07 3.99951430e+08 3.78618391e+08
 1.92932676e+08 3.38943662e+08 3.10502370e+08 2.18112088e+08
 1.68380116e+08 1.26863830e+08 3.23326156e+08 1.70379157e+08
 1.83846982e+08 1.50881639e+08 1.01209493e+08 1.66005098e+08
 1.33489279e+08 2.62012733e+08 1.25697613e+08 1.78131996e+08
 2.09238683e+08 2.41997667e+08 3.53667999e+08 2.56692322e+08
 1.61670663e+08 2.86170389e+08 1.72716261e+08 2.85002349e+08
 2.10746433e+08 2.25792180e+08 2.60734683e+08 2.83569124e+08
 2.83141756e+08 2.69885420e+08 3.07801300e+08 3.19461278e+08
 2.96078638e+08 2.71044443e+08 2.82277722e+08 3.58105419e+08
 2.59315801e+08 3.04622551e+08 4.04737334e+08 4.01336505e+08
 3.15337479e+08 3.18604499e+08 2.59641367e+08 3.90582587e+08
 3.96736767e+08 3.54804280e+08 3.06747547e+08 4.04912022e+08
 3.18567417e+08 3.69258103e+08 2.26011074e+08 2.10011486e+08
 2.83033997e+08 3.68628216e+08 2.77134719e+08 2.80715760e+08
 3.12428278e+08 2.29769798e+08 2.20741755e+08 2.24845510e+08
 1.81391868e+08 1.93449835e+08 2.59206073e+08 2.15612094e+08
 1.99915224e+08 2.27774545e+08 2.23664571e+08 1.35649014e+08
 1.61318997e+08 1.69652675e+08 2.95176686e+08 1.95614273e+08
 1.29899644e+08 2.09454306e+08 2.74808713e+08 2.37280913e+08
 2.33056885e+08 2.81842412e+08 2.88169437e+08 2.50769174e+08
 1.53545831e+08 1.95683337e+08 2.01804989e+08 1.85494162e+08
 2.48370594e+08 1.64894259e+08 1.60252771e+08 1.42348739e+08
 1.81402879e+08 1.36033664e+08 1.34196119e+08 1.70394871e+08
 1.66345190e+08 2.22638531e+08 3.88450613e+08 2.64670899e+08
 3.29102615e+08 3.22788333e+08 1.95131178e+08 2.11522779e+08
 2.44679434e+08 2.18313948e+08 1.83780638e+08 1.52754064e+08
 2.82058184e+08 3.43750647e+08 2.56847203e+08 2.24746083e+08
 1.97161802e+08 1.60764758e+08 1.51423857e+08 1.89835588e+08
 2.06095749e+08 1.15839027e+08 2.06487780e+08 2.53297693e+08
 2.54911450e+08 2.36602698e+08 2.25727796e+08 2.20536136e+08
 1.74676515e+08 1.83000142e+08 1.86428461e+08 1.99907977e+08
 1.93869379e+08 2.17586685e+08 1.83142555e+08 2.46965501e+08
 2.25846979e+08 1.82801016e+08 1.66867168e+08 3.07237637e+08
 2.20415141e+08 1.63228469e+08 2.02987504e+08 2.59571867e+08
 2.37860103e+08 1.37876392e+08 2.48443059e+08 2.01228443e+08
 3.79728652e+08 2.02637505e+08 1.82929907e+08 1.95987000e+08
 2.21206802e+08 1.68931206e+08 1.61193476e+08 1.63915408e+08
 1.30224532e+08 8.78403076e+07 9.76103248e+07 8.04545785e+07
 1.25776155e+08 1.98831168e+08 1.90389367e+08 1.99111988e+08
 1.38542046e+08 2.26066053e+08 1.25808028e+08 1.59398478e+08
 1.01707855e+08 1.98265684e+08 1.37340516e+08 1.42748594e+08
 1.64977132e+08 1.10190357e+08 1.18175267e+08 1.54366992e+08
 1.37448828e+08 1.23554162e+08 1.80708986e+08 1.60401294e+08
 1.29592592e+08 1.47970295e+08 1.25528163e+08 9.18034521e+07
 7.75269940e+07 2.79248589e+08 2.52053116e+08 1.83894810e+08
 1.22311869e+08 1.41086080e+08 2.94557693e+08 1.81804747e+08
 2.23404581e+08 1.58786400e+08 2.98292292e+08 2.30927724e+08
 2.11212640e+08 2.19746943e+08 2.49386458e+08 1.62868283e+08
 3.69817287e+08 3.24961966e+08 3.09656880e+08 2.75928982e+08
 2.77453297e+08 3.30295524e+08 3.42116782e+08 3.10382035e+08
 2.46086059e+08 1.89560048e+08 3.18711450e+08 2.49825310e+08
 4.76607674e+08 4.70041859e+08 4.00804451e+08 2.94662413e+08
 2.24012938e+08 2.46005033e+08 2.45296369e+08 2.27852254e+08
 3.11210248e+08 2.56142565e+08 3.38406815e+08 4.23178793e+08
 4.20449350e+08 3.52550372e+08 4.42132758e+08 4.52337879e+08
 3.28285308e+08 3.06128873e+08 2.30859893e+08 2.37016937e+08
 1.71301832e+08 1.73717741e+08 1.71408309e+08 1.90267526e+08
 2.03813413e+08 1.93551441e+08 4.97212754e+08 3.49773895e+08
 2.82734795e+08 2.51232937e+08 2.29532119e+08 3.06951076e+08
 2.29901481e+08 1.91611558e+08 1.90671196e+08 2.26501996e+08
 1.52251777e+08 1.44041428e+08 1.12201711e+08 2.11041213e+08
 2.03209048e+08 2.43638936e+08 1.47903733e+08 1.66407309e+08
 1.07354555e+08 1.14995478e+08 1.81237972e+08 1.72912599e+08
 2.17243927e+08 1.85663971e+08 1.87110470e+08 1.29944868e+08
 9.54488785e+07 1.45667372e+08 1.35271813e+08 1.78540103e+08
 1.73374428e+08 1.10921052e+08 1.96483577e+08 3.37221424e+08
 2.88593970e+08 1.88421375e+08 1.92368970e+08 1.58925840e+08
 1.52279153e+08 1.71860961e+08 1.25365866e+08 1.89018585e+08
 1.53950621e+08 1.62544547e+08 9.13987012e+07 9.29386984e+07
 1.14678176e+08 8.84513553e+07 8.58084142e+07 1.74375408e+08
 1.84818428e+08 1.27518728e+08 8.77398655e+07 7.25085925e+07
 1.07548754e+08 1.51573310e+08 2.03986634e+08 1.25896180e+08
 8.90961610e+07 6.64085881e+07 8.88010414e+07]' has dtype incompatible with int64, please explicitly cast to a compatible dtype first.
  dd.loc[future,['open','high','low','close','preclose','volume']]*=1.17
/home/runner/work/daily_stock_analysis/daily_stock_analysis/scripts/research/foxconn_b16_accounts.py:320: FutureWarning: Setting an item of incompatible dtype is deprecated and will raise an error in a future version of pandas. Value '[11395160.  10617880.  10636220.  ...  1657306.   2215920.   2272219.6]' has dtype incompatible with int64, please explicitly cast to a compatible dtype first.
  masklate=(mm.date>day)|((mm.date==day)&mm.clock.gt('09:41'));mm.loc[masklate,['high','low','close','volume']]*=1.4
/home/runner/work/daily_stock_analysis/daily_stock_analysis/scripts/research/foxconn_b16_accounts.py:318: FutureWarning: Setting an item of incompatible dtype is deprecated and will raise an error in a future version of pandas. Value '[1.96483577e+08 3.37221424e+08 2.88593970e+08 1.88421375e+08
 1.92368970e+08 1.58925840e+08 1.52279153e+08 1.71860961e+08
 1.25365866e+08 1.89018585e+08 1.53950621e+08 1.62544547e+08
 9.13987012e+07 9.29386984e+07 1.14678176e+08 8.84513553e+07
 8.58084142e+07 1.74375408e+08 1.84818428e+08 1.27518728e+08
 8.77398655e+07 7.25085925e+07 1.07548754e+08 1.51573310e+08
 2.03986634e+08 1.25896180e+08 8.90961610e+07 6.64085881e+07
 8.88010414e+07]' has dtype incompatible with int64, please explicitly cast to a compatible dtype first.
  dd.loc[future,['open','high','low','close','preclose','volume']]*=1.17
/home/runner/work/daily_stock_analysis/daily_stock_analysis/scripts/research/foxconn_b16_accounts.py:320: FutureWarning: Setting an item of incompatible dtype is deprecated and will raise an error in a future version of pandas. Value '[8581361.6 6723360.  4392143.  ... 1657306.  2215920.  2272219.6]' has dtype incompatible with int64, please explicitly cast to a compatible dtype first.
  masklate=(mm.date>day)|((mm.date==day)&mm.clock.gt('09:41'));mm.loc[masklate,['high','low','close','volume']]*=1.4
/home/runner/work/daily_stock_analysis/daily_stock_analysis/scripts/research/foxconn_b16_accounts.py:318: FutureWarning: Setting an item of incompatible dtype is deprecated and will raise an error in a future version of pandas. Value '[1.96483577e+08 3.37221424e+08 2.88593970e+08 1.88421375e+08
 1.92368970e+08 1.58925840e+08 1.52279153e+08 1.71860961e+08
 1.25365866e+08 1.89018585e+08 1.53950621e+08 1.62544547e+08
 9.13987012e+07 9.29386984e+07 1.14678176e+08 8.84513553e+07
 8.58084142e+07 1.74375408e+08 1.84818428e+08 1.27518728e+08
 8.77398655e+07 7.25085925e+07 1.07548754e+08 1.51573310e+08
 2.03986634e+08 1.25896180e+08 8.90961610e+07 6.64085881e+07
 8.88010414e+07]' has dtype incompatible with int64, please explicitly cast to a compatible dtype first.
  dd.loc[future,['open','high','low','close','preclose','volume']]*=1.17
/home/runner/work/daily_stock_analysis/daily_stock_analysis/scripts/research/foxconn_b16_accounts.py:320: FutureWarning: Setting an item of incompatible dtype is deprecated and will raise an error in a future version of pandas. Value '[8581361.6 6723360.  4392143.  ... 1657306.  2215920.  2272219.6]' has dtype incompatible with int64, please explicitly cast to a compatible dtype first.
  masklate=(mm.date>day)|((mm.date==day)&mm.clock.gt('09:41'));mm.loc[masklate,['high','low','close','volume']]*=1.4
B16_COMPLETE 44
