ACCOUNT Q1000 5 39141.13855912734 101
ACCOUNT Q1000 11 35434.66752367912 101
ACCOUNT Q1000 20 29874.96097050808 101
ACCOUNT Q1001 5 38590.85715592731 101
ACCOUNT Q1001 11 34884.05611663911 101
ACCOUNT Q1001 20 29323.85455770808 101
ACCOUNT Q1010 5 39241.20276022432 101
ACCOUNT Q1010 11 35534.791733292484 101
ACCOUNT Q1010 20 29975.175192896073 101
ACCOUNT Q1011 5 39101.19217391632 101
ACCOUNT Q1011 11 35394.69718261491 101
ACCOUNT Q1011 20 29834.954695664084 101
ACCOUNT Q1100 5 37330.20352011529 101
ACCOUNT Q1100 11 33622.64646665263 101
ACCOUNT Q1100 20 28061.310886460036 101
ACCOUNT Q1101 5 36779.92211691529 101
ACCOUNT Q1101 11 33072.03505961265 101
ACCOUNT Q1101 20 27510.204473660036 101
ACCOUNT Q1110 5 37220.16062016226 101
ACCOUNT Q1110 11 33512.53757395601 101
ACCOUNT Q1110 20 27951.10300464806 101
ACCOUNT Q1111 5 37490.35913590429 101
ACCOUNT Q1111 11 33782.898127788445 101
ACCOUNT Q1111 20 28221.706615616044 101
ACCOUNT Q2000 5 37520.079384602315 101
ACCOUNT Q2000 11 33812.636199724075 101
ACCOUNT Q2000 20 28251.471422408067 101
ACCOUNT Q2001 5 36969.797981402284 101
ACCOUNT Q2001 11 33262.0247926841 101
ACCOUNT Q2001 20 27700.365009608096 101
ACCOUNT Q2010 5 37620.14358569929 101
ACCOUNT Q2010 11 33912.76040933747 101
ACCOUNT Q2010 20 28351.68564479609 101
ACCOUNT Q2011 5 37480.132999391266 101
ACCOUNT Q2011 11 33772.66585865989 101
ACCOUNT Q2011 20 28211.46514756407 101
ACCOUNT Q2100 5 35709.14434559029 101
ACCOUNT Q2100 11 32000.615142697672 101
ACCOUNT Q2100 20 26437.821338360023 101
ACCOUNT Q2101 5 35158.86294239032 101
ACCOUNT Q2101 11 31450.003735657694 101
ACCOUNT Q2101 20 25886.714925560023 101
ACCOUNT Q2110 5 35599.101445637294 101
ACCOUNT Q2110 11 31890.506250001054 101
ACCOUNT Q2110 20 26327.613456548046 101
ACCOUNT Q2111 5 35869.29996137929 101
ACCOUNT Q2111 11 32160.866803833487 101
ACCOUNT Q2111 20 26598.21706751603 101
ACCOUNT Q0000 5 37460.27612391533 101
ACCOUNT Q0000 11 33752.79707501267 101
ACCOUNT Q0000 20 28191.57850166 101
ACCOUNT Q0001 5 36909.99472071536 101
ACCOUNT Q0001 11 33202.18566797269 101
ACCOUNT Q0001 20 27640.47208886 101
ACCOUNT Q0010 5 37560.34032501234 101
ACCOUNT Q0010 11 33852.92128462606 101
ACCOUNT Q0010 20 28291.79272404799 101
ACCOUNT Q0011 5 37420.32973870437 101
ACCOUNT Q0011 11 33712.82673394849 101
ACCOUNT Q0011 20 28151.572226816003 101
ACCOUNT Q0100 5 35649.34108490331 101
ACCOUNT Q0100 11 31940.776017986267 101
ACCOUNT Q0100 20 26377.928417611955 101
ACCOUNT Q0101 5 35099.05968170331 101
ACCOUNT Q0101 11 31390.16461094629 101
ACCOUNT Q0101 20 25826.822004811955 101
ACCOUNT Q0110 5 35539.29818495028 101
ACCOUNT Q0110 11 31830.667125289678 101
ACCOUNT Q0110 20 26267.72053579995 101
ACCOUNT Q0111 5 35809.49670069231 101
ACCOUNT Q0111 11 32101.027679122082 101
ACCOUNT Q0111 20 26538.324146767933 101
ACCOUNT CTRL_OLD 5 30160.578375623503 181
ACCOUNT CTRL_OLD 11 24694.78085117016 181
ACCOUNT CTRL_OLD 20 16496.08456449202 181
ACCOUNT CTRL_OPEN 5 37339.91183784837 101
ACCOUNT CTRL_OPEN 11 33632.360606465314 101
ACCOUNT CTRL_OPEN 20 28071.0337593921 101
ACCOUNT CTRL_W0 5 15885.793385660072 41
ACCOUNT CTRL_W0 11 14374.041144451883 41
ACCOUNT CTRL_W0 20 12106.41278264005 41
ACCOUNT CTRL_W1 5 16085.909587757109 41
ACCOUNT CTRL_W1 11 14574.277356265287 41
ACCOUNT CTRL_W1 20 12306.829009028064 41
