ACCOUNT R0000 5 26222.65670020436 101
ACCOUNT R0000 11 22508.438449248555 101
ACCOUNT R0000 20 16937.111072816013 101
ACCOUNT R0001 5 27333.53081768335 101
ACCOUNT R0001 11 23619.978758102312 101
ACCOUNT R0001 20 18049.650668732036 101
ACCOUNT R0002 5 27533.646019280335 101
ACCOUNT R0002 11 23820.21396881569 101
ACCOUNT R0002 20 18250.065893120016 101
ACCOUNT R0010 5 26913.009304004343 101
ACCOUNT R0010 11 23199.205057608546 101
ACCOUNT R0010 20 17628.49868801603 101
ACCOUNT R0011 5 28023.883421483362 101
ACCOUNT R0011 11 24310.745366462303 101
ACCOUNT R0011 20 18741.038283932023 101
ACCOUNT R0012 5 28223.99862308032 101
ACCOUNT R0012 11 24510.98057717568 101
ACCOUNT R0012 20 18941.453508320003 101
ACCOUNT R0020 5 26812.95830350436 101
ACCOUNT R0020 11 23099.094056508533 101
ACCOUNT R0020 20 17528.297686016012 101
ACCOUNT R0021 5 27923.83242098335 101
ACCOUNT R0021 11 24210.63436536232 101
ACCOUNT R0021 20 18640.837281932007 101
ACCOUNT R0022 5 28123.94762258031 101
ACCOUNT R0022 11 24410.869576075667 101
ACCOUNT R0022 20 18841.252506320016 101
ACCOUNT R0100 5 32396.6919370853 101
ACCOUNT R0100 11 28686.176255986735 101
ACCOUNT R0100 20 23120.402734340023 101
ACCOUNT R0101 5 33507.56605456429 101
ACCOUNT R0101 11 29797.71656484052 101
ACCOUNT R0101 20 24232.942330255988 101
ACCOUNT R0102 5 33707.681256161275 101
ACCOUNT R0102 11 29997.9517755539 101
ACCOUNT R0102 20 24433.357554643997 101
ACCOUNT R0110 5 33087.04454088531 101
ACCOUNT R0110 11 29376.942864346725 101
ACCOUNT R0110 20 23811.79034954001 101
ACCOUNT R0111 5 34197.9186583643 101
ACCOUNT R0111 11 30488.48317320051 101
ACCOUNT R0111 20 24924.329945456004 101
ACCOUNT R0112 5 34398.03385996129 101
ACCOUNT R0112 11 30688.71838391389 101
ACCOUNT R0112 20 25124.745169844013 101
ACCOUNT R0120 5 32986.9935403853 101
ACCOUNT R0120 11 29276.831863246713 101
ACCOUNT R0120 20 23711.589347539993 101
ACCOUNT R0121 5 34097.86765786429 101
ACCOUNT R0121 11 30388.372172100528 101
ACCOUNT R0121 20 24824.128943456017 101
ACCOUNT R0122 5 34297.98285946128 101
ACCOUNT R0122 11 30588.607382813905 101
ACCOUNT R0122 20 25024.544167843997 101
ACCOUNT R0200 5 30315.502032170305 101
ACCOUNT R0200 11 26603.73826117374 101
ACCOUNT R0200 20 21036.092604680016 101
ACCOUNT R0201 5 31426.376149649295 101
ACCOUNT R0201 11 27715.278570027498 101
ACCOUNT R0201 20 22148.63220059601 101
ACCOUNT R0202 5 31626.49135124628 101
ACCOUNT R0202 11 27915.513780740876 101
ACCOUNT R0202 20 22349.04742498399 101
ACCOUNT R0210 5 31005.85463597029 101
ACCOUNT R0210 11 27294.504869533732 101
ACCOUNT R0210 20 21727.480219880003 101
ACCOUNT R0211 5 32116.728753449308 101
ACCOUNT R0211 11 28406.04517838749 101
ACCOUNT R0211 20 22840.019815795997 101
ACCOUNT R0212 5 32316.843955046264 101
ACCOUNT R0212 11 28606.280389100866 101
ACCOUNT R0212 20 23040.435040184035 101
ACCOUNT R0220 5 30905.803635470307 101
ACCOUNT R0220 11 27194.39386843372 101
ACCOUNT R0220 20 21627.279217880015 101
ACCOUNT R0221 5 32016.677752949297 101
ACCOUNT R0221 11 28305.934177287505 101
ACCOUNT R0221 20 22739.81881379601 101
ACCOUNT R0222 5 32216.792954546283 101
ACCOUNT R0222 11 28506.169388000882 101
ACCOUNT R0222 20 22940.23403818402 101
ACCOUNT R1000 5 31165.87660096737 101
ACCOUNT R1000 11 27454.622799727134 101
ACCOUNT R1000 20 21887.74209786806 101
ACCOUNT R1001 5 32276.750718446332 101
ACCOUNT R1001 11 28566.16310858092 101
ACCOUNT R1001 20 23000.281693784054 101
ACCOUNT R1002 5 32476.86592004329 101
ACCOUNT R1002 11 28766.39831929427 101
ACCOUNT R1002 20 23200.696918172063 101
ACCOUNT R1010 5 31856.229204767325 101
ACCOUNT R1010 11 28145.389408087125 101
ACCOUNT R1010 20 22579.129713068076 101
ACCOUNT R1011 5 32967.103322246316 101
ACCOUNT R1011 11 29256.92971694091 101
ACCOUNT R1011 20 23691.66930898404 101
ACCOUNT R1012 5 33167.21852384333 101
ACCOUNT R1012 11 29457.16492765429 101
ACCOUNT R1012 20 23892.08453337208 101
ACCOUNT R1020 5 31756.178204267344 101
ACCOUNT R1020 11 28045.27840698714 101
ACCOUNT R1020 20 22478.92871106806 101
ACCOUNT R1021 5 32867.052321746334 101
ACCOUNT R1021 11 29156.8187158409 101
ACCOUNT R1021 20 23591.468306984054 101
ACCOUNT R1022 5 33067.16752334335 101
ACCOUNT R1022 11 29357.053926554276 101
ACCOUNT R1022 20 23791.883531372092 101
ACCOUNT R1100 5 37339.91183784837 101
ACCOUNT R1100 11 33632.360606465314 101
ACCOUNT R1100 20 28071.0337593921 101
ACCOUNT R1101 5 38450.78595532733 101
ACCOUNT R1101 11 34743.90091531913 101
ACCOUNT R1101 20 29183.573355308064 101
ACCOUNT R1102 5 38650.901156924316 101
ACCOUNT R1102 11 34944.13612603251 101
ACCOUNT R1102 20 29383.988579696103 101
ACCOUNT R1110 5 38030.26444164835 101
ACCOUNT R1110 11 34323.127214825305 101
ACCOUNT R1110 20 28762.421374592086 101
ACCOUNT R1111 5 39141.13855912734 101
ACCOUNT R1111 11 35434.66752367912 101
ACCOUNT R1111 20 29874.96097050808 101
ACCOUNT R1112 5 39341.25376072433 101
ACCOUNT R1112 11 35634.9027343925 101
ACCOUNT R1112 20 30075.37619489609 101
ACCOUNT R1120 5 37930.21344114834 101
ACCOUNT R1120 11 34223.01621372532 101
ACCOUNT R1120 20 28662.22037259207 101
ACCOUNT R1121 5 39041.08755862733 101
ACCOUNT R1121 11 35334.55652257911 101
ACCOUNT R1121 20 29774.759968508093 101
ACCOUNT R1122 5 39241.20276022432 101
ACCOUNT R1122 11 35534.791733292484 101
ACCOUNT R1122 20 29975.175192896073 101
ACCOUNT R1200 5 35258.72193293332 101
ACCOUNT R1200 11 31549.92261165232 101
ACCOUNT R1200 20 25986.72362973212 101
ACCOUNT R1201 5 36369.59605041231 101
ACCOUNT R1201 11 32661.462920506106 101
ACCOUNT R1201 20 27099.263225648087 101
ACCOUNT R1202 5 36569.71125200929 101
ACCOUNT R1202 11 32861.698131219484 101
ACCOUNT R1202 20 27299.678450036095 101
ACCOUNT R1210 5 35949.0745367333 101
ACCOUNT R1210 11 32240.68922001231 101
ACCOUNT R1210 20 26678.111244932108 101
ACCOUNT R1211 5 37059.94865421232 101
ACCOUNT R1211 11 33352.2295288661 101
ACCOUNT R1211 20 27790.650840848102 101
ACCOUNT R1212 5 37260.063855809305 101
ACCOUNT R1212 11 33552.464739579475 101
ACCOUNT R1212 20 27991.06606523611 101
ACCOUNT R1220 5 35849.02353623332 101
ACCOUNT R1220 11 32140.578218912327 101
ACCOUNT R1220 20 26577.910242932092 101
ACCOUNT R1221 5 36959.89765371231 101
ACCOUNT R1221 11 33252.11852776611 101
ACCOUNT R1221 20 27690.449838848086 101
ACCOUNT R1222 5 37160.012855309295 101
ACCOUNT R1222 11 33452.35373847949 101
ACCOUNT R1222 20 27890.865063236095 101
ACCOUNT R2000 5 31566.204070670385 101
ACCOUNT R2000 11 27855.190345873707 101
ACCOUNT R2000 20 22288.669758680073 101
ACCOUNT R2001 5 32677.078188149375 101
ACCOUNT R2001 11 28966.730654727464 101
ACCOUNT R2001 20 23401.20935459601 101
ACCOUNT R2002 5 32877.19338974636 101
ACCOUNT R2002 11 29166.96586544087 101
ACCOUNT R2002 20 23601.624578984018 101
ACCOUNT R2010 5 32256.55667447034 101
ACCOUNT R2010 11 28545.956954233698 101
ACCOUNT R2010 20 22980.05737388009 101
ACCOUNT R2011 5 33367.43079194933 101
ACCOUNT R2011 11 29657.497263087454 101
ACCOUNT R2011 20 24092.596969796054 101
ACCOUNT R2012 5 33567.54599354637 101
ACCOUNT R2012 11 29857.73247380086 101
ACCOUNT R2012 20 24293.012194184063 101
ACCOUNT R2020 5 32156.505673970358 101
ACCOUNT R2020 11 28445.845953133714 101
ACCOUNT R2020 20 22879.856371880072 101
ACCOUNT R2021 5 33267.37979144935 101
ACCOUNT R2021 11 29557.38626198747 101
ACCOUNT R2021 20 23992.395967796037 101
ACCOUNT R2022 5 33467.49499304633 101
ACCOUNT R2022 11 29757.621472700877 101
ACCOUNT R2022 20 24192.811192184046 101
ACCOUNT R2100 5 37740.239307551354 101
ACCOUNT R2100 11 34032.928152611916 101
ACCOUNT R2100 20 28471.961420204025 101
ACCOUNT R2101 5 38851.11342503037 101
ACCOUNT R2101 11 35144.46846146567 101
ACCOUNT R2101 20 29584.50101611999 101
ACCOUNT R2102 5 39051.22862662733 101
ACCOUNT R2102 11 35344.70367217905 101
ACCOUNT R2102 20 29784.916240508 101
ACCOUNT R2110 5 38430.59191135137 101
ACCOUNT R2110 11 34723.69476097188 101
ACCOUNT R2110 20 29163.34903540404 101
ACCOUNT R2111 5 39541.46602883036 101
ACCOUNT R2111 11 35835.23506982566 101
ACCOUNT R2111 20 30275.888631319976 101
ACCOUNT R2112 5 39741.58123042734 101
ACCOUNT R2112 11 36035.47028053904 101
ACCOUNT R2112 20 30476.303855708014 101
ACCOUNT R2120 5 38330.540910851356 101
ACCOUNT R2120 11 34623.58375987189 101
ACCOUNT R2120 20 29063.148033404024 101
ACCOUNT R2121 5 39441.415028330346 101
ACCOUNT R2121 11 35735.12406872568 101
ACCOUNT R2121 20 30175.68762931999 101
ACCOUNT R2122 5 39641.53022992733 101
ACCOUNT R2122 11 35935.35927943906 101
ACCOUNT R2122 20 30376.102853708 101
ACCOUNT R2200 5 35659.04940263636 101
ACCOUNT R2200 11 31950.490157798893 101
ACCOUNT R2200 20 26387.651290544047 101
ACCOUNT R2201 5 36769.92352011535 101
ACCOUNT R2201 11 33062.03046665268 101
ACCOUNT R2201 20 27500.190886460012 101
ACCOUNT R2202 5 36970.038721712335 101
ACCOUNT R2202 11 33262.26567736606 101
ACCOUNT R2202 20 27700.60611084802 101
ACCOUNT R2210 5 36349.40200643634 101
ACCOUNT R2210 11 32641.256766158913 101
ACCOUNT R2210 20 27079.038905744033 101
ACCOUNT R2211 5 37460.27612391533 101
ACCOUNT R2211 11 33752.79707501267 101
ACCOUNT R2211 20 28191.57850166 101
ACCOUNT R2212 5 37660.39132551232 101
ACCOUNT R2212 11 33953.03228572605 101
ACCOUNT R2212 20 28391.993726048007 101
ACCOUNT R2220 5 36249.35100593636 101
ACCOUNT R2220 11 32541.1457650589 101
ACCOUNT R2220 20 26978.837903744017 101
ACCOUNT R2221 5 37360.22512341535 101
ACCOUNT R2221 11 33652.686073912686 101
ACCOUNT R2221 20 28091.37749966001 101
ACCOUNT R2222 5 37560.34032501234 101
ACCOUNT R2222 11 33852.92128462606 101
ACCOUNT R2222 20 28291.79272404799 101
