INDEPENDENT 27
INDEPENDENT 54
INDEPENDENT 81
INDEPENDENT 108
INDEPENDENT 135
INDEPENDENT 162
INDEPENDENT 189
INDEPENDENT 216
INDEPENDENT 243
/home/runner/work/daily_stock_analysis/daily_stock_analysis/scripts/research/foxconn_b23_verify.py:79: FutureWarning: Setting an item of incompatible dtype is deprecated and will raise an error in a future version of pandas. Value '[6.14909720e+07 5.90550717e+07 5.96141794e+07 ... 1.14987353e+08
 8.57068103e+07 1.14606472e+08]' has dtype incompatible with int64, please explicitly cast to a compatible dtype first.
  dd=d.copy();mm=m.copy();mask=dd.date.ge(cutoff);dd.loc[mask,['open','high','low','close','preclose','volume']]*=1.51;mm.loc[mm.date.ge(cutoff),['open','high','low','close']]*=1.51
/home/runner/work/daily_stock_analysis/daily_stock_analysis/scripts/research/foxconn_b23_verify.py:79: FutureWarning: Setting an item of incompatible dtype is deprecated and will raise an error in a future version of pandas. Value '[1.93305122e+08 1.24920473e+08 1.55762400e+08 9.57293145e+07
 8.80118540e+07 1.33846362e+08 1.04424005e+08 1.11231533e+08
 9.00069233e+07 8.99116001e+07 1.54375893e+08 1.15579669e+08
 3.35272450e+08 3.00733232e+08 3.24056313e+08 2.48731849e+08
 2.13870025e+08 2.49880112e+08 2.12243273e+08 1.84110886e+08
 1.14184882e+08 1.33580638e+08 2.71552431e+08 2.40622045e+08
 3.36142565e+08 3.52535353e+08 2.62430954e+08 2.82489767e+08
 3.00246135e+08 4.61037975e+08 3.75372218e+08 3.91553742e+08
 3.37856276e+08 2.66915324e+08 4.32427712e+08 3.31315904e+08
 2.75571942e+08 3.74656096e+08 4.04974669e+08 4.67733170e+08
 3.47689107e+08 4.08138924e+08 4.31438471e+08 5.07316189e+08
 4.71901656e+08 7.42980346e+08 8.31425911e+08 5.41068565e+08
 6.41468521e+08 5.72497640e+08 4.51342968e+08 4.07250912e+08
 3.93149646e+08 3.53298967e+08 3.71979227e+08 3.58824373e+08
 4.16218028e+08 2.55721935e+08 2.56618468e+08 2.32321659e+08
 2.67094404e+08 1.84807032e+08 2.07230559e+08 1.86724993e+08
 2.04684749e+08 3.84137637e+08 2.25430490e+08 1.87826002e+08
 3.09378638e+08 3.51299069e+08 2.84783915e+08 2.60198656e+08
 1.57130263e+08 3.37865683e+08 1.81105349e+08 5.32656097e+08
 3.87600236e+08 3.48111691e+08 2.58987346e+08 3.63780505e+08
 2.13200642e+08 2.16453623e+08 1.47170293e+08 1.52832480e+08
 1.73167809e+08 2.15181106e+08 3.64153041e+08 2.09491244e+08
 2.59013602e+08 1.68678843e+08 1.49013124e+08 2.74591511e+08
 3.09730410e+08 2.21375305e+08 1.48832631e+08 1.36308147e+08
 1.07238010e+08 2.10060958e+08 2.34974860e+08 1.23982108e+08
 1.10655190e+08 4.49878090e+08 4.46503732e+08 2.43169046e+08
 2.92086630e+08 3.59678799e+08 3.44963003e+08 3.08633788e+08
 3.10173684e+08 2.14791860e+08 1.57564645e+08 1.85929411e+08
 1.71253579e+08 1.98882159e+08 1.80877055e+08 1.59545851e+08
 1.73659228e+08 1.51784794e+08 1.36161710e+08 1.11774037e+08
 1.19393732e+08 1.33112569e+08 9.65528760e+07 2.40874972e+08
 1.54838378e+08 1.93895163e+08 1.95188919e+08 1.27914865e+08
 1.91508775e+08 2.05452367e+08 2.42058481e+08 1.74756202e+08
 1.57494955e+08 1.49352341e+08 1.33474384e+08 2.03250689e+08
 1.29853246e+08 1.47524975e+08 1.93725257e+08 2.26953036e+08
 2.19329230e+08 2.74793231e+08 3.53581443e+08 2.15871975e+08
 1.67510897e+08 1.98174840e+08 2.60749122e+08 1.39947042e+08
 1.53123943e+08 3.18534132e+08 1.90910774e+08 2.29302999e+08
 1.36662156e+08 1.36531144e+08 1.41501878e+08 1.24157692e+08
 1.23844835e+08 1.14376863e+08 1.10380052e+08 1.02508068e+08
 2.07292513e+08 2.90411584e+08 1.98355463e+08 1.24268301e+08
 1.94417823e+08 1.23557952e+08 1.38643229e+08 1.30750911e+08
 1.53358484e+08 1.04653698e+08 1.78172385e+08 2.41119889e+08
 1.22970614e+08 1.47582489e+08 1.36456939e+08 1.16349452e+08
 3.89324047e+08 3.70580500e+08 2.85111429e+08 2.12438204e+08
 4.21542810e+08 4.62907925e+08 4.02539818e+08 2.78659374e+08
 2.20255226e+08 2.13484398e+08 2.02478615e+08 2.03947093e+08
 1.74072471e+08 3.66708975e+08 3.77564355e+08 2.22353276e+08
 1.86960624e+08 1.39144708e+08 1.61074276e+08 1.64086065e+08
 2.08913442e+08 1.83154484e+08 2.81948976e+08 1.70675191e+08
 1.65422271e+08 2.31389810e+08 2.36340477e+08 2.33900528e+08
 5.00386892e+08 4.72581615e+08 3.49029309e+08 3.61550174e+08
 2.79481370e+08 2.29160445e+08 1.69523555e+08 1.62291100e+08
 1.72982041e+08 1.85602313e+08 1.82928902e+08 1.93908062e+08
 1.35397618e+08 1.31154784e+08 1.37131789e+08 1.74249926e+08
 1.84720579e+08 1.33075094e+08 1.45353808e+08 2.21542131e+08
 1.67192712e+08 1.40623822e+08 1.96175301e+08 1.41555608e+08
 1.37393117e+08 2.49390193e+08 1.49213071e+08 2.77318431e+08
 1.39450844e+08 2.75517927e+08 1.88718405e+08 2.08848675e+08
 3.17144032e+08 2.45388016e+08 2.95144740e+08 2.71215852e+08
 1.46888344e+08 2.03012725e+08 1.88342218e+08 1.56685777e+08
 1.24873568e+08 1.73939524e+08 1.75199668e+08 1.14934358e+08
 1.66685173e+08 9.76890559e+07 2.03579056e+08 1.25751159e+08
 2.37476182e+08 1.54595650e+08 1.27923381e+08 1.89916211e+08
 6.03307209e+08 6.10802256e+08 3.50252437e+08 3.84625323e+08
 4.52344776e+08 3.08045981e+08 4.36881843e+08 2.60659034e+08
 2.31492203e+08 1.92082042e+08 1.70191538e+08 2.32751225e+08
 3.17158156e+08 3.22542263e+08 2.98625429e+08 2.24224907e+08
 3.05981819e+08 3.57674084e+08 2.89053328e+08 2.53045043e+08
 2.92313066e+08 2.59572246e+08 1.59922764e+08 1.70218901e+08
 1.23469292e+08 2.11060830e+08 1.55617418e+08 1.07472424e+08
 1.18902297e+08 1.36127075e+08 1.34559253e+08 2.18622866e+08
 1.75865656e+08 1.37531945e+08 1.46767736e+08 9.62360086e+07
 1.07889397e+08 9.83718145e+07 1.10929578e+08 7.93063280e+07
 1.09414611e+08 8.63933514e+07 9.61030410e+07 8.67913240e+07
 7.23337867e+07 1.92489436e+08 5.00809620e+07 3.24257980e+08
 3.30592620e+08 3.83322765e+08 2.37709875e+08 2.15787471e+08
 1.31977391e+08 1.79275156e+08 1.17512093e+08 8.21745020e+07
 7.72087900e+07 6.97083422e+07 1.53191955e+08 8.09965691e+07
 1.06500863e+08 6.92788015e+07 5.51106527e+07 8.34387555e+07
 1.50342084e+08 1.50913720e+08 1.52625252e+08 8.75446313e+07
 1.60665635e+08 1.57940316e+08 2.27226771e+08 1.21789674e+08
 8.10989607e+07 8.35414189e+07 6.00198500e+07 4.97343053e+07
 8.21921343e+07 8.10373723e+07 5.76649008e+07 6.52609754e+07
 5.01085421e+07 2.67168410e+08 1.41276355e+08 7.51113426e+07
 1.67915893e+08 3.50537792e+08 1.28048604e+08 1.12318048e+08
 9.44029501e+07 1.29567546e+08 1.58266463e+08 1.57544790e+08
 1.86505488e+08 1.33198229e+08 1.78011273e+08 1.21913622e+08
 7.56303991e+07 1.18428614e+08 1.07416630e+08 1.73577944e+08
 1.78126283e+08 1.75404685e+08 1.14546315e+08 1.13337575e+08
 8.10620065e+07 5.16176632e+08 4.88644248e+08 2.48998582e+08
 4.37440111e+08 4.00733828e+08 2.81495088e+08 2.17311090e+08
 1.63730242e+08 4.17284184e+08 2.19891049e+08 2.37272601e+08
 1.94727586e+08 1.30620798e+08 2.14245895e+08 1.72281036e+08
 3.38153186e+08 1.62225124e+08 2.29896849e+08 2.70043086e+08
 3.12321776e+08 4.56443315e+08 3.31286672e+08 2.08651882e+08
 3.69331015e+08 2.22907311e+08 3.67823544e+08 2.71988986e+08
 2.91407001e+08 3.36503736e+08 3.65973827e+08 3.65422267e+08
 3.48313661e+08 3.97247831e+08 4.12296179e+08 3.82118584e+08
 3.49809495e+08 3.64307145e+08 4.62170242e+08 3.34672530e+08
 3.93145344e+08 5.22353311e+08 5.17964208e+08 4.06974012e+08
 4.11190422e+08 3.35092704e+08 5.04085219e+08 5.12027794e+08
 4.57909797e+08 3.95887860e+08 5.22578763e+08 4.11142564e+08
 4.76563876e+08 2.91689506e+08 2.71040465e+08 3.65283192e+08
 4.75750945e+08 3.57669594e+08 3.62291280e+08 4.03219401e+08
 2.96540509e+08 2.84888932e+08 2.90185232e+08 2.34104035e+08
 2.49666026e+08 3.34530915e+08 2.78268600e+08 2.58010247e+08
 2.93965438e+08 2.88661113e+08 1.75068385e+08 2.08198022e+08
 2.18953452e+08 3.80954527e+08 2.52459446e+08 1.67648259e+08
 2.70321369e+08 3.54667655e+08 3.06234340e+08 3.00782818e+08
 3.63745334e+08 3.71910983e+08 3.23642267e+08 1.98165987e+08
 2.52548580e+08 2.60449174e+08 2.39398449e+08 3.20546664e+08
 2.12812249e+08 2.06821952e+08 1.83715039e+08 2.34118246e+08
 1.75564814e+08 1.73193282e+08 2.19911329e+08 2.14684818e+08
 2.87336908e+08 5.01333697e+08 3.41583810e+08 4.24739272e+08
 4.16590071e+08 2.51835965e+08 2.72990937e+08 3.15782859e+08
 2.81755608e+08 2.37186977e+08 1.97144134e+08 3.64023810e+08
 4.43643998e+08 3.31486561e+08 2.90056910e+08 2.54456685e+08
 2.07482722e+08 1.95427371e+08 2.45001485e+08 2.65986822e+08
 1.49501650e+08 2.66492776e+08 3.26905570e+08 3.28988281e+08
 3.05359037e+08 2.91323907e+08 2.84623560e+08 2.25437212e+08
 2.36179671e+08 2.40604253e+08 2.58000894e+08 2.50207489e+08
 2.80817004e+08 2.36363468e+08 3.18733254e+08 2.91477725e+08
 2.35922679e+08 2.15358482e+08 3.96520369e+08 2.84467404e+08
 2.10662383e+08 2.61975325e+08 3.35003008e+08 3.06981842e+08
 1.77943036e+08 3.20640187e+08 2.59705084e+08 4.90077149e+08
 2.61523618e+08 2.36089025e+08 2.52940487e+08 2.85489121e+08
 2.18022325e+08 2.08036025e+08 2.11548945e+08 1.68067559e+08
 1.13366551e+08 1.25975718e+08 1.03834541e+08 1.62326490e+08
 2.56611165e+08 2.45716192e+08 2.56973591e+08 1.78802128e+08
 2.91760462e+08 1.62367626e+08 2.05719403e+08 1.31263984e+08
 2.55881354e+08 1.77251435e+08 1.84231091e+08 2.12919205e+08
 1.42211486e+08 1.52516798e+08 1.99225776e+08 1.77391223e+08
 1.59458790e+08 2.33222709e+08 2.07013636e+08 1.67251977e+08
 1.90970210e+08 1.62006432e+08 1.18481378e+08 1.00056206e+08
 3.60397752e+08 3.25299321e+08 2.37334327e+08 1.57855489e+08
 1.82085453e+08 3.80155655e+08 2.34636896e+08 2.88325570e+08
 2.04929457e+08 3.84975522e+08 2.98034926e+08 2.72590672e+08
 2.83605029e+08 3.21857737e+08 2.10197528e+08 4.77285558e+08
 4.19395358e+08 3.99642640e+08 3.56113473e+08 3.58080751e+08
 4.26278839e+08 4.41535334e+08 4.00578524e+08 3.17598247e+08
 2.44645874e+08 4.11328453e+08 3.22424118e+08 6.15109049e+08
 6.06635220e+08 5.17277540e+08 3.80290806e+08 2.89110716e+08
 3.17493675e+08 3.16579074e+08 2.94065729e+08 4.01647414e+08
 3.30577156e+08 4.36747257e+08 5.46153827e+08 5.42631213e+08
 4.55000907e+08 5.70615781e+08 5.83786494e+08 4.23684457e+08
 3.95089400e+08 2.97947383e+08 3.05893654e+08 2.21081851e+08
 2.24199820e+08 2.21219270e+08 2.45558944e+08 2.63041242e+08
 2.49797159e+08 6.41701931e+08 4.51417591e+08 3.64897043e+08
 3.24240799e+08 2.96233760e+08 3.96150534e+08 2.96710458e+08
 2.47293549e+08 2.46079919e+08 2.92323090e+08 1.96495883e+08
 1.85899621e+08 1.44807336e+08 2.72369429e+08 2.62261250e+08
 3.14439995e+08 1.90884305e+08 2.14764988e+08 1.38551605e+08
 1.48412967e+08 2.33905418e+08 2.23160704e+08 2.80374641e+08
 2.39617604e+08 2.41484453e+08 1.67706625e+08 1.23186159e+08
 1.87998061e+08 1.74581570e+08 2.30423552e+08 2.23756741e+08
 1.43154520e+08 2.53581368e+08 4.35217393e+08 3.72458885e+08
 2.43176304e+08 2.48271064e+08 2.05109417e+08 1.96531214e+08
 2.21803462e+08 1.61796973e+08 2.43947062e+08 1.98688408e+08
 2.09779714e+08 1.17959007e+08 1.19946525e+08 1.48003458e+08
 1.14155168e+08 1.10744193e+08 2.25048603e+08 2.38526347e+08
 1.64575453e+08 1.13236920e+08 9.35794656e+07 1.38802238e+08
 1.95620255e+08 2.63264800e+08 1.62481395e+08 1.14987353e+08
 8.57068103e+07 1.14606472e+08]' has dtype incompatible with int64, please explicitly cast to a compatible dtype first.
  dd=d.copy();mm=m.copy();mask=dd.date.ge(cutoff);dd.loc[mask,['open','high','low','close','preclose','volume']]*=1.51;mm.loc[mm.date.ge(cutoff),['open','high','low','close']]*=1.51
/home/runner/work/daily_stock_analysis/daily_stock_analysis/scripts/research/foxconn_b23_verify.py:79: FutureWarning: Setting an item of incompatible dtype is deprecated and will raise an error in a future version of pandas. Value '[2.40604253e+08 2.58000894e+08 2.50207489e+08 2.80817004e+08
 2.36363468e+08 3.18733254e+08 2.91477725e+08 2.35922679e+08
 2.15358482e+08 3.96520369e+08 2.84467404e+08 2.10662383e+08
 2.61975325e+08 3.35003008e+08 3.06981842e+08 1.77943036e+08
 3.20640187e+08 2.59705084e+08 4.90077149e+08 2.61523618e+08
 2.36089025e+08 2.52940487e+08 2.85489121e+08 2.18022325e+08
 2.08036025e+08 2.11548945e+08 1.68067559e+08 1.13366551e+08
 1.25975718e+08 1.03834541e+08 1.62326490e+08 2.56611165e+08
 2.45716192e+08 2.56973591e+08 1.78802128e+08 2.91760462e+08
 1.62367626e+08 2.05719403e+08 1.31263984e+08 2.55881354e+08
 1.77251435e+08 1.84231091e+08 2.12919205e+08 1.42211486e+08
 1.52516798e+08 1.99225776e+08 1.77391223e+08 1.59458790e+08
 2.33222709e+08 2.07013636e+08 1.67251977e+08 1.90970210e+08
 1.62006432e+08 1.18481378e+08 1.00056206e+08 3.60397752e+08
 3.25299321e+08 2.37334327e+08 1.57855489e+08 1.82085453e+08
 3.80155655e+08 2.34636896e+08 2.88325570e+08 2.04929457e+08
 3.84975522e+08 2.98034926e+08 2.72590672e+08 2.83605029e+08
 3.21857737e+08 2.10197528e+08 4.77285558e+08 4.19395358e+08
 3.99642640e+08 3.56113473e+08 3.58080751e+08 4.26278839e+08
 4.41535334e+08 4.00578524e+08 3.17598247e+08 2.44645874e+08
 4.11328453e+08 3.22424118e+08 6.15109049e+08 6.06635220e+08
 5.17277540e+08 3.80290806e+08 2.89110716e+08 3.17493675e+08
 3.16579074e+08 2.94065729e+08 4.01647414e+08 3.30577156e+08
 4.36747257e+08 5.46153827e+08 5.42631213e+08 4.55000907e+08
 5.70615781e+08 5.83786494e+08 4.23684457e+08 3.95089400e+08
 2.97947383e+08 3.05893654e+08 2.21081851e+08 2.24199820e+08
 2.21219270e+08 2.45558944e+08 2.63041242e+08 2.49797159e+08
 6.41701931e+08 4.51417591e+08 3.64897043e+08 3.24240799e+08
 2.96233760e+08 3.96150534e+08 2.96710458e+08 2.47293549e+08
 2.46079919e+08 2.92323090e+08 1.96495883e+08 1.85899621e+08
 1.44807336e+08 2.72369429e+08 2.62261250e+08 3.14439995e+08
 1.90884305e+08 2.14764988e+08 1.38551605e+08 1.48412967e+08
 2.33905418e+08 2.23160704e+08 2.80374641e+08 2.39617604e+08
 2.41484453e+08 1.67706625e+08 1.23186159e+08 1.87998061e+08
 1.74581570e+08 2.30423552e+08 2.23756741e+08 1.43154520e+08
 2.53581368e+08 4.35217393e+08 3.72458885e+08 2.43176304e+08
 2.48271064e+08 2.05109417e+08 1.96531214e+08 2.21803462e+08
 1.61796973e+08 2.43947062e+08 1.98688408e+08 2.09779714e+08
 1.17959007e+08 1.19946525e+08 1.48003458e+08 1.14155168e+08
 1.10744193e+08 2.25048603e+08 2.38526347e+08 1.64575453e+08
 1.13236920e+08 9.35794656e+07 1.38802238e+08 1.95620255e+08
 2.63264800e+08 1.62481395e+08 1.14987353e+08 8.57068103e+07
 1.14606472e+08]' has dtype incompatible with int64, please explicitly cast to a compatible dtype first.
  dd=d.copy();mm=m.copy();mask=dd.date.ge(cutoff);dd.loc[mask,['open','high','low','close','preclose','volume']]*=1.51;mm.loc[mm.date.ge(cutoff),['open','high','low','close']]*=1.51
