ACCOUNT C00A 5 33912.98505933248 181
ACCOUNT C00A 11 28449.437853729934 181
ACCOUNT C00A 20 20254.11704532805 181
ACCOUNT C00B 5 30160.578375623503 181
ACCOUNT C00B 11 24694.78085117016 181
ACCOUNT C00B 20 16496.08456449202 181
ACCOUNT C00SKIP 5 25705.268164818495 167
ACCOUNT C00SKIP 11 20816.626887399267 167
ACCOUNT C00SKIP 20 13483.664971272054 167
ACCOUNT C01A 5 35273.850710111496 181
ACCOUNT C01A 11 29811.119615843723 181
ACCOUNT C01A 20 21617.02297444406 181
ACCOUNT C01B 5 31431.39742560248 181
ACCOUNT C01B 11 25966.362011523946 181
ACCOUNT C01B 20 17768.80889040805 181
ACCOUNT C01SKIP 5 27066.13381559751 167
ACCOUNT C01SKIP 11 22178.308649513056 167
ACCOUNT C01SKIP 20 14846.570900388033 167
ACCOUNT C02A 5 34943.637357947475 181
ACCOUNT C02A 11 29480.708234682912 181
ACCOUNT C02A 20 21286.314549788047 181
ACCOUNT C02B 5 31631.51362769949 181
ACCOUNT C02B 11 26166.59822333732 181
ACCOUNT C02B 20 17969.225116796035 181
ACCOUNT C02SKIP 5 26735.92046343349 167
ACCOUNT C02SKIP 11 21847.897268352244 167
ACCOUNT C02SKIP 20 14515.862475732021 167
ACCOUNT C03A 5 35283.81276064747 181
ACCOUNT C03A 11 29821.08764062295 181
ACCOUNT C03A 20 21626.99996058806 181
ACCOUNT C03B 5 29420.061502223514 181
ACCOUNT C03B 11 23953.819889690203 181
ACCOUNT C03B 20 15754.457470892085 181
ACCOUNT C03SKIP 5 27076.095866133488 167
ACCOUNT C03SKIP 11 22188.276674292254 167
ACCOUNT C03SKIP 20 14856.547886532004 167
ACCOUNT C10A 5 37870.319509148336 101
ACCOUNT C10A 11 34163.08636332533 101
ACCOUNT C10A 20 28602.23664459205 101
ACCOUNT C10B 5 34308.01786245534 101
ACCOUNT C10B 11 30598.648403800733 101
ACCOUNT C10B 20 25034.594215820078 101
ACCOUNT C10SKIP 5 32508.493503125326 97
ACCOUNT C10SKIP 11 28995.10963407476 97
ACCOUNT C10SKIP 20 23725.033830500062 97
ACCOUNT C11A 5 39141.13855912734 101
ACCOUNT C11A 11 35434.66752367912 101
ACCOUNT C11A 20 29874.96097050808 101
ACCOUNT C11B 5 35578.836912434344 101
ACCOUNT C11B 11 31870.22956415452 101
ACCOUNT C11B 20 26307.31854173611 101
ACCOUNT C11SKIP 5 33779.31255310433 97
ACCOUNT C11SKIP 11 30266.69079442855 97
ACCOUNT C11SKIP 20 24997.758156416065 97
ACCOUNT C12A 5 39241.20276022432 101
ACCOUNT C12A 11 35534.791733292484 101
ACCOUNT C12A 20 29975.175192896073 101
ACCOUNT C12B 5 35778.95311453132 101
ACCOUNT C12B 11 32070.465775967896 101
ACCOUNT C12B 20 26507.734768124094 101
ACCOUNT C12SKIP 5 33879.37675420131 97
ACCOUNT C12SKIP 11 30366.815004041942 97
ACCOUNT C12SKIP 20 25097.972378804086 97
ACCOUNT C13A 5 37339.91183784837 101
ACCOUNT C13A 11 33632.360606465314 101
ACCOUNT C13A 20 28071.0337593921 101
ACCOUNT C13B 5 33567.50098905538 101
ACCOUNT C13B 11 29857.68744232072 101
ACCOUNT C13B 20 24292.967122220114 101
ACCOUNT C13SKIP 5 31978.08583182536 97
ACCOUNT C13SKIP 11 28464.383877214743 97
ACCOUNT C13SKIP 20 23193.830945300084 97
ACCOUNT H00 5 23052.320934456395 154
ACCOUNT H00 11 18524.13183340282 154
ACCOUNT H00 20 11731.848181824025 154
ACCOUNT R121 5 24222.869532797224 64
ACCOUNT R121 11 21832.16514895318 64
ACCOUNT R121 20 18246.108573188016 64
ACCOUNT H01 5 14614.974335681094 41
ACCOUNT H01 11 13102.459984098095 41
ACCOUNT H01 20 10833.68845672402 41
ACCOUNT W0022 5 15885.793385660072 41
ACCOUNT W0022 11 14374.041144451883 41
ACCOUNT W0022 20 12106.41278264005 41
ACCOUNT W0122 5 16085.909587757109 41
ACCOUNT W0122 11 14574.277356265287 41
ACCOUNT W0122 20 12306.829009028064 41
ACCOUNT H03 5 13874.457462281105 41
ACCOUNT H03 11 12361.499022618082 41
ACCOUNT H03 20 10092.061363124085 41
