INDEPENDENT 10
INDEPENDENT 20
INDEPENDENT 30
INDEPENDENT 40
INDEPENDENT 50
INDEPENDENT 60
INDEPENDENT 70
INDEPENDENT 80
INDEPENDENT 90
/home/runner/work/daily_stock_analysis/daily_stock_analysis/scripts/research/foxconn_b20_verify.py:64: FutureWarning: Setting an item of incompatible dtype is deprecated and will raise an error in a future version of pandas. Value '[2.18908449e+08 1.41466231e+08 1.76393181e+08 1.08408694e+08
 9.96690532e+07 1.51574357e+08 1.18254999e+08 1.25964187e+08
 1.01928370e+08 1.01820421e+08 1.74823032e+08 1.30888234e+08
 3.79679397e+08 3.40565449e+08 3.66977679e+08 2.81676465e+08
 2.42197180e+08 2.82976816e+08 2.40354965e+08 2.08496434e+08
 1.29308707e+08 1.51273438e+08 3.07519640e+08 2.72492515e+08
 3.80664759e+08 3.99228777e+08 2.97190021e+08 3.19905630e+08
 3.40013835e+08 5.22102607e+08 4.25090393e+08 4.43415165e+08
 3.82605451e+08 3.02268347e+08 4.89702905e+08 3.75198805e+08
 3.12071537e+08 4.24279420e+08 4.58613698e+08 5.29684583e+08
 3.93740645e+08 4.62197059e+08 4.88582640e+08 5.74510386e+08
 5.34405187e+08 8.41388338e+08 9.41548548e+08 6.12733276e+08
 7.26431239e+08 6.48325142e+08 5.11123494e+08 4.61191431e+08
 4.45222447e+08 4.00093532e+08 4.21247999e+08 4.06350780e+08
 4.71346243e+08 2.89592390e+08 2.90607669e+08 2.63092739e+08
 3.02471146e+08 2.09284785e+08 2.34678316e+08 2.11456781e+08
 2.31795312e+08 4.35016794e+08 2.55288833e+08 2.12703619e+08
 3.50355941e+08 3.97828747e+08 3.22503638e+08 2.94662055e+08
 1.77942219e+08 3.82616105e+08 2.05092812e+08 6.03206573e+08
 4.38938016e+08 3.94219200e+08 2.93290306e+08 4.11963354e+08
 2.41439137e+08 2.45122977e+08 1.66663047e+08 1.73075193e+08
 1.96103942e+08 2.43681915e+08 4.12385231e+08 2.37238428e+08
 2.93320040e+08 1.91020412e+08 1.68749961e+08 3.10961248e+08
 3.50754306e+08 2.50696537e+08 1.68545562e+08 1.54362206e+08
 1.21441720e+08 2.37883601e+08 2.66097358e+08 1.40403579e+08
 1.25311507e+08 5.09464592e+08 5.05643300e+08 2.75376866e+08
 3.30773600e+08 4.07318375e+08 3.90653467e+08 3.49512435e+08
 3.51256292e+08 2.43241113e+08 1.78434134e+08 2.10555823e+08
 1.93936172e+08 2.25224167e+08 2.04834281e+08 1.80677752e+08
 1.96660450e+08 1.71888740e+08 1.54196374e+08 1.26578545e+08
 1.35207472e+08 1.50743372e+08 1.09341336e+08 2.72778942e+08
 1.75346772e+08 2.19576642e+08 2.21041756e+08 1.44857231e+08
 2.16874175e+08 2.32664601e+08 2.74119207e+08 1.97902719e+08
 1.78355214e+08 1.69134108e+08 1.51153111e+08 2.30171310e+08
 1.47052351e+08 1.67064707e+08 2.19384231e+08 2.57013041e+08
 2.48379460e+08 3.11189685e+08 4.00413422e+08 2.44464290e+08
 1.89697771e+08 2.24423163e+08 2.95285430e+08 1.58483074e+08
 1.73405260e+08 3.60724083e+08 2.16196969e+08 2.59674258e+08
 1.54763104e+08 1.54614739e+08 1.60243849e+08 1.40602419e+08
 1.40248124e+08 1.29526117e+08 1.24999926e+08 1.16085296e+08
 2.34748475e+08 3.28876694e+08 2.24627710e+08 1.40727678e+08
 2.20168528e+08 1.39923243e+08 1.57006571e+08 1.48068912e+08
 1.73670866e+08 1.18515115e+08 2.01771376e+08 2.73056299e+08
 1.39258113e+08 1.67129839e+08 1.54530706e+08 1.31759975e+08
 4.40890146e+08 4.19664010e+08 3.22874532e+08 2.40575714e+08
 4.77376295e+08 5.24220233e+08 4.55856350e+08 3.15567901e+08
 2.49428103e+08 2.41760477e+08 2.29296975e+08 2.30959953e+08
 1.97128427e+08 4.15279700e+08 4.27572878e+08 2.51804041e+08
 2.11723621e+08 1.57574470e+08 1.82408617e+08 1.85819318e+08
 2.36584097e+08 2.07413356e+08 3.19293211e+08 1.93281177e+08
 1.87332506e+08 2.62037467e+08 2.67643851e+08 2.64880731e+08
 5.66663302e+08 5.35175206e+08 3.95258357e+08 4.09437614e+08
 3.16498770e+08 2.59512822e+08 1.91977006e+08 1.83786610e+08
 1.95893570e+08 2.10185401e+08 2.07157895e+08 2.19591249e+08
 1.53331078e+08 1.48526279e+08 1.55294939e+08 1.97329386e+08
 2.09186880e+08 1.50700934e+08 1.64605968e+08 2.50885460e+08
 1.89337442e+08 1.59249494e+08 2.22158785e+08 1.60304696e+08
 1.55590880e+08 2.82422006e+08 1.68976391e+08 3.14049349e+08
 1.57921154e+08 3.12010367e+08 2.13714220e+08 2.36510752e+08
 3.59149864e+08 2.77889740e+08 3.34236759e+08 3.07138481e+08
 1.66343754e+08 2.29901827e+08 2.13288208e+08 1.77438860e+08
 1.41413113e+08 1.96977872e+08 1.98404922e+08 1.30157452e+08
 1.88762680e+08 1.10628004e+08 2.30543170e+08 1.42406941e+08
 2.68929981e+08 1.75071895e+08 1.44866875e+08 2.15070676e+08
 6.83215449e+08 6.91703217e+08 3.96643488e+08 4.35569074e+08
 5.12257992e+08 3.48846773e+08 4.94746988e+08 2.95183410e+08
 2.62153422e+08 2.17523372e+08 1.92733464e+08 2.63579202e+08
 3.59165859e+08 3.65263093e+08 3.38178466e+08 2.53923570e+08
 3.46509212e+08 4.05048134e+08 3.27338537e+08 2.86560943e+08
 3.31030029e+08 2.93952676e+08 1.81104587e+08 1.92764451e+08
 1.39822841e+08 2.39015907e+08 1.76228997e+08 1.21707183e+08
 1.34650946e+08 1.54157152e+08 1.52381670e+08 2.47579537e+08
 1.99159121e+08 1.55748096e+08 1.66207171e+08 1.08982500e+08
 1.22179384e+08 1.11401194e+08 1.25622238e+08 8.98104774e+07
 1.23906612e+08 9.78361794e+07 1.08831921e+08 9.82868636e+07
 8.19144207e+07 2.17984726e+08 5.67142020e+07 3.67206057e+08
 3.74379722e+08 4.34093993e+08 2.69194626e+08 2.44368593e+08
 1.49457841e+08 2.03020210e+08 1.33076608e+08 9.30585420e+07
 8.74351198e+07 7.89412351e+07 1.73482280e+08 9.17245915e+07
 1.20606938e+08 7.84548017e+07 6.24100769e+07 9.44902463e+07
 1.70254943e+08 1.70902292e+08 1.72840517e+08 9.91399467e+07
 1.81945852e+08 1.78859564e+08 2.57323032e+08 1.37920756e+08
 9.18405449e+07 9.46065075e+07 6.79694990e+07 5.63216305e+07
 9.30785097e+07 9.17707991e+07 6.53026360e+07 7.39048132e+07
 5.67454351e+07 3.02554955e+08 1.59988455e+08 8.50598648e+07
 1.90156408e+08 3.96966638e+08 1.45008684e+08 1.27194610e+08
 1.06906652e+08 1.46728811e+08 1.79228908e+08 1.78411650e+08
 2.11208201e+08 1.50840379e+08 2.01588925e+08 1.38061122e+08
 8.56476705e+07 1.34114524e+08 1.21643998e+08 1.96568401e+08
 2.01719168e+08 1.98637094e+08 1.29718013e+08 1.28349175e+08
 9.17986961e+07 5.84544398e+08 5.53365340e+08 2.81978526e+08
 4.95379199e+08 4.53811156e+08 3.18779205e+08 2.46094016e+08
 1.85416367e+08 4.72553613e+08 2.49015691e+08 2.68699436e+08
 2.20519319e+08 1.47921566e+08 2.42622835e+08 1.95099716e+08
 3.82941687e+08 1.83711895e+08 2.60346763e+08 3.05810383e+08
 3.53688898e+08 5.16899383e+08 3.75165701e+08 2.36287892e+08
 4.18249030e+08 2.52431459e+08 4.16541894e+08 3.08014017e+08
 3.30003955e+08 3.81073767e+08 4.14447182e+08 4.13822567e+08
 3.94447921e+08 4.49863438e+08 4.66904944e+08 4.32730317e+08
 3.96141878e+08 4.12559747e+08 5.23384844e+08 3.79000017e+08
 4.45217575e+08 5.91539180e+08 5.86568738e+08 4.60877854e+08
 4.65652730e+08 3.79475844e+08 5.70851473e+08 5.79846044e+08
 5.18560101e+08 4.48323339e+08 5.91794493e+08 4.65598533e+08
 5.39684919e+08 3.30323877e+08 3.06939865e+08 4.13665072e+08
 5.38764315e+08 4.05043051e+08 4.10276880e+08 4.56625944e+08
 3.35817398e+08 3.22622566e+08 3.28620362e+08 2.65111192e+08
 2.82734374e+08 3.78839645e+08 3.15125368e+08 2.92183789e+08
 3.32901258e+08 3.26894373e+08 1.98256251e+08 2.35773919e+08
 2.47953909e+08 4.31412080e+08 2.85897783e+08 1.89853326e+08
 3.06125524e+08 4.01643504e+08 3.46795180e+08 3.40621601e+08
 4.11923524e+08 4.21170715e+08 3.66508792e+08 2.24413138e+08
 2.85998723e+08 2.94945754e+08 2.71106852e+08 3.63003176e+08
 2.40999301e+08 2.34215588e+08 2.08048157e+08 2.65127285e+08
 1.98818432e+08 1.96132790e+08 2.49038658e+08 2.43119893e+08
 3.25394777e+08 5.67735511e+08 3.86826699e+08 4.80996129e+08
 4.71767563e+08 2.85191722e+08 3.09148677e+08 3.57608403e+08
 3.19074232e+08 2.68602470e+08 2.23255940e+08 4.12238884e+08
 5.02404792e+08 3.75392066e+08 3.28475044e+08 2.88159557e+08
 2.34963877e+08 2.21311791e+08 2.77452013e+08 3.01216864e+08
 1.69303193e+08 3.01789832e+08 3.70204321e+08 3.72562888e+08
 3.45803943e+08 3.29909855e+08 3.22322045e+08 2.55296446e+08
 2.67461746e+08 2.72472366e+08 2.92173197e+08 2.83347554e+08
 3.18011309e+08 2.67669888e+08 3.60949579e+08 3.30084046e+08
 2.67170716e+08 2.43882784e+08 4.49039623e+08 3.22145205e+08
 2.38564686e+08 2.96674044e+08 3.79374268e+08 3.47641688e+08
 2.01511650e+08 3.63109086e+08 2.94103109e+08 5.54988029e+08
 2.96162508e+08 2.67359095e+08 2.86442538e+08 3.23302250e+08
 2.46899455e+08 2.35590465e+08 2.39568673e+08 1.90328162e+08
 1.28381988e+08 1.42661244e+08 1.17587461e+08 1.83826688e+08
 2.90599399e+08 2.78261383e+08 2.91009828e+08 2.02484529e+08
 3.30404232e+08 1.83873272e+08 2.32967006e+08 1.48649943e+08
 2.89772924e+08 2.00728446e+08 2.08632560e+08 2.41120424e+08
 1.61047444e+08 1.72717698e+08 2.25613296e+08 2.00886749e+08
 1.80579160e+08 2.64113134e+08 2.34432660e+08 1.89404557e+08
 2.16264278e+08 1.83464238e+08 1.34174276e+08 1.13308683e+08
 4.08132554e+08 3.68385324e+08 2.68769337e+08 1.78763501e+08
 2.06202732e+08 4.30507398e+08 2.65714631e+08 3.26514387e+08
 2.32072431e+08 4.35965658e+08 3.37509750e+08 3.08695397e+08
 3.21168609e+08 3.64487900e+08 2.38038260e+08 5.40502188e+08
 4.74944412e+08 4.52575440e+08 4.03280820e+08 4.05508665e+08
 4.82739613e+08 5.00016835e+08 4.53635283e+08 3.59664240e+08
 2.77049301e+08 4.65809043e+08 3.65129299e+08 6.96580446e+08
 6.86984256e+08 5.85791121e+08 4.30660449e+08 3.27403526e+08
 3.59545818e+08 3.58510077e+08 3.33014832e+08 4.54845747e+08
 3.74362210e+08 4.94594576e+08 6.18492082e+08 6.14502896e+08
 5.15265928e+08 6.46194031e+08 6.61109208e+08 4.79801603e+08
 4.47419121e+08 3.37410613e+08 3.46409370e+08 2.50364216e+08
 2.53895160e+08 2.50519836e+08 2.78083307e+08 2.97881142e+08
 2.82882875e+08 7.26695564e+08 5.11208000e+08 4.13227777e+08
 3.67186600e+08 3.35470020e+08 4.48620803e+08 3.36009856e+08
 2.80047661e+08 2.78673286e+08 3.31041380e+08 2.22521828e+08
 2.10522088e+08 1.63987116e+08 3.08444850e+08 2.96997839e+08
 3.56087676e+08 2.16166994e+08 2.43210682e+08 1.56902811e+08
 1.68070313e+08 2.64886268e+08 2.52718414e+08 3.17510355e+08
 2.71355035e+08 2.73469149e+08 1.89919423e+08 1.39502207e+08
 2.12898466e+08 1.97704957e+08 2.60943228e+08 2.53393395e+08
 1.62115384e+08 2.87168305e+08 4.92862081e+08 4.21791187e+08
 2.75385086e+08 2.81154648e+08 2.32276227e+08 2.22561839e+08
 2.51181404e+08 1.83227035e+08 2.76257932e+08 2.25004753e+08
 2.37565107e+08 1.33582717e+08 1.35833482e+08 1.67606565e+08
 1.29275058e+08 1.25412298e+08 2.54856365e+08 2.70119240e+08
 1.86373526e+08 1.28235188e+08 1.05974097e+08 1.57186641e+08
 2.21530223e+08 2.98134310e+08 1.84002110e+08 1.30217466e+08
 9.70587057e+07 1.29786137e+08]' has dtype incompatible with int64, please explicitly cast to a compatible dtype first.
  dd.loc[future,['open','high','low','close','preclose','volume']]*=1.71
VERIFICATION COMPLETE 90
