PASS parent 1171 hashes before
/home/runner/work/daily_stock_analysis/daily_stock_analysis/scripts/research/foxconn_b18.py:168: FutureWarning: Setting an item of incompatible dtype is deprecated and will raise an error in a future version of pandas. Value '[1.75382793e+08 1.13338442e+08 1.41320853e+08 8.68537489e+07
 7.98518145e+07 1.21436766e+08 9.47423089e+07 1.00918676e+08
 8.16619106e+07 8.15754252e+07 1.40062897e+08 1.04863673e+08
 3.04187587e+08 2.72850681e+08 2.94011357e+08 2.25670618e+08
 1.94041016e+08 2.26712420e+08 1.92565089e+08 1.67041002e+08
 1.03598204e+08 1.21195679e+08 2.46375384e+08 2.18312717e+08
 3.04977029e+08 3.19849956e+08 2.38099608e+08 2.56298663e+08
 2.72408745e+08 4.18292732e+08 3.40569496e+08 3.55250746e+08
 3.06531853e+08 2.42168208e+08 3.92335076e+08 3.00597873e+08
 2.50022226e+08 3.39919769e+08 3.67427349e+08 4.24367180e+08
 3.15453031e+08 3.70298229e+08 3.91437554e+08 4.60280251e+08
 4.28149185e+08 6.74094751e+08 7.54340065e+08 4.90903268e+08
 5.81994618e+08 5.19418389e+08 4.09496600e+08 3.69492550e+08
 3.56698685e+08 3.20542772e+08 3.37491087e+08 3.25555888e+08
 3.77628277e+08 2.32012617e+08 2.32826027e+08 2.10781902e+08
 2.42330684e+08 1.67672605e+08 1.88017130e+08 1.69412742e+08
 1.85707355e+08 3.48522227e+08 2.04529650e+08 1.70411671e+08
 2.80694526e+08 3.18728294e+08 2.58380108e+08 2.36074278e+08
 1.42561894e+08 3.06540388e+08 1.64314124e+08 4.83270763e+08
 3.51663790e+08 3.15836435e+08 2.34975275e+08 3.30052512e+08
 1.93433695e+08 1.96385075e+08 1.33525365e+08 1.38662581e+08
 1.57112515e+08 1.95230540e+08 3.30390507e+08 1.90068215e+08
 2.34999096e+08 1.53039745e+08 1.35197338e+08 2.49132696e+08
 2.81013683e+08 2.00850442e+08 1.35033579e+08 1.23670306e+08
 9.72954135e+07 1.90585107e+08 2.13189111e+08 1.12487078e+08
 1.00395769e+08 4.08167539e+08 4.05106035e+08 2.20623571e+08
 2.65005750e+08 3.26331096e+08 3.12979678e+08 2.80018735e+08
 2.81415859e+08 1.94877383e+08 1.42956002e+08 1.68690922e+08
 1.55375763e+08 1.80442753e+08 1.64106997e+08 1.44753520e+08
 1.57558372e+08 1.37712031e+08 1.23537446e+08 1.01410881e+08
 1.08324115e+08 1.20771006e+08 8.76009537e+07 2.18542193e+08
 1.40482502e+08 1.75918128e+08 1.77091933e+08 1.16055208e+08
 1.73752994e+08 1.86403803e+08 2.19615973e+08 1.58553640e+08
 1.42892774e+08 1.35505104e+08 1.21099276e+08 1.84406254e+08
 1.17813872e+08 1.33847163e+08 1.75763975e+08 2.05911033e+08
 1.98994070e+08 2.49315713e+08 3.20799058e+08 1.95857355e+08
 1.51980086e+08 1.79801014e+08 2.36573707e+08 1.26971819e+08
 1.38927021e+08 2.89001166e+08 1.73210437e+08 2.08043119e+08
 1.23991492e+08 1.23872627e+08 1.28382499e+08 1.12646383e+08
 1.12362532e+08 1.03772386e+08 1.00146140e+08 9.30040091e+07
 1.88073340e+08 2.63486006e+08 1.79964891e+08 1.12746737e+08
 1.76392329e+08 1.12102247e+08 1.25788890e+08 1.18628310e+08
 1.39139817e+08 9.49507065e+07 1.61653091e+08 2.18764403e+08
 1.11569365e+08 1.33899345e+08 1.23805303e+08 1.05562085e+08
 3.53227778e+08 3.36222044e+08 2.58677257e+08 1.92741946e+08
 3.82459371e+08 4.19989310e+08 3.65218246e+08 2.52823406e+08
 1.99834212e+08 1.93691143e+08 1.83705763e+08 1.85038091e+08
 1.57933301e+08 3.32709468e+08 3.42558388e+08 2.01737740e+08
 1.69626527e+08 1.26243874e+08 1.46140237e+08 1.48872787e+08
 1.89543984e+08 1.66173273e+08 2.55808011e+08 1.54851001e+08
 1.50085107e+08 2.09936450e+08 2.14428115e+08 2.12214386e+08
 4.53993406e+08 4.28766101e+08 3.16668976e+08 3.28028965e+08
 2.53569190e+08 2.07913781e+08 1.53806139e+08 1.47244244e+08
 1.56943971e+08 1.68394151e+08 1.65968606e+08 1.75929831e+08
 1.22844197e+08 1.18994738e+08 1.24417583e+08 1.58094304e+08
 1.67594167e+08 1.20737005e+08 1.31877296e+08 2.01001801e+08
 1.51691400e+08 1.27585852e+08 1.77986863e+08 1.28431247e+08
 1.24654682e+08 2.26267923e+08 1.35378746e+08 2.51606788e+08
 1.26521626e+08 2.49973218e+08 1.71221334e+08 1.89485222e+08
 2.87739949e+08 2.22636809e+08 2.67780327e+08 2.46070011e+08
 1.33269557e+08 1.84190353e+08 1.70880026e+08 1.42158619e+08
 1.13295886e+08 1.57812681e+08 1.58955990e+08 1.04278193e+08
 1.51230919e+08 8.86317924e+07 1.84704177e+08 1.14092111e+08
 2.15458523e+08 1.40262278e+08 1.16062935e+08 1.72308085e+08
 5.47371441e+08 5.54171583e+08 3.17778701e+08 3.48964697e+08
 4.10405525e+08 2.79485427e+08 3.96376242e+08 2.36491971e+08
 2.10029350e+08 1.74273110e+08 1.54412190e+08 2.11171641e+08
 2.87752764e+08 2.92637683e+08 2.70938303e+08 2.03435843e+08
 2.77612643e+08 3.24512248e+08 2.62253682e+08 2.29583914e+08
 2.65211192e+08 2.35505946e+08 1.45095488e+08 1.54437016e+08
 1.12021808e+08 1.91492276e+08 1.41189313e+08 9.75080937e+07
 1.07878243e+08 1.23506022e+08 1.22083561e+08 1.98353196e+08
 1.59560231e+08 1.24780638e+08 1.33160131e+08 8.73134647e+07
 9.78864068e+07 8.92512489e+07 1.00644717e+08 7.19534234e+07
 9.92702096e+07 7.83833718e+07 8.71928253e+07 7.87444463e+07
 6.56273429e+07 1.74642734e+08 4.54376940e+07 2.94194326e+08
 2.99941649e+08 3.47782906e+08 2.15670548e+08 1.95780686e+08
 1.19741077e+08 1.62653619e+08 1.06616932e+08 7.45556740e+07
 7.00503591e+07 6.32453171e+07 1.38988728e+08 7.34869534e+07
 9.66266110e+07 6.28556014e+07 5.00010558e+07 7.57027120e+07
 1.36403083e+08 1.36921720e+08 1.38474567e+08 7.94279105e+07
 1.45769484e+08 1.43296843e+08 2.06159388e+08 1.10497916e+08
 7.35798518e+07 7.57958569e+07 5.44550957e+07 4.51231776e+07
 7.45716715e+07 7.35239736e+07 5.23184861e+07 5.92102889e+07
 4.54627171e+07 2.42397829e+08 1.28177885e+08 6.81473771e+07
 1.52347532e+08 3.18037599e+08 1.16176548e+08 1.01904454e+08
 8.56503587e+07 1.17554661e+08 1.43592751e+08 1.42937988e+08
 1.69213588e+08 1.20848725e+08 1.61506916e+08 1.10610372e+08
 6.86183091e+07 1.07448478e+08 9.74574722e+07 1.57484625e+08
 1.61611264e+08 1.59141999e+08 1.03926127e+08 1.02829456e+08
 7.35463238e+07 4.68319196e+08 4.43339483e+08 2.25912621e+08
 3.96882750e+08 3.63579698e+08 2.55396206e+08 1.97163042e+08
 1.48549955e+08 3.78595585e+08 1.99503799e+08 2.15273817e+08
 1.76673372e+08 1.18510261e+08 1.94382038e+08 1.56307959e+08
 3.06801235e+08 1.47184384e+08 2.08581910e+08 2.45005979e+08
 2.83364790e+08 4.14124067e+08 3.00571351e+08 1.89306674e+08
 3.35088404e+08 2.02240408e+08 3.33720699e+08 2.46771464e+08
 2.64389134e+08 3.05304714e+08 3.32042479e+08 3.31542056e+08
 3.16019680e+08 3.60416907e+08 3.74070043e+08 3.46690371e+08
 3.17376826e+08 3.30530324e+08 4.19320021e+08 3.03643289e+08
 3.56694782e+08 4.73923203e+08 4.69941036e+08 3.69241322e+08
 3.73066807e+08 3.04024506e+08 4.57348841e+08 4.64555018e+08
 4.15454584e+08 3.59183026e+08 4.74127752e+08 3.73023386e+08
 4.32379146e+08 2.64645445e+08 2.45910886e+08 3.31415877e+08
 4.31641586e+08 3.24508175e+08 3.28701360e+08 3.65834821e+08
 2.69046687e+08 2.58475389e+08 2.63280641e+08 2.12399025e+08
 2.26518182e+08 3.03514803e+08 2.52468862e+08 2.34088767e+08
 2.66710364e+08 2.61897831e+08 1.58836879e+08 1.88894894e+08
 1.98653132e+08 3.45634239e+08 2.29052610e+08 1.52104712e+08
 2.45258460e+08 3.21784562e+08 2.77841753e+08 2.72895669e+08
 3.30020602e+08 3.37429170e+08 2.93635699e+08 1.79792982e+08
 2.29133480e+08 2.36301569e+08 2.17202566e+08 2.90827106e+08
 1.93081312e+08 1.87646407e+08 1.66681857e+08 2.12411919e+08
 1.59287282e+08 1.57135627e+08 1.99522200e+08 1.94780265e+08
 2.60696400e+08 4.54852427e+08 3.09913788e+08 3.85359472e+08
 3.77965826e+08 2.28486935e+08 2.47680519e+08 2.86504978e+08
 2.55632572e+08 2.15196131e+08 1.78865870e+08 3.30273258e+08
 4.02511442e+08 3.00752708e+08 2.63164217e+08 2.30864675e+08
 1.88245913e+08 1.77308277e+08 2.22286115e+08 2.41325792e+08
 1.35640570e+08 2.41784836e+08 2.96596444e+08 2.98486057e+08
 2.77047603e+08 2.64313744e+08 2.58234621e+08 2.04535749e+08
 2.14282218e+08 2.18296574e+08 2.34080281e+08 2.27009444e+08
 2.54780991e+08 2.14448974e+08 2.89181826e+08 2.64453300e+08
 2.14049053e+08 1.95391470e+08 3.59756891e+08 2.58092942e+08
 1.91130771e+08 2.37686222e+08 3.03943127e+08 2.78519949e+08
 1.61445006e+08 2.90911958e+08 2.35626467e+08 4.44639532e+08
 2.37276395e+08 2.14199977e+08 2.29489051e+08 2.59019931e+08
 1.97808335e+08 1.88747917e+08 1.91935135e+08 1.52485136e+08
 1.02855745e+08 1.14295850e+08 9.42074979e+07 1.47276352e+08
 2.32819402e+08 2.22934558e+08 2.33148225e+08 1.62224447e+08
 2.64709823e+08 1.47313674e+08 1.86646081e+08 1.19093814e+08
 2.32157255e+08 1.60817527e+08 1.67150063e+08 1.93178352e+08
 1.29026315e+08 1.38376168e+08 1.80754512e+08 1.60944354e+08
 1.44674532e+08 2.11599411e+08 1.87820319e+08 1.51745172e+08
 1.73264363e+08 1.46985968e+08 1.07496350e+08 9.07794716e+07
 3.26983391e+08 2.95139119e+08 2.15329820e+08 1.43219881e+08
 1.65203358e+08 3.44909435e+08 2.12882482e+08 2.61593398e+08
 1.85929375e+08 3.49282427e+08 2.70402549e+08 2.47317365e+08
 2.57310523e+08 2.92016622e+08 1.90709016e+08 4.33033917e+08
 3.80511020e+08 3.62589680e+08 3.23096330e+08 3.24881211e+08
 3.86756298e+08 4.00598283e+08 3.63438794e+08 2.88152052e+08
 2.21963475e+08 3.73192040e+08 2.92530491e+08 5.58079071e+08
 5.50390895e+08 4.69318033e+08 3.45032056e+08 2.62305749e+08
 2.88057175e+08 2.87227372e+08 2.66801357e+08 3.64408581e+08
 2.99927619e+08 3.96254134e+08 4.95517048e+08 4.92321034e+08
 4.12815392e+08 5.17711007e+08 5.29660594e+08 3.84402454e+08
 3.58458594e+08 2.70323123e+08 2.77532653e+08 2.00584196e+08
 2.03413082e+08 2.00708874e+08 2.22791889e+08 2.38653312e+08
 2.26637157e+08 5.82206387e+08 4.09564304e+08 3.31065529e+08
 2.94178738e+08 2.68768378e+08 3.59421345e+08 2.69200879e+08
 2.24365670e+08 2.23264563e+08 2.65220287e+08 1.78277722e+08
 1.68663895e+08 1.31381490e+08 2.47116634e+08 2.37945637e+08
 2.85286618e+08 1.73186422e+08 1.94853003e+08 1.25705761e+08
 1.34652824e+08 2.12218823e+08 2.02470308e+08 2.54379641e+08
 2.17401402e+08 2.19095166e+08 1.52157666e+08 1.11764926e+08
 1.70567777e+08 1.58395200e+08 2.09059779e+08 2.03011083e+08
 1.29881916e+08 2.30070513e+08 3.94866111e+08 3.37926273e+08
 2.20630157e+08 2.25252555e+08 1.86092650e+08 1.78309777e+08
 2.01238903e+08 1.46795929e+08 2.21329454e+08 1.80266966e+08
 1.90329939e+08 1.07022411e+08 1.08825655e+08 1.34281283e+08
 1.03571245e+08 1.00476519e+08 2.04183170e+08 2.16411321e+08
 1.49316801e+08 1.02738133e+08 8.49032237e+07 1.25933156e+08
 1.77483278e+08 2.38856144e+08 1.47416895e+08 1.04326274e+08
 7.77604835e+07 1.03980707e+08]' has dtype incompatible with int64, please explicitly cast to a compatible dtype first.
  dd=d.copy(); future=dd.date.ge('2024-01-01');dd.loc[future,['open','high','low','close','volume']]*=1.37
PASS baseline signal, prefix and future perturbation
PASS all 13 execution paths prefix invariant; no QC gates
GRID 166 43160
PASS B17 286 trades +11271.41 reproduced
ACCOUNT C00 5 S2_r3_ge_6 fixed_1450
ACCOUNT C00 11 S2_r3_ge_6 fixed_1450
ACCOUNT C00 20 S2_r3_ge_6 fixed_1450
ACCOUNT C01 5 S1_r3_le_m2__AND__S2_clv_le_0p2 fixed_0940
ACCOUNT C01 11 S1_r3_le_m2__AND__S2_clv_le_0p2 fixed_0940
ACCOUNT C01 20 S1_r3_le_m2__AND__S2_clv_le_0p2 fixed_0940
ACCOUNT C02 5 S2_clv_le_0p2__AND__S2_r3_le_m4 gap_low_target0.5
ACCOUNT C02 11 S2_clv_le_0p2__AND__S2_r3_le_m4 gap_low_target0.5
ACCOUNT C02 20 S2_clv_le_0p2__AND__S2_r3_le_m4 gap_low_target0.5
ACCOUNT C03 5 S1_r3_le_m2__AND__S2_clv_le_0p2 gap_low_target0.5
ACCOUNT C03 11 S1_r3_le_m2__AND__S2_clv_le_0p2 gap_low_target0.5
ACCOUNT C03 20 S1_r3_le_m2__AND__S2_clv_le_0p2 gap_low_target0.5
ACCOUNT C04 5 S1_r3_le_m2__AND__S2_clv_le_0p2 target1_stop1
ACCOUNT C04 11 S1_r3_le_m2__AND__S2_clv_le_0p2 target1_stop1
ACCOUNT C04 20 S1_r3_le_m2__AND__S2_clv_le_0p2 target1_stop1
ACCOUNT C05 5 S1_clv_ge_0p9 target0.5_stop2
ACCOUNT C05 11 S1_clv_ge_0p9 target0.5_stop2
ACCOUNT C05 20 S1_clv_ge_0p9 target0.5_stop2
ACCOUNT C06 5 S1_clv_ge_0p8 open
ACCOUNT C06 11 S1_clv_ge_0p8 open
ACCOUNT C06 20 S1_clv_ge_0p8 open
ACCOUNT C07 5 S0 open
ACCOUNT C07 11 S0 open
ACCOUNT C07 20 S0 open
ACCOUNT C08 5 S1_clv_ge_0p8 open
ACCOUNT C08 11 S1_clv_ge_0p8 open
ACCOUNT C08 20 S1_clv_ge_0p8 open
PASS all parent hashes unchanged; all selected accounts scalar verified
COMPLETE {"rules": 166, "accounts": 27, "q": 3000}
