/home/runner/work/daily_stock_analysis/daily_stock_analysis/scripts/research/foxconn_b24.py:59: FutureWarning: Downcasting object dtype arrays on .fillna, .ffill, .bfill is deprecated and will change in a future version. Call result.infer_objects(copy=False) instead. To opt-in to the future behavior, set `pd.set_option('future.no_silent_downcasting', True)`
  a|=stage.eq('C')&(d.close<d.open).shift().fillna(False)&ix.pct_change().shift().lt(0)&gap.lt(0)
/home/runner/work/daily_stock_analysis/daily_stock_analysis/scripts/research/foxconn_b24.py:59: FutureWarning: Downcasting object dtype arrays on .fillna, .ffill, .bfill is deprecated and will change in a future version. Call result.infer_objects(copy=False) instead. To opt-in to the future behavior, set `pd.set_option('future.no_silent_downcasting', True)`
  a|=stage.eq('C')&(d.close<d.open).shift().fillna(False)&ix.pct_change().shift().lt(0)&gap.lt(0)
/home/runner/work/daily_stock_analysis/daily_stock_analysis/scripts/research/foxconn_b24.py:142: FutureWarning: Setting an item of incompatible dtype is deprecated and will raise an error in a future version of pandas. Value '[6.32477187e+07 5.19810349e+07 4.40963172e+07 ... 1.30217466e+08
 9.70587057e+07 1.29786137e+08]' has dtype incompatible with int64, please explicitly cast to a compatible dtype first.
  alt=d.copy();alt.loc[cut+1:,['open','close','high','low','preclose','volume']]*=1.71
/home/runner/work/daily_stock_analysis/daily_stock_analysis/scripts/research/foxconn_b24.py:59: FutureWarning: Downcasting object dtype arrays on .fillna, .ffill, .bfill is deprecated and will change in a future version. Call result.infer_objects(copy=False) instead. To opt-in to the future behavior, set `pd.set_option('future.no_silent_downcasting', True)`
  a|=stage.eq('C')&(d.close<d.open).shift().fillna(False)&ix.pct_change().shift().lt(0)&gap.lt(0)
/home/runner/work/daily_stock_analysis/daily_stock_analysis/scripts/research/foxconn_b24.py:59: FutureWarning: Downcasting object dtype arrays on .fillna, .ffill, .bfill is deprecated and will change in a future version. Call result.infer_objects(copy=False) instead. To opt-in to the future behavior, set `pd.set_option('future.no_silent_downcasting', True)`
  a|=stage.eq('C')&(d.close<d.open).shift().fillna(False)&ix.pct_change().shift().lt(0)&gap.lt(0)
/home/runner/work/daily_stock_analysis/daily_stock_analysis/scripts/research/foxconn_b24.py:59: FutureWarning: Downcasting object dtype arrays on .fillna, .ffill, .bfill is deprecated and will change in a future version. Call result.infer_objects(copy=False) instead. To opt-in to the future behavior, set `pd.set_option('future.no_silent_downcasting', True)`
  a|=stage.eq('C')&(d.close<d.open).shift().fillna(False)&ix.pct_change().shift().lt(0)&gap.lt(0)
/home/runner/work/daily_stock_analysis/daily_stock_analysis/scripts/research/foxconn_b24.py:142: FutureWarning: Setting an item of incompatible dtype is deprecated and will raise an error in a future version of pandas. Value '[7.26431239e+08 6.48325142e+08 5.11123494e+08 4.61191431e+08
 4.45222447e+08 4.00093532e+08 4.21247999e+08 4.06350780e+08
 4.71346243e+08 2.89592390e+08 2.90607669e+08 2.63092739e+08
 3.02471146e+08 2.09284785e+08 2.34678316e+08 2.11456781e+08
 2.31795312e+08 4.35016794e+08 2.55288833e+08 2.12703619e+08
 3.50355941e+08 3.97828747e+08 3.22503638e+08 2.94662055e+08
 1.77942219e+08 3.82616105e+08 2.05092812e+08 6.03206573e+08
 4.38938016e+08 3.94219200e+08 2.93290306e+08 4.11963354e+08
 2.41439137e+08 2.45122977e+08 1.66663047e+08 1.73075193e+08
 1.96103942e+08 2.43681915e+08 4.12385231e+08 2.37238428e+08
 2.93320040e+08 1.91020412e+08 1.68749961e+08 3.10961248e+08
 3.50754306e+08 2.50696537e+08 1.68545562e+08 1.54362206e+08
 1.21441720e+08 2.37883601e+08 2.66097358e+08 1.40403579e+08
 1.25311507e+08 5.09464592e+08 5.05643300e+08 2.75376866e+08
 3.30773600e+08 4.07318375e+08 3.90653467e+08 3.49512435e+08
 3.51256292e+08 2.43241113e+08 1.78434134e+08 2.10555823e+08
 1.93936172e+08 2.25224167e+08 2.04834281e+08 1.80677752e+08
 1.96660450e+08 1.71888740e+08 1.54196374e+08 1.26578545e+08
 1.35207472e+08 1.50743372e+08 1.09341336e+08 2.72778942e+08
 1.75346772e+08 2.19576642e+08 2.21041756e+08 1.44857231e+08
 2.16874175e+08 2.32664601e+08 2.74119207e+08 1.97902719e+08
 1.78355214e+08 1.69134108e+08 1.51153111e+08 2.30171310e+08
 1.47052351e+08 1.67064707e+08 2.19384231e+08 2.57013041e+08
 2.48379460e+08 3.11189685e+08 4.00413422e+08 2.44464290e+08
 1.89697771e+08 2.24423163e+08 2.95285430e+08 1.58483074e+08
 1.73405260e+08 3.60724083e+08 2.16196969e+08 2.59674258e+08
 1.54763104e+08 1.54614739e+08 1.60243849e+08 1.40602419e+08
 1.40248124e+08 1.29526117e+08 1.24999926e+08 1.16085296e+08
 2.34748475e+08 3.28876694e+08 2.24627710e+08 1.40727678e+08
 2.20168528e+08 1.39923243e+08 1.57006571e+08 1.48068912e+08
 1.73670866e+08 1.18515115e+08 2.01771376e+08 2.73056299e+08
 1.39258113e+08 1.67129839e+08 1.54530706e+08 1.31759975e+08
 4.40890146e+08 4.19664010e+08 3.22874532e+08 2.40575714e+08
 4.77376295e+08 5.24220233e+08 4.55856350e+08 3.15567901e+08
 2.49428103e+08 2.41760477e+08 2.29296975e+08 2.30959953e+08
 1.97128427e+08 4.15279700e+08 4.27572878e+08 2.51804041e+08
 2.11723621e+08 1.57574470e+08 1.82408617e+08 1.85819318e+08
 2.36584097e+08 2.07413356e+08 3.19293211e+08 1.93281177e+08
 1.87332506e+08 2.62037467e+08 2.67643851e+08 2.64880731e+08
 5.66663302e+08 5.35175206e+08 3.95258357e+08 4.09437614e+08
 3.16498770e+08 2.59512822e+08 1.91977006e+08 1.83786610e+08
 1.95893570e+08 2.10185401e+08 2.07157895e+08 2.19591249e+08
 1.53331078e+08 1.48526279e+08 1.55294939e+08 1.97329386e+08
 2.09186880e+08 1.50700934e+08 1.64605968e+08 2.50885460e+08
 1.89337442e+08 1.59249494e+08 2.22158785e+08 1.60304696e+08
 1.55590880e+08 2.82422006e+08 1.68976391e+08 3.14049349e+08
 1.57921154e+08 3.12010367e+08 2.13714220e+08 2.36510752e+08
 3.59149864e+08 2.77889740e+08 3.34236759e+08 3.07138481e+08
 1.66343754e+08 2.29901827e+08 2.13288208e+08 1.77438860e+08
 1.41413113e+08 1.96977872e+08 1.98404922e+08 1.30157452e+08
 1.88762680e+08 1.10628004e+08 2.30543170e+08 1.42406941e+08
 2.68929981e+08 1.75071895e+08 1.44866875e+08 2.15070676e+08
 6.83215449e+08 6.91703217e+08 3.96643488e+08 4.35569074e+08
 5.12257992e+08 3.48846773e+08 4.94746988e+08 2.95183410e+08
 2.62153422e+08 2.17523372e+08 1.92733464e+08 2.63579202e+08
 3.59165859e+08 3.65263093e+08 3.38178466e+08 2.53923570e+08
 3.46509212e+08 4.05048134e+08 3.27338537e+08 2.86560943e+08
 3.31030029e+08 2.93952676e+08 1.81104587e+08 1.92764451e+08
 1.39822841e+08 2.39015907e+08 1.76228997e+08 1.21707183e+08
 1.34650946e+08 1.54157152e+08 1.52381670e+08 2.47579537e+08
 1.99159121e+08 1.55748096e+08 1.66207171e+08 1.08982500e+08
 1.22179384e+08 1.11401194e+08 1.25622238e+08 8.98104774e+07
 1.23906612e+08 9.78361794e+07 1.08831921e+08 9.82868636e+07
 8.19144207e+07 2.17984726e+08 5.67142020e+07 3.67206057e+08
 3.74379722e+08 4.34093993e+08 2.69194626e+08 2.44368593e+08
 1.49457841e+08 2.03020210e+08 1.33076608e+08 9.30585420e+07
 8.74351198e+07 7.89412351e+07 1.73482280e+08 9.17245915e+07
 1.20606938e+08 7.84548017e+07 6.24100769e+07 9.44902463e+07
 1.70254943e+08 1.70902292e+08 1.72840517e+08 9.91399467e+07
 1.81945852e+08 1.78859564e+08 2.57323032e+08 1.37920756e+08
 9.18405449e+07 9.46065075e+07 6.79694990e+07 5.63216305e+07
 9.30785097e+07 9.17707991e+07 6.53026360e+07 7.39048132e+07
 5.67454351e+07 3.02554955e+08 1.59988455e+08 8.50598648e+07
 1.90156408e+08 3.96966638e+08 1.45008684e+08 1.27194610e+08
 1.06906652e+08 1.46728811e+08 1.79228908e+08 1.78411650e+08
 2.11208201e+08 1.50840379e+08 2.01588925e+08 1.38061122e+08
 8.56476705e+07 1.34114524e+08 1.21643998e+08 1.96568401e+08
 2.01719168e+08 1.98637094e+08 1.29718013e+08 1.28349175e+08
 9.17986961e+07 5.84544398e+08 5.53365340e+08 2.81978526e+08
 4.95379199e+08 4.53811156e+08 3.18779205e+08 2.46094016e+08
 1.85416367e+08 4.72553613e+08 2.49015691e+08 2.68699436e+08
 2.20519319e+08 1.47921566e+08 2.42622835e+08 1.95099716e+08
 3.82941687e+08 1.83711895e+08 2.60346763e+08 3.05810383e+08
 3.53688898e+08 5.16899383e+08 3.75165701e+08 2.36287892e+08
 4.18249030e+08 2.52431459e+08 4.16541894e+08 3.08014017e+08
 3.30003955e+08 3.81073767e+08 4.14447182e+08 4.13822567e+08
 3.94447921e+08 4.49863438e+08 4.66904944e+08 4.32730317e+08
 3.96141878e+08 4.12559747e+08 5.23384844e+08 3.79000017e+08
 4.45217575e+08 5.91539180e+08 5.86568738e+08 4.60877854e+08
 4.65652730e+08 3.79475844e+08 5.70851473e+08 5.79846044e+08
 5.18560101e+08 4.48323339e+08 5.91794493e+08 4.65598533e+08
 5.39684919e+08 3.30323877e+08 3.06939865e+08 4.13665072e+08
 5.38764315e+08 4.05043051e+08 4.10276880e+08 4.56625944e+08
 3.35817398e+08 3.22622566e+08 3.28620362e+08 2.65111192e+08
 2.82734374e+08 3.78839645e+08 3.15125368e+08 2.92183789e+08
 3.32901258e+08 3.26894373e+08 1.98256251e+08 2.35773919e+08
 2.47953909e+08 4.31412080e+08 2.85897783e+08 1.89853326e+08
 3.06125524e+08 4.01643504e+08 3.46795180e+08 3.40621601e+08
 4.11923524e+08 4.21170715e+08 3.66508792e+08 2.24413138e+08
 2.85998723e+08 2.94945754e+08 2.71106852e+08 3.63003176e+08
 2.40999301e+08 2.34215588e+08 2.08048157e+08 2.65127285e+08
 1.98818432e+08 1.96132790e+08 2.49038658e+08 2.43119893e+08
 3.25394777e+08 5.67735511e+08 3.86826699e+08 4.80996129e+08
 4.71767563e+08 2.85191722e+08 3.09148677e+08 3.57608403e+08
 3.19074232e+08 2.68602470e+08 2.23255940e+08 4.12238884e+08
 5.02404792e+08 3.75392066e+08 3.28475044e+08 2.88159557e+08
 2.34963877e+08 2.21311791e+08 2.77452013e+08 3.01216864e+08
 1.69303193e+08 3.01789832e+08 3.70204321e+08 3.72562888e+08
 3.45803943e+08 3.29909855e+08 3.22322045e+08 2.55296446e+08
 2.67461746e+08 2.72472366e+08 2.92173197e+08 2.83347554e+08
 3.18011309e+08 2.67669888e+08 3.60949579e+08 3.30084046e+08
 2.67170716e+08 2.43882784e+08 4.49039623e+08 3.22145205e+08
 2.38564686e+08 2.96674044e+08 3.79374268e+08 3.47641688e+08
 2.01511650e+08 3.63109086e+08 2.94103109e+08 5.54988029e+08
 2.96162508e+08 2.67359095e+08 2.86442538e+08 3.23302250e+08
 2.46899455e+08 2.35590465e+08 2.39568673e+08 1.90328162e+08
 1.28381988e+08 1.42661244e+08 1.17587461e+08 1.83826688e+08
 2.90599399e+08 2.78261383e+08 2.91009828e+08 2.02484529e+08
 3.30404232e+08 1.83873272e+08 2.32967006e+08 1.48649943e+08
 2.89772924e+08 2.00728446e+08 2.08632560e+08 2.41120424e+08
 1.61047444e+08 1.72717698e+08 2.25613296e+08 2.00886749e+08
 1.80579160e+08 2.64113134e+08 2.34432660e+08 1.89404557e+08
 2.16264278e+08 1.83464238e+08 1.34174276e+08 1.13308683e+08
 4.08132554e+08 3.68385324e+08 2.68769337e+08 1.78763501e+08
 2.06202732e+08 4.30507398e+08 2.65714631e+08 3.26514387e+08
 2.32072431e+08 4.35965658e+08 3.37509750e+08 3.08695397e+08
 3.21168609e+08 3.64487900e+08 2.38038260e+08 5.40502188e+08
 4.74944412e+08 4.52575440e+08 4.03280820e+08 4.05508665e+08
 4.82739613e+08 5.00016835e+08 4.53635283e+08 3.59664240e+08
 2.77049301e+08 4.65809043e+08 3.65129299e+08 6.96580446e+08
 6.86984256e+08 5.85791121e+08 4.30660449e+08 3.27403526e+08
 3.59545818e+08 3.58510077e+08 3.33014832e+08 4.54845747e+08
 3.74362210e+08 4.94594576e+08 6.18492082e+08 6.14502896e+08
 5.15265928e+08 6.46194031e+08 6.61109208e+08 4.79801603e+08
 4.47419121e+08 3.37410613e+08 3.46409370e+08 2.50364216e+08
 2.53895160e+08 2.50519836e+08 2.78083307e+08 2.97881142e+08
 2.82882875e+08 7.26695564e+08 5.11208000e+08 4.13227777e+08
 3.67186600e+08 3.35470020e+08 4.48620803e+08 3.36009856e+08
 2.80047661e+08 2.78673286e+08 3.31041380e+08 2.22521828e+08
 2.10522088e+08 1.63987116e+08 3.08444850e+08 2.96997839e+08
 3.56087676e+08 2.16166994e+08 2.43210682e+08 1.56902811e+08
 1.68070313e+08 2.64886268e+08 2.52718414e+08 3.17510355e+08
 2.71355035e+08 2.73469149e+08 1.89919423e+08 1.39502207e+08
 2.12898466e+08 1.97704957e+08 2.60943228e+08 2.53393395e+08
 1.62115384e+08 2.87168305e+08 4.92862081e+08 4.21791187e+08
 2.75385086e+08 2.81154648e+08 2.32276227e+08 2.22561839e+08
 2.51181404e+08 1.83227035e+08 2.76257932e+08 2.25004753e+08
 2.37565107e+08 1.33582717e+08 1.35833482e+08 1.67606565e+08
 1.29275058e+08 1.25412298e+08 2.54856365e+08 2.70119240e+08
 1.86373526e+08 1.28235188e+08 1.05974097e+08 1.57186641e+08
 2.21530223e+08 2.98134310e+08 1.84002110e+08 1.30217466e+08
 9.70587057e+07 1.29786137e+08]' has dtype incompatible with int64, please explicitly cast to a compatible dtype first.
  alt=d.copy();alt.loc[cut+1:,['open','close','high','low','preclose','volume']]*=1.71
/home/runner/work/daily_stock_analysis/daily_stock_analysis/scripts/research/foxconn_b24.py:59: FutureWarning: Downcasting object dtype arrays on .fillna, .ffill, .bfill is deprecated and will change in a future version. Call result.infer_objects(copy=False) instead. To opt-in to the future behavior, set `pd.set_option('future.no_silent_downcasting', True)`
  a|=stage.eq('C')&(d.close<d.open).shift().fillna(False)&ix.pct_change().shift().lt(0)&gap.lt(0)
/home/runner/work/daily_stock_analysis/daily_stock_analysis/scripts/research/foxconn_b24.py:59: FutureWarning: Downcasting object dtype arrays on .fillna, .ffill, .bfill is deprecated and will change in a future version. Call result.infer_objects(copy=False) instead. To opt-in to the future behavior, set `pd.set_option('future.no_silent_downcasting', True)`
  a|=stage.eq('C')&(d.close<d.open).shift().fillna(False)&ix.pct_change().shift().lt(0)&gap.lt(0)
/home/runner/work/daily_stock_analysis/daily_stock_analysis/scripts/research/foxconn_b24.py:59: FutureWarning: Downcasting object dtype arrays on .fillna, .ffill, .bfill is deprecated and will change in a future version. Call result.infer_objects(copy=False) instead. To opt-in to the future behavior, set `pd.set_option('future.no_silent_downcasting', True)`
  a|=stage.eq('C')&(d.close<d.open).shift().fillna(False)&ix.pct_change().shift().lt(0)&gap.lt(0)
/home/runner/work/daily_stock_analysis/daily_stock_analysis/scripts/research/foxconn_b24.py:142: FutureWarning: Setting an item of incompatible dtype is deprecated and will raise an error in a future version of pandas. Value '[1.29786137e+08]' has dtype incompatible with int64, please explicitly cast to a compatible dtype first.
  alt=d.copy();alt.loc[cut+1:,['open','close','high','low','preclose','volume']]*=1.71
/home/runner/work/daily_stock_analysis/daily_stock_analysis/scripts/research/foxconn_b24.py:59: FutureWarning: Downcasting object dtype arrays on .fillna, .ffill, .bfill is deprecated and will change in a future version. Call result.infer_objects(copy=False) instead. To opt-in to the future behavior, set `pd.set_option('future.no_silent_downcasting', True)`
  a|=stage.eq('C')&(d.close<d.open).shift().fillna(False)&ix.pct_change().shift().lt(0)&gap.lt(0)
/home/runner/work/daily_stock_analysis/daily_stock_analysis/scripts/research/foxconn_b24.py:59: FutureWarning: Downcasting object dtype arrays on .fillna, .ffill, .bfill is deprecated and will change in a future version. Call result.infer_objects(copy=False) instead. To opt-in to the future behavior, set `pd.set_option('future.no_silent_downcasting', True)`
  a|=stage.eq('C')&(d.close<d.open).shift().fillna(False)&ix.pct_change().shift().lt(0)&gap.lt(0)
/home/runner/work/daily_stock_analysis/daily_stock_analysis/scripts/research/foxconn_b24.py:59: FutureWarning: Downcasting object dtype arrays on .fillna, .ffill, .bfill is deprecated and will change in a future version. Call result.infer_objects(copy=False) instead. To opt-in to the future behavior, set `pd.set_option('future.no_silent_downcasting', True)`
  a|=stage.eq('C')&(d.close<d.open).shift().fillna(False)&ix.pct_change().shift().lt(0)&gap.lt(0)
ACCOUNT R1_F 3000 5 40166.2689
ACCOUNT R1_F 3000 11 36895.0181
ACCOUNT R1_F 3000 20 31988.1419
ACCOUNT R1_L1 3000 5 40166.2689
ACCOUNT R1_L1 3000 11 36895.0181
ACCOUNT R1_L1 3000 20 31988.1419
ACCOUNT R1_L2 3000 5 40166.2689
ACCOUNT R1_L2 3000 11 36895.0181
ACCOUNT R1_L2 3000 20 31988.1419
ACCOUNT R05_F 3000 5 39896.1163
ACCOUNT R05_F 3000 11 36624.7035
ACCOUNT R05_F 3000 20 31717.5843
ACCOUNT R05_L1 3000 5 39896.1163
ACCOUNT R05_L1 3000 11 36624.7035
ACCOUNT R05_L1 3000 20 31717.5843
ACCOUNT R05_L2 3000 5 39896.1163
ACCOUNT R05_L2 3000 11 36624.7035
ACCOUNT R05_L2 3000 20 31717.5843
ACCOUNT Rsmall_F 3000 5 35203.0376
ACCOUNT Rsmall_F 3000 11 31928.8104
ACCOUNT Rsmall_F 3000 20 27017.4695
ACCOUNT Rsmall_L1 3000 5 35203.0376
ACCOUNT Rsmall_L1 3000 11 31928.8104
ACCOUNT Rsmall_L1 3000 20 27017.4695
ACCOUNT Rsmall_L2 3000 5 35203.0376
ACCOUNT Rsmall_L2 3000 11 31928.8104
ACCOUNT Rsmall_L2 3000 20 27017.4695
ACCOUNT Rprofit_F 3000 5 40406.5122
ACCOUNT Rprofit_F 3000 11 37135.4055
ACCOUNT Rprofit_F 3000 20 32228.7454
ACCOUNT Rprofit_L1 3000 5 40406.5122
ACCOUNT Rprofit_L1 3000 11 37135.4055
ACCOUNT Rprofit_L1 3000 20 32228.7454
ACCOUNT Rprofit_L2 3000 5 40406.5122
ACCOUNT Rprofit_L2 3000 11 37135.4055
ACCOUNT Rprofit_L2 3000 20 32228.7454
ACCOUNT N0_F 3000 5 11480.5551
ACCOUNT N0_F 3000 11 9293.3322
ACCOUNT N0_F 3000 20 6012.4978
ACCOUNT N0_L1 3000 5 11480.5551
ACCOUNT N0_L1 3000 11 9293.3322
ACCOUNT N0_L1 3000 20 6012.4978
ACCOUNT N0_L2 3000 5 11480.5551
ACCOUNT N0_L2 3000 11 9293.3322
ACCOUNT N0_L2 3000 20 6012.4978
ACCOUNT N0_R1_F 3000 5 52390.6078
ACCOUNT N0_R1_F 3000 11 46998.2736
ACCOUNT N0_R1_F 3000 20 38909.7722
ACCOUNT N0_R1_L1 3000 5 52390.6078
ACCOUNT N0_R1_L1 3000 11 46998.2736
ACCOUNT N0_R1_L1 3000 20 38909.7722
ACCOUNT N0_R1_L2 3000 5 52390.6078
ACCOUNT N0_R1_L2 3000 11 46998.2736
ACCOUNT N0_R1_L2 3000 20 38909.7722
ACCOUNT N0_R05_F 3000 5 52120.4552
ACCOUNT N0_R05_F 3000 11 46727.959
ACCOUNT N0_R05_F 3000 20 38639.2146
ACCOUNT N0_R05_L1 3000 5 52120.4552
ACCOUNT N0_R05_L1 3000 11 46727.959
ACCOUNT N0_R05_L1 3000 20 38639.2146
ACCOUNT N0_R05_L2 3000 5 52120.4552
ACCOUNT N0_R05_L2 3000 11 46727.959
ACCOUNT N0_R05_L2 3000 20 38639.2146
ACCOUNT N0_Rsmall_F 3000 5 47427.3765
ACCOUNT N0_Rsmall_F 3000 11 42032.0658
ACCOUNT N0_Rsmall_F 3000 20 33939.0998
ACCOUNT N0_Rsmall_L1 3000 5 47427.3765
ACCOUNT N0_Rsmall_L1 3000 11 42032.0658
ACCOUNT N0_Rsmall_L1 3000 20 33939.0998
ACCOUNT N0_Rsmall_L2 3000 5 47427.3765
ACCOUNT N0_Rsmall_L2 3000 11 42032.0658
ACCOUNT N0_Rsmall_L2 3000 20 33939.0998
ACCOUNT N0_Rprofit_F 3000 5 52630.8511
ACCOUNT N0_Rprofit_F 3000 11 47238.6609
ACCOUNT N0_Rprofit_F 3000 20 39150.3757
ACCOUNT N0_Rprofit_L1 3000 5 52630.8511
ACCOUNT N0_Rprofit_L1 3000 11 47238.6609
ACCOUNT N0_Rprofit_L1 3000 20 39150.3757
ACCOUNT N0_Rprofit_L2 3000 5 52630.8511
ACCOUNT N0_Rprofit_L2 3000 11 47238.6609
ACCOUNT N0_Rprofit_L2 3000 20 39150.3757
ACCOUNT N2_F 3000 5 10771.318
ACCOUNT N2_F 3000 11 8584.5209
ACCOUNT N2_F 3000 20 5304.3251
ACCOUNT N2_L1 3000 5 10771.318
ACCOUNT N2_L1 3000 11 8584.5209
ACCOUNT N2_L1 3000 20 5304.3251
ACCOUNT N2_L2 3000 5 10771.318
ACCOUNT N2_L2 3000 11 8584.5209
ACCOUNT N2_L2 3000 20 5304.3251
ACCOUNT N2_R1_F 3000 5 51681.3708
ACCOUNT N2_R1_F 3000 11 46289.4623
ACCOUNT N2_R1_F 3000 20 38201.5995
ACCOUNT N2_R1_L1 3000 5 51681.3708
ACCOUNT N2_R1_L1 3000 11 46289.4623
ACCOUNT N2_R1_L1 3000 20 38201.5995
ACCOUNT N2_R1_L2 3000 5 51681.3708
ACCOUNT N2_R1_L2 3000 11 46289.4623
ACCOUNT N2_R1_L2 3000 20 38201.5995
ACCOUNT N2_R05_F 3000 5 51411.2182
ACCOUNT N2_R05_F 3000 11 46019.1477
ACCOUNT N2_R05_F 3000 20 37931.0419
ACCOUNT N2_R05_L1 3000 5 51411.2182
ACCOUNT N2_R05_L1 3000 11 46019.1477
ACCOUNT N2_R05_L1 3000 20 37931.0419
ACCOUNT N2_R05_L2 3000 5 51411.2182
ACCOUNT N2_R05_L2 3000 11 46019.1477
ACCOUNT N2_R05_L2 3000 20 37931.0419
ACCOUNT N2_Rsmall_F 3000 5 46718.1395
ACCOUNT N2_Rsmall_F 3000 11 41323.2545
ACCOUNT N2_Rsmall_F 3000 20 33230.9271
ACCOUNT N2_Rsmall_L1 3000 5 46718.1395
ACCOUNT N2_Rsmall_L1 3000 11 41323.2545
ACCOUNT N2_Rsmall_L1 3000 20 33230.9271
ACCOUNT N2_Rsmall_L2 3000 5 46718.1395
ACCOUNT N2_Rsmall_L2 3000 11 41323.2545
ACCOUNT N2_Rsmall_L2 3000 20 33230.9271
ACCOUNT N2_Rprofit_F 3000 5 51921.614
ACCOUNT N2_Rprofit_F 3000 11 46529.8496
ACCOUNT N2_Rprofit_F 3000 20 38442.203
ACCOUNT N2_Rprofit_L1 3000 5 51921.614
ACCOUNT N2_Rprofit_L1 3000 11 46529.8496
ACCOUNT N2_Rprofit_L1 3000 20 38442.203
ACCOUNT N2_Rprofit_L2 3000 5 51921.614
ACCOUNT N2_Rprofit_L2 3000 11 46529.8496
ACCOUNT N2_Rprofit_L2 3000 20 38442.203
ACCOUNT Pall_F 3000 5 28624.1142
ACCOUNT Pall_F 3000 11 24740.2251
ACCOUNT Pall_F 3000 20 18914.3915
ACCOUNT Pall_L1 3000 5 28624.1142
ACCOUNT Pall_L1 3000 11 24740.2251
ACCOUNT Pall_L1 3000 20 18914.3915
ACCOUNT Pall_L2 3000 5 28624.1142
ACCOUNT Pall_L2 3000 11 24740.2251
ACCOUNT Pall_L2 3000 20 18914.3915
ACCOUNT Pall_R1_F 3000 5 69561.6883
ACCOUNT Pall_R1_F 3000 11 62406.5519
ACCOUNT Pall_R1_F 3000 20 51673.8472
ACCOUNT Pall_R1_L1 3000 5 69561.6883
ACCOUNT Pall_R1_L1 3000 11 62406.5519
ACCOUNT Pall_R1_L1 3000 20 51673.8472
ACCOUNT Pall_R1_L2 3000 5 69561.6883
ACCOUNT Pall_R1_L2 3000 11 62406.5519
ACCOUNT Pall_R1_L2 3000 20 51673.8472
ACCOUNT Pall_R05_F 3000 5 69291.5357
ACCOUNT Pall_R05_F 3000 11 62136.2372
ACCOUNT Pall_R05_F 3000 20 51403.2895
ACCOUNT Pall_R05_L1 3000 5 69291.5357
ACCOUNT Pall_R05_L1 3000 11 62136.2372
ACCOUNT Pall_R05_L1 3000 20 51403.2895
ACCOUNT Pall_R05_L2 3000 5 69291.5357
ACCOUNT Pall_R05_L2 3000 11 62136.2372
ACCOUNT Pall_R05_L2 3000 20 51403.2895
ACCOUNT Pall_Rsmall_F 3000 5 64598.457
ACCOUNT Pall_Rsmall_F 3000 11 57440.3441
ACCOUNT Pall_Rsmall_F 3000 20 46703.1747
ACCOUNT Pall_Rsmall_L1 3000 5 64598.457
ACCOUNT Pall_Rsmall_L1 3000 11 57440.3441
ACCOUNT Pall_Rsmall_L1 3000 20 46703.1747
ACCOUNT Pall_Rsmall_L2 3000 5 64598.457
ACCOUNT Pall_Rsmall_L2 3000 11 57440.3441
ACCOUNT Pall_Rsmall_L2 3000 20 46703.1747
ACCOUNT Pall_Rprofit_F 3000 5 69801.9316
ACCOUNT Pall_Rprofit_F 3000 11 62646.9392
ACCOUNT Pall_Rprofit_F 3000 20 51914.4506
ACCOUNT Pall_Rprofit_L1 3000 5 69801.9316
ACCOUNT Pall_Rprofit_L1 3000 11 62646.9392
ACCOUNT Pall_Rprofit_L1 3000 20 51914.4506
ACCOUNT Pall_Rprofit_L2 3000 5 69801.9316
ACCOUNT Pall_Rprofit_L2 3000 11 62646.9392
ACCOUNT Pall_Rprofit_L2 3000 20 51914.4506
ACCOUNT Pall_N0_F 3000 5 41403.8776
ACCOUNT Pall_N0_F 3000 11 35573.2245
ACCOUNT Pall_N0_F 3000 20 26827.2448
ACCOUNT Pall_N0_L1 3000 5 39596.5852
ACCOUNT Pall_N0_L1 3000 11 33809.1107
ACCOUNT Pall_N0_L1 3000 20 25127.8989
ACCOUNT Pall_N0_L2 3000 5 41403.8776
ACCOUNT Pall_N0_L2 3000 11 35573.2245
ACCOUNT Pall_N0_L2 3000 20 26827.2448
ACCOUNT Pall_N0_R1_F 3000 5 82321.2356
ACCOUNT Pall_N0_R1_F 3000 11 73285.4745
ACCOUNT Pall_N0_R1_F 3000 20 59731.833
ACCOUNT Pall_N0_R1_L1 3000 5 80508.9431
ACCOUNT Pall_N0_R1_L1 3000 11 71516.3607
ACCOUNT Pall_N0_R1_L1 3000 20 58027.4871
ACCOUNT Pall_N0_R1_L2 3000 5 82321.2356
ACCOUNT Pall_N0_R1_L2 3000 11 73285.4745
ACCOUNT Pall_N0_R1_L2 3000 20 59731.833
ACCOUNT Pall_N0_R05_F 3000 5 82051.083
ACCOUNT Pall_N0_R05_F 3000 11 73015.1599
ACCOUNT Pall_N0_R05_F 3000 20 59461.2753
ACCOUNT Pall_N0_R05_L1 3000 5 80238.7905
ACCOUNT Pall_N0_R05_L1 3000 11 71246.0461
ACCOUNT Pall_N0_R05_L1 3000 20 57756.9294
ACCOUNT Pall_N0_R05_L2 3000 5 82051.083
ACCOUNT Pall_N0_R05_L2 3000 11 73015.1599
ACCOUNT Pall_N0_R05_L2 3000 20 59461.2753
ACCOUNT Pall_N0_Rsmall_F 3000 5 77358.0043
ACCOUNT Pall_N0_Rsmall_F 3000 11 68319.2668
ACCOUNT Pall_N0_Rsmall_F 3000 20 54761.1605
ACCOUNT Pall_N0_Rsmall_L1 3000 5 75545.7118
ACCOUNT Pall_N0_Rsmall_L1 3000 11 66550.153
ACCOUNT Pall_N0_Rsmall_L1 3000 20 53056.8146
ACCOUNT Pall_N0_Rsmall_L2 3000 5 77358.0043
ACCOUNT Pall_N0_Rsmall_L2 3000 11 68319.2668
ACCOUNT Pall_N0_Rsmall_L2 3000 20 54761.1605
ACCOUNT Pall_N0_Rprofit_F 3000 5 82561.4788
ACCOUNT Pall_N0_Rprofit_F 3000 11 73525.8619
ACCOUNT Pall_N0_Rprofit_F 3000 20 59972.4364
ACCOUNT Pall_N0_Rprofit_L1 3000 5 80749.1864
ACCOUNT Pall_N0_Rprofit_L1 3000 11 71756.7481
ACCOUNT Pall_N0_Rprofit_L1 3000 20 58268.0905
ACCOUNT Pall_N0_Rprofit_L2 3000 5 82561.4788
ACCOUNT Pall_N0_Rprofit_L2 3000 11 73525.8619
ACCOUNT Pall_N0_Rprofit_L2 3000 20 59972.4364
ACCOUNT Pall_N2_F 3000 5 40694.6406
ACCOUNT Pall_N2_F 3000 11 34864.4132
ACCOUNT Pall_N2_F 3000 20 26119.0721
ACCOUNT Pall_N2_L1 3000 5 40208.0214
ACCOUNT Pall_N2_L1 3000 11 34421.7646
ACCOUNT Pall_N2_L1 3000 20 25742.3794
ACCOUNT Pall_N2_L2 3000 5 40694.6406
ACCOUNT Pall_N2_L2 3000 11 34864.4132
ACCOUNT Pall_N2_L2 3000 20 26119.0721
ACCOUNT Pall_N2_R1_F 3000 5 81611.9985
ACCOUNT Pall_N2_R1_F 3000 11 72576.6632
ACCOUNT Pall_N2_R1_F 3000 20 59023.6603
ACCOUNT Pall_N2_R1_L1 3000 5 81120.3793
ACCOUNT Pall_N2_R1_L1 3000 11 72129.0146
ACCOUNT Pall_N2_R1_L1 3000 20 58641.9676
ACCOUNT Pall_N2_R1_L2 3000 5 81611.9985
ACCOUNT Pall_N2_R1_L2 3000 11 72576.6632
ACCOUNT Pall_N2_R1_L2 3000 20 59023.6603
ACCOUNT Pall_N2_R05_F 3000 5 81341.8459
ACCOUNT Pall_N2_R05_F 3000 11 72306.3486
ACCOUNT Pall_N2_R05_F 3000 20 58753.1027
ACCOUNT Pall_N2_R05_L1 3000 5 80850.2267
ACCOUNT Pall_N2_R05_L1 3000 11 71858.7
ACCOUNT Pall_N2_R05_L1 3000 20 58371.41
ACCOUNT Pall_N2_R05_L2 3000 5 81341.8459
ACCOUNT Pall_N2_R05_L2 3000 11 72306.3486
ACCOUNT Pall_N2_R05_L2 3000 20 58753.1027
ACCOUNT Pall_N2_Rsmall_F 3000 5 76648.7672
ACCOUNT Pall_N2_Rsmall_F 3000 11 67610.4555
ACCOUNT Pall_N2_Rsmall_F 3000 20 54052.9879
ACCOUNT Pall_N2_Rsmall_L1 3000 5 76157.148
ACCOUNT Pall_N2_Rsmall_L1 3000 11 67162.8069
ACCOUNT Pall_N2_Rsmall_L1 3000 20 53671.2952
ACCOUNT Pall_N2_Rsmall_L2 3000 5 76648.7672
ACCOUNT Pall_N2_Rsmall_L2 3000 11 67610.4555
ACCOUNT Pall_N2_Rsmall_L2 3000 20 54052.9879
ACCOUNT Pall_N2_Rprofit_F 3000 5 81852.2418
ACCOUNT Pall_N2_Rprofit_F 3000 11 72817.0506
ACCOUNT Pall_N2_Rprofit_F 3000 20 59264.2637
ACCOUNT Pall_N2_Rprofit_L1 3000 5 81360.6226
ACCOUNT Pall_N2_Rprofit_L1 3000 11 72369.402
ACCOUNT Pall_N2_Rprofit_L1 3000 20 58882.5711
ACCOUNT Pall_N2_Rprofit_L2 3000 5 81852.2418
ACCOUNT Pall_N2_Rprofit_L2 3000 11 72817.0506
ACCOUNT Pall_N2_Rprofit_L2 3000 20 59264.2637
ACCOUNT PUR_F 3000 5 27562.1598
ACCOUNT PUR_F 3000 11 25273.9458
ACCOUNT PUR_F 3000 20 21841.6249
ACCOUNT PUR_L1 3000 5 27562.1598
ACCOUNT PUR_L1 3000 11 25273.9458
ACCOUNT PUR_L1 3000 20 21841.6249
ACCOUNT PUR_L2 3000 5 27562.1598
ACCOUNT PUR_L2 3000 11 25273.9458
ACCOUNT PUR_L2 3000 20 21841.6249
ACCOUNT PUR_R1_F 3000 5 68648.7339
ACCOUNT PUR_R1_F 3000 11 63089.2726
ACCOUNT PUR_R1_F 3000 20 54750.0806
ACCOUNT PUR_R1_L1 3000 5 68648.7339
ACCOUNT PUR_R1_L1 3000 11 63089.2726
ACCOUNT PUR_R1_L1 3000 20 54750.0806
ACCOUNT PUR_R1_L2 3000 5 68648.7339
ACCOUNT PUR_R1_L2 3000 11 63089.2726
ACCOUNT PUR_R1_L2 3000 20 54750.0806
ACCOUNT PUR_R05_F 3000 5 68378.5813
ACCOUNT PUR_R05_F 3000 11 62818.958
ACCOUNT PUR_R05_F 3000 20 54479.5229
ACCOUNT PUR_R05_L1 3000 5 68378.5813
ACCOUNT PUR_R05_L1 3000 11 62818.958
ACCOUNT PUR_R05_L1 3000 20 54479.5229
ACCOUNT PUR_R05_L2 3000 5 68378.5813
ACCOUNT PUR_R05_L2 3000 11 62818.958
ACCOUNT PUR_R05_L2 3000 20 54479.5229
ACCOUNT PUR_Rsmall_F 3000 5 63685.5026
ACCOUNT PUR_Rsmall_F 3000 11 58123.0648
ACCOUNT PUR_Rsmall_F 3000 20 49779.4082
ACCOUNT PUR_Rsmall_L1 3000 5 63685.5026
ACCOUNT PUR_Rsmall_L1 3000 11 58123.0648
ACCOUNT PUR_Rsmall_L1 3000 20 49779.4082
ACCOUNT PUR_Rsmall_L2 3000 5 63685.5026
ACCOUNT PUR_Rsmall_L2 3000 11 58123.0648
ACCOUNT PUR_Rsmall_L2 3000 20 49779.4082
ACCOUNT PUR_Rprofit_F 3000 5 68888.9772
ACCOUNT PUR_Rprofit_F 3000 11 63329.6599
ACCOUNT PUR_Rprofit_F 3000 20 54990.684
ACCOUNT PUR_Rprofit_L1 3000 5 68888.9772
ACCOUNT PUR_Rprofit_L1 3000 11 63329.6599
ACCOUNT PUR_Rprofit_L1 3000 20 54990.684
ACCOUNT PUR_Rprofit_L2 3000 5 68888.9772
ACCOUNT PUR_Rprofit_L2 3000 11 63329.6599
ACCOUNT PUR_Rprofit_L2 3000 20 54990.684
ACCOUNT PUR_N0_F 3000 5 39948.1787
ACCOUNT PUR_N0_F 3000 11 35508.6519
ACCOUNT PUR_N0_F 3000 20 28849.3616
ACCOUNT PUR_N0_L1 3000 5 38690.9812
ACCOUNT PUR_N0_L1 3000 11 34294.9629
ACCOUNT PUR_N0_L1 3000 20 27700.9353
ACCOUNT PUR_N0_L2 3000 5 39948.1787
ACCOUNT PUR_N0_L2 3000 11 35508.6519
ACCOUNT PUR_N0_L2 3000 20 28849.3616
ACCOUNT PUR_N0_R1_F 3000 5 80898.5367
ACCOUNT PUR_N0_R1_F 3000 11 73253.9019
ACCOUNT PUR_N0_R1_F 3000 20 61786.9498
ACCOUNT PUR_N0_R1_L1 3000 5 79636.3392
ACCOUNT PUR_N0_R1_L1 3000 11 72035.2129
ACCOUNT PUR_N0_R1_L1 3000 20 60633.5235
ACCOUNT PUR_N0_R1_L2 3000 5 80898.5367
ACCOUNT PUR_N0_R1_L2 3000 11 73253.9019
ACCOUNT PUR_N0_R1_L2 3000 20 61786.9498
ACCOUNT PUR_N0_R05_F 3000 5 80628.3841
ACCOUNT PUR_N0_R05_F 3000 11 72983.5873
ACCOUNT PUR_N0_R05_F 3000 20 61516.3921
ACCOUNT PUR_N0_R05_L1 3000 5 79366.1865
ACCOUNT PUR_N0_R05_L1 3000 11 71764.8983
ACCOUNT PUR_N0_R05_L1 3000 20 60362.9659
ACCOUNT PUR_N0_R05_L2 3000 5 80628.3841
ACCOUNT PUR_N0_R05_L2 3000 11 72983.5873
ACCOUNT PUR_N0_R05_L2 3000 20 61516.3921
ACCOUNT PUR_N0_Rsmall_F 3000 5 75935.3054
ACCOUNT PUR_N0_Rsmall_F 3000 11 68287.6942
ACCOUNT PUR_N0_Rsmall_F 3000 20 56816.2773
ACCOUNT PUR_N0_Rsmall_L1 3000 5 74673.1078
ACCOUNT PUR_N0_Rsmall_L1 3000 11 67069.0051
ACCOUNT PUR_N0_Rsmall_L1 3000 20 55662.8511
ACCOUNT PUR_N0_Rsmall_L2 3000 5 75935.3054
ACCOUNT PUR_N0_Rsmall_L2 3000 11 68287.6942
ACCOUNT PUR_N0_Rsmall_L2 3000 20 56816.2773
ACCOUNT PUR_N0_Rprofit_F 3000 5 81138.7799
ACCOUNT PUR_N0_Rprofit_F 3000 11 73494.2893
ACCOUNT PUR_N0_Rprofit_F 3000 20 62027.5532
ACCOUNT PUR_N0_Rprofit_L1 3000 5 79876.5824
ACCOUNT PUR_N0_Rprofit_L1 3000 11 72275.6002
ACCOUNT PUR_N0_Rprofit_L1 3000 20 60874.127
ACCOUNT PUR_N0_Rprofit_L2 3000 5 81138.7799
ACCOUNT PUR_N0_Rprofit_L2 3000 11 73494.2893
ACCOUNT PUR_N0_Rprofit_L2 3000 20 62027.5532
ACCOUNT PUR_N2_F 3000 5 39238.9417
ACCOUNT PUR_N2_F 3000 11 34799.8406
ACCOUNT PUR_N2_F 3000 20 28141.1889
ACCOUNT PUR_N2_L1 3000 5 37981.7441
ACCOUNT PUR_N2_L1 3000 11 33586.1515
ACCOUNT PUR_N2_L1 3000 20 26992.7626
ACCOUNT PUR_N2_L2 3000 5 39238.9417
ACCOUNT PUR_N2_L2 3000 11 34799.8406
ACCOUNT PUR_N2_L2 3000 20 28141.1889
ACCOUNT PUR_N2_R1_F 3000 5 80189.2996
ACCOUNT PUR_N2_R1_F 3000 11 72545.0906
ACCOUNT PUR_N2_R1_F 3000 20 61078.7771
ACCOUNT PUR_N2_R1_L1 3000 5 78927.1021
ACCOUNT PUR_N2_R1_L1 3000 11 71326.4016
ACCOUNT PUR_N2_R1_L1 3000 20 59925.3508
ACCOUNT PUR_N2_R1_L2 3000 5 80189.2996
ACCOUNT PUR_N2_R1_L2 3000 11 72545.0906
ACCOUNT PUR_N2_R1_L2 3000 20 61078.7771
ACCOUNT PUR_N2_R05_F 3000 5 79919.147
ACCOUNT PUR_N2_R05_F 3000 11 72274.776
ACCOUNT PUR_N2_R05_F 3000 20 60808.2195
ACCOUNT PUR_N2_R05_L1 3000 5 78656.9495
ACCOUNT PUR_N2_R05_L1 3000 11 71056.087
ACCOUNT PUR_N2_R05_L1 3000 20 59654.7932
ACCOUNT PUR_N2_R05_L2 3000 5 79919.147
ACCOUNT PUR_N2_R05_L2 3000 11 72274.776
ACCOUNT PUR_N2_R05_L2 3000 20 60808.2195
ACCOUNT PUR_N2_Rsmall_F 3000 5 75226.0683
ACCOUNT PUR_N2_Rsmall_F 3000 11 67578.8828
ACCOUNT PUR_N2_Rsmall_F 3000 20 56108.1047
ACCOUNT PUR_N2_Rsmall_L1 3000 5 73963.8708
ACCOUNT PUR_N2_Rsmall_L1 3000 11 66360.1938
ACCOUNT PUR_N2_Rsmall_L1 3000 20 54954.6784
ACCOUNT PUR_N2_Rsmall_L2 3000 5 75226.0683
ACCOUNT PUR_N2_Rsmall_L2 3000 11 67578.8828
ACCOUNT PUR_N2_Rsmall_L2 3000 20 56108.1047
ACCOUNT PUR_N2_Rprofit_F 3000 5 80429.5429
ACCOUNT PUR_N2_Rprofit_F 3000 11 72785.4779
ACCOUNT PUR_N2_Rprofit_F 3000 20 61319.3805
ACCOUNT PUR_N2_Rprofit_L1 3000 5 79167.3453
ACCOUNT PUR_N2_Rprofit_L1 3000 11 71566.7889
ACCOUNT PUR_N2_Rprofit_L1 3000 20 60165.9543
ACCOUNT PUR_N2_Rprofit_L2 3000 5 80429.5429
ACCOUNT PUR_N2_Rprofit_L2 3000 11 72785.4779
ACCOUNT PUR_N2_Rprofit_L2 3000 20 61319.3805
Traceback (most recent call last):
  File "/home/runner/work/daily_stock_analysis/daily_stock_analysis/scripts/research/foxconn_b24.py", line 531, in <module>
    else:run()
         ^^^^^
  File "/home/runner/work/daily_stock_analysis/daily_stock_analysis/scripts/research/foxconn_b24.py", line 343, in run
    analyze(d,bars,schedule,plans,summary,cache)
  File "/home/runner/work/daily_stock_analysis/daily_stock_analysis/scripts/research/foxconn_b24.py", line 450, in analyze
    save('pareto.csv',front);js('focus.json',chosen)
                             ^^^^^^^^^^^^^^^^^^^^^^^
  File "/home/runner/work/daily_stock_analysis/daily_stock_analysis/scripts/research/foxconn_b24.py", line 24, in js
    p.write_text(json.dumps(data,ensure_ascii=False,indent=2,default=str))
                 ^^^^^^^^^^^^^^^^^^^^^^^^^^^^^^^^^^^^^^^^^^^^^^^^^^^^^^^^
  File "/opt/hostedtoolcache/Python/3.11.16/x64/lib/python3.11/json/__init__.py", line 238, in dumps
    **kw).encode(obj)
          ^^^^^^^^^^^
  File "/opt/hostedtoolcache/Python/3.11.16/x64/lib/python3.11/json/encoder.py", line 202, in encode
    chunks = list(chunks)
             ^^^^^^^^^^^^
  File "/opt/hostedtoolcache/Python/3.11.16/x64/lib/python3.11/json/encoder.py", line 432, in _iterencode
    yield from _iterencode_dict(o, _current_indent_level)
  File "/opt/hostedtoolcache/Python/3.11.16/x64/lib/python3.11/json/encoder.py", line 377, in _iterencode_dict
    raise TypeError(f'keys must be str, int, float, bool or None, '
TypeError: keys must be str, int, float, bool or None, not int64
