VERIFIED R1_F_3000_5
VERIFIED R1_F_3000_11
VERIFIED R1_F_3000_20
VERIFIED R1_L1_3000_5
VERIFIED R1_L1_3000_11
VERIFIED R1_L1_3000_20
VERIFIED R1_L2_3000_5
VERIFIED R1_L2_3000_11
VERIFIED R1_L2_3000_20
VERIFIED R05_F_3000_5
VERIFIED R05_F_3000_11
VERIFIED R05_F_3000_20
VERIFIED R05_L1_3000_5
VERIFIED R05_L1_3000_11
VERIFIED R05_L1_3000_20
VERIFIED R05_L2_3000_5
VERIFIED R05_L2_3000_11
VERIFIED R05_L2_3000_20
VERIFIED Rsmall_F_3000_5
VERIFIED Rsmall_F_3000_11
VERIFIED Rsmall_F_3000_20
VERIFIED Rsmall_L1_3000_5
VERIFIED Rsmall_L1_3000_11
VERIFIED Rsmall_L1_3000_20
VERIFIED Rsmall_L2_3000_5
VERIFIED Rsmall_L2_3000_11
VERIFIED Rsmall_L2_3000_20
VERIFIED Rprofit_F_3000_5
VERIFIED Rprofit_F_3000_11
VERIFIED Rprofit_F_3000_20
VERIFIED Rprofit_L1_3000_5
VERIFIED Rprofit_L1_3000_11
VERIFIED Rprofit_L1_3000_20
VERIFIED Rprofit_L2_3000_5
VERIFIED Rprofit_L2_3000_11
VERIFIED Rprofit_L2_3000_20
VERIFIED N0_F_3000_5
VERIFIED N0_F_3000_11
VERIFIED N0_F_3000_20
VERIFIED N0_L1_3000_5
VERIFIED N0_L1_3000_11
VERIFIED N0_L1_3000_20
VERIFIED N0_L2_3000_5
VERIFIED N0_L2_3000_11
VERIFIED N0_L2_3000_20
VERIFIED N0_R1_F_3000_5
VERIFIED N0_R1_F_3000_11
VERIFIED N0_R1_F_3000_20
VERIFIED N0_R1_L1_3000_5
VERIFIED N0_R1_L1_3000_11
VERIFIED N0_R1_L1_3000_20
VERIFIED N0_R1_L2_3000_5
VERIFIED N0_R1_L2_3000_11
VERIFIED N0_R1_L2_3000_20
VERIFIED N0_R05_F_3000_5
VERIFIED N0_R05_F_3000_11
VERIFIED N0_R05_F_3000_20
VERIFIED N0_R05_L1_3000_5
VERIFIED N0_R05_L1_3000_11
VERIFIED N0_R05_L1_3000_20
VERIFIED N0_R05_L2_3000_5
VERIFIED N0_R05_L2_3000_11
VERIFIED N0_R05_L2_3000_20
VERIFIED N0_Rsmall_F_3000_5
VERIFIED N0_Rsmall_F_3000_11
VERIFIED N0_Rsmall_F_3000_20
VERIFIED N0_Rsmall_L1_3000_5
VERIFIED N0_Rsmall_L1_3000_11
VERIFIED N0_Rsmall_L1_3000_20
VERIFIED N0_Rsmall_L2_3000_5
VERIFIED N0_Rsmall_L2_3000_11
VERIFIED N0_Rsmall_L2_3000_20
VERIFIED N0_Rprofit_F_3000_5
VERIFIED N0_Rprofit_F_3000_11
VERIFIED N0_Rprofit_F_3000_20
VERIFIED N0_Rprofit_L1_3000_5
VERIFIED N0_Rprofit_L1_3000_11
VERIFIED N0_Rprofit_L1_3000_20
VERIFIED N0_Rprofit_L2_3000_5
VERIFIED N0_Rprofit_L2_3000_11
VERIFIED N0_Rprofit_L2_3000_20
VERIFIED N2_F_3000_5
VERIFIED N2_F_3000_11
VERIFIED N2_F_3000_20
VERIFIED N2_L1_3000_5
VERIFIED N2_L1_3000_11
VERIFIED N2_L1_3000_20
VERIFIED N2_L2_3000_5
VERIFIED N2_L2_3000_11
VERIFIED N2_L2_3000_20
VERIFIED N2_R1_F_3000_5
VERIFIED N2_R1_F_3000_11
VERIFIED N2_R1_F_3000_20
VERIFIED N2_R1_L1_3000_5
VERIFIED N2_R1_L1_3000_11
VERIFIED N2_R1_L1_3000_20
VERIFIED N2_R1_L2_3000_5
VERIFIED N2_R1_L2_3000_11
VERIFIED N2_R1_L2_3000_20
VERIFIED N2_R05_F_3000_5
VERIFIED N2_R05_F_3000_11
VERIFIED N2_R05_F_3000_20
VERIFIED N2_R05_L1_3000_5
VERIFIED N2_R05_L1_3000_11
VERIFIED N2_R05_L1_3000_20
VERIFIED N2_R05_L2_3000_5
VERIFIED N2_R05_L2_3000_11
VERIFIED N2_R05_L2_3000_20
VERIFIED N2_Rsmall_F_3000_5
VERIFIED N2_Rsmall_F_3000_11
VERIFIED N2_Rsmall_F_3000_20
VERIFIED N2_Rsmall_L1_3000_5
VERIFIED N2_Rsmall_L1_3000_11
VERIFIED N2_Rsmall_L1_3000_20
VERIFIED N2_Rsmall_L2_3000_5
VERIFIED N2_Rsmall_L2_3000_11
VERIFIED N2_Rsmall_L2_3000_20
VERIFIED N2_Rprofit_F_3000_5
VERIFIED N2_Rprofit_F_3000_11
VERIFIED N2_Rprofit_F_3000_20
VERIFIED N2_Rprofit_L1_3000_5
VERIFIED N2_Rprofit_L1_3000_11
VERIFIED N2_Rprofit_L1_3000_20
VERIFIED N2_Rprofit_L2_3000_5
VERIFIED N2_Rprofit_L2_3000_11
VERIFIED N2_Rprofit_L2_3000_20
VERIFIED Pall_F_3000_5
VERIFIED Pall_F_3000_11
VERIFIED Pall_F_3000_20
VERIFIED Pall_L1_3000_5
VERIFIED Pall_L1_3000_11
VERIFIED Pall_L1_3000_20
VERIFIED Pall_L2_3000_5
VERIFIED Pall_L2_3000_11
VERIFIED Pall_L2_3000_20
VERIFIED Pall_R1_F_3000_5
VERIFIED Pall_R1_F_3000_11
VERIFIED Pall_R1_F_3000_20
VERIFIED Pall_R1_L1_3000_5
VERIFIED Pall_R1_L1_3000_11
VERIFIED Pall_R1_L1_3000_20
VERIFIED Pall_R1_L2_3000_5
VERIFIED Pall_R1_L2_3000_11
VERIFIED Pall_R1_L2_3000_20
VERIFIED Pall_R05_F_3000_5
VERIFIED Pall_R05_F_3000_11
VERIFIED Pall_R05_F_3000_20
VERIFIED Pall_R05_L1_3000_5
VERIFIED Pall_R05_L1_3000_11
VERIFIED Pall_R05_L1_3000_20
VERIFIED Pall_R05_L2_3000_5
VERIFIED Pall_R05_L2_3000_11
VERIFIED Pall_R05_L2_3000_20
VERIFIED Pall_Rsmall_F_3000_5
VERIFIED Pall_Rsmall_F_3000_11
VERIFIED Pall_Rsmall_F_3000_20
VERIFIED Pall_Rsmall_L1_3000_5
VERIFIED Pall_Rsmall_L1_3000_11
VERIFIED Pall_Rsmall_L1_3000_20
VERIFIED Pall_Rsmall_L2_3000_5
VERIFIED Pall_Rsmall_L2_3000_11
VERIFIED Pall_Rsmall_L2_3000_20
VERIFIED Pall_Rprofit_F_3000_5
VERIFIED Pall_Rprofit_F_3000_11
VERIFIED Pall_Rprofit_F_3000_20
VERIFIED Pall_Rprofit_L1_3000_5
VERIFIED Pall_Rprofit_L1_3000_11
VERIFIED Pall_Rprofit_L1_3000_20
VERIFIED Pall_Rprofit_L2_3000_5
VERIFIED Pall_Rprofit_L2_3000_11
VERIFIED Pall_Rprofit_L2_3000_20
VERIFIED Pall_N0_F_3000_5
VERIFIED Pall_N0_F_3000_11
VERIFIED Pall_N0_F_3000_20
VERIFIED Pall_N0_L1_3000_5
VERIFIED Pall_N0_L1_3000_11
VERIFIED Pall_N0_L1_3000_20
VERIFIED Pall_N0_L2_3000_5
VERIFIED Pall_N0_L2_3000_11
VERIFIED Pall_N0_L2_3000_20
VERIFIED Pall_N0_R1_F_3000_5
VERIFIED Pall_N0_R1_F_3000_11
VERIFIED Pall_N0_R1_F_3000_20
VERIFIED Pall_N0_R1_L1_3000_5
VERIFIED Pall_N0_R1_L1_3000_11
VERIFIED Pall_N0_R1_L1_3000_20
VERIFIED Pall_N0_R1_L2_3000_5
VERIFIED Pall_N0_R1_L2_3000_11
VERIFIED Pall_N0_R1_L2_3000_20
VERIFIED Pall_N0_R05_F_3000_5
VERIFIED Pall_N0_R05_F_3000_11
VERIFIED Pall_N0_R05_F_3000_20
VERIFIED Pall_N0_R05_L1_3000_5
VERIFIED Pall_N0_R05_L1_3000_11
VERIFIED Pall_N0_R05_L1_3000_20
VERIFIED Pall_N0_R05_L2_3000_5
VERIFIED Pall_N0_R05_L2_3000_11
VERIFIED Pall_N0_R05_L2_3000_20
VERIFIED Pall_N0_Rsmall_F_3000_5
VERIFIED Pall_N0_Rsmall_F_3000_11
VERIFIED Pall_N0_Rsmall_F_3000_20
VERIFIED Pall_N0_Rsmall_L1_3000_5
VERIFIED Pall_N0_Rsmall_L1_3000_11
VERIFIED Pall_N0_Rsmall_L1_3000_20
VERIFIED Pall_N0_Rsmall_L2_3000_5
VERIFIED Pall_N0_Rsmall_L2_3000_11
VERIFIED Pall_N0_Rsmall_L2_3000_20
VERIFIED Pall_N0_Rprofit_F_3000_5
VERIFIED Pall_N0_Rprofit_F_3000_11
VERIFIED Pall_N0_Rprofit_F_3000_20
VERIFIED Pall_N0_Rprofit_L1_3000_5
VERIFIED Pall_N0_Rprofit_L1_3000_11
VERIFIED Pall_N0_Rprofit_L1_3000_20
VERIFIED Pall_N0_Rprofit_L2_3000_5
VERIFIED Pall_N0_Rprofit_L2_3000_11
VERIFIED Pall_N0_Rprofit_L2_3000_20
VERIFIED Pall_N2_F_3000_5
VERIFIED Pall_N2_F_3000_11
VERIFIED Pall_N2_F_3000_20
VERIFIED Pall_N2_L1_3000_5
VERIFIED Pall_N2_L1_3000_11
VERIFIED Pall_N2_L1_3000_20
VERIFIED Pall_N2_L2_3000_5
VERIFIED Pall_N2_L2_3000_11
VERIFIED Pall_N2_L2_3000_20
VERIFIED Pall_N2_R1_F_3000_5
VERIFIED Pall_N2_R1_F_3000_11
VERIFIED Pall_N2_R1_F_3000_20
VERIFIED Pall_N2_R1_L1_3000_5
VERIFIED Pall_N2_R1_L1_3000_11
VERIFIED Pall_N2_R1_L1_3000_20
VERIFIED Pall_N2_R1_L2_3000_5
VERIFIED Pall_N2_R1_L2_3000_11
VERIFIED Pall_N2_R1_L2_3000_20
VERIFIED Pall_N2_R05_F_3000_5
VERIFIED Pall_N2_R05_F_3000_11
VERIFIED Pall_N2_R05_F_3000_20
VERIFIED Pall_N2_R05_L1_3000_5
VERIFIED Pall_N2_R05_L1_3000_11
VERIFIED Pall_N2_R05_L1_3000_20
VERIFIED Pall_N2_R05_L2_3000_5
VERIFIED Pall_N2_R05_L2_3000_11
VERIFIED Pall_N2_R05_L2_3000_20
VERIFIED Pall_N2_Rsmall_F_3000_5
VERIFIED Pall_N2_Rsmall_F_3000_11
VERIFIED Pall_N2_Rsmall_F_3000_20
VERIFIED Pall_N2_Rsmall_L1_3000_5
VERIFIED Pall_N2_Rsmall_L1_3000_11
VERIFIED Pall_N2_Rsmall_L1_3000_20
VERIFIED Pall_N2_Rsmall_L2_3000_5
VERIFIED Pall_N2_Rsmall_L2_3000_11
VERIFIED Pall_N2_Rsmall_L2_3000_20
VERIFIED Pall_N2_Rprofit_F_3000_5
VERIFIED Pall_N2_Rprofit_F_3000_11
VERIFIED Pall_N2_Rprofit_F_3000_20
VERIFIED Pall_N2_Rprofit_L1_3000_5
VERIFIED Pall_N2_Rprofit_L1_3000_11
VERIFIED Pall_N2_Rprofit_L1_3000_20
VERIFIED Pall_N2_Rprofit_L2_3000_5
VERIFIED Pall_N2_Rprofit_L2_3000_11
VERIFIED Pall_N2_Rprofit_L2_3000_20
VERIFIED PUR_F_3000_5
VERIFIED PUR_F_3000_11
VERIFIED PUR_F_3000_20
VERIFIED PUR_L1_3000_5
VERIFIED PUR_L1_3000_11
VERIFIED PUR_L1_3000_20
VERIFIED PUR_L2_3000_5
VERIFIED PUR_L2_3000_11
VERIFIED PUR_L2_3000_20
VERIFIED PUR_R1_F_3000_5
VERIFIED PUR_R1_F_3000_11
VERIFIED PUR_R1_F_3000_20
VERIFIED PUR_R1_L1_3000_5
VERIFIED PUR_R1_L1_3000_11
VERIFIED PUR_R1_L1_3000_20
VERIFIED PUR_R1_L2_3000_5
VERIFIED PUR_R1_L2_3000_11
VERIFIED PUR_R1_L2_3000_20
VERIFIED PUR_R05_F_3000_5
VERIFIED PUR_R05_F_3000_11
VERIFIED PUR_R05_F_3000_20
VERIFIED PUR_R05_L1_3000_5
VERIFIED PUR_R05_L1_3000_11
VERIFIED PUR_R05_L1_3000_20
VERIFIED PUR_R05_L2_3000_5
VERIFIED PUR_R05_L2_3000_11
VERIFIED PUR_R05_L2_3000_20
VERIFIED PUR_Rsmall_F_3000_5
VERIFIED PUR_Rsmall_F_3000_11
VERIFIED PUR_Rsmall_F_3000_20
VERIFIED PUR_Rsmall_L1_3000_5
VERIFIED PUR_Rsmall_L1_3000_11
VERIFIED PUR_Rsmall_L1_3000_20
VERIFIED PUR_Rsmall_L2_3000_5
VERIFIED PUR_Rsmall_L2_3000_11
VERIFIED PUR_Rsmall_L2_3000_20
VERIFIED PUR_Rprofit_F_3000_5
VERIFIED PUR_Rprofit_F_3000_11
VERIFIED PUR_Rprofit_F_3000_20
VERIFIED PUR_Rprofit_L1_3000_5
VERIFIED PUR_Rprofit_L1_3000_11
VERIFIED PUR_Rprofit_L1_3000_20
VERIFIED PUR_Rprofit_L2_3000_5
VERIFIED PUR_Rprofit_L2_3000_11
VERIFIED PUR_Rprofit_L2_3000_20
VERIFIED PUR_N0_F_3000_5
VERIFIED PUR_N0_F_3000_11
VERIFIED PUR_N0_F_3000_20
VERIFIED PUR_N0_L1_3000_5
VERIFIED PUR_N0_L1_3000_11
VERIFIED PUR_N0_L1_3000_20
VERIFIED PUR_N0_L2_3000_5
VERIFIED PUR_N0_L2_3000_11
VERIFIED PUR_N0_L2_3000_20
VERIFIED PUR_N0_R1_F_3000_5
VERIFIED PUR_N0_R1_F_3000_11
VERIFIED PUR_N0_R1_F_3000_20
VERIFIED PUR_N0_R1_L1_3000_5
VERIFIED PUR_N0_R1_L1_3000_11
VERIFIED PUR_N0_R1_L1_3000_20
VERIFIED PUR_N0_R1_L2_3000_5
VERIFIED PUR_N0_R1_L2_3000_11
